Component: ARM Compiler 5.06 update 4 (build 422) Tool: armlink [4d35d2]

==============================================================================

Section Cross References

    main.o(i.OnRxDone) refers to memcpya.o(.text) for __aeabi_memcpy
    main.o(i.OnRxDone) refers to printf5.o(i.__0printf$5) for __2printf
    main.o(i.OnRxDone) refers to sx1276-board.o(.constdata) for Radio
    main.o(i.OnRxDone) refers to main.o(.data) for BufferSize
    main.o(i.OnRxDone) refers to main.o(.bss) for Buffer
    main.o(i.OnRxError) refers to printf5.o(i.__0printf$5) for __2printf
    main.o(i.OnRxError) refers to sx1276-board.o(.constdata) for Radio
    main.o(i.OnRxError) refers to main.o(.data) for State
    main.o(i.OnRxTimeout) refers to printf5.o(i.__0printf$5) for __2printf
    main.o(i.OnRxTimeout) refers to sx1276-board.o(.constdata) for Radio
    main.o(i.OnRxTimeout) refers to main.o(.data) for State
    main.o(i.OnTxDone) refers to printf5.o(i.__0printf$5) for __2printf
    main.o(i.OnTxDone) refers to sx1276-board.o(.constdata) for Radio
    main.o(i.OnTxDone) refers to main.o(.data) for State
    main.o(i.OnTxTimeout) refers to printf5.o(i.__0printf$5) for __2printf
    main.o(i.OnTxTimeout) refers to sx1276-board.o(.constdata) for Radio
    main.o(i.OnTxTimeout) refers to main.o(.data) for State
    main.o(i.main) refers to board.o(i.BoardInitMcu) for BoardInitMcu
    main.o(i.main) refers to printf5.o(i.__0printf$5) for __2printf
    main.o(i.main) refers to delay.o(i.DelayMs) for DelayMs
    main.o(i.main) refers to main.o(i.OnTxDone) for OnTxDone
    main.o(i.main) refers to main.o(.bss) for RadioEvents
    main.o(i.main) refers to main.o(i.OnRxDone) for OnRxDone
    main.o(i.main) refers to main.o(i.OnTxTimeout) for OnTxTimeout
    main.o(i.main) refers to main.o(i.OnRxTimeout) for OnRxTimeout
    main.o(i.main) refers to main.o(i.OnRxError) for OnRxError
    main.o(i.main) refers to sx1276-board.o(.constdata) for Radio
    main.o(i.main) refers to main.o(.data) for txBuf
    adc-board.o(i.AdcMcuConfig) refers to stm32l1xx_hal_adc.o(i.HAL_ADC_Init) for HAL_ADC_Init
    adc-board.o(i.AdcMcuConfig) refers to adc-board.o(.bss) for AdcHandle
    adc-board.o(i.AdcMcuInit) refers to stm32l1xx_hal_adc.o(i.HAL_ADC_DeInit) for HAL_ADC_DeInit
    adc-board.o(i.AdcMcuInit) refers to gpio.o(i.GpioInit) for GpioInit
    adc-board.o(i.AdcMcuInit) refers to adc-board.o(.bss) for AdcHandle
    adc-board.o(i.AdcMcuReadChannel) refers to stm32l1xx_hal_adc.o(i.HAL_ADC_ConfigChannel) for HAL_ADC_ConfigChannel
    adc-board.o(i.AdcMcuReadChannel) refers to stm32l1xx_hal_adc.o(i.HAL_ADC_Start) for HAL_ADC_Start
    adc-board.o(i.AdcMcuReadChannel) refers to stm32l1xx_hal_adc.o(i.HAL_ADC_PollForConversion) for HAL_ADC_PollForConversion
    adc-board.o(i.AdcMcuReadChannel) refers to stm32l1xx_hal_adc.o(i.HAL_ADC_GetValue) for HAL_ADC_GetValue
    adc-board.o(i.AdcMcuReadChannel) refers to stm32l1xx_hal_adc.o(i.HAL_ADC_DeInit) for HAL_ADC_DeInit
    adc-board.o(i.AdcMcuReadChannel) refers to adc-board.o(.bss) for AdcHandle
    board.o(i.BoardBatteryMeasureVolage) refers to adc.o(i.AdcReadChannel) for AdcReadChannel
    board.o(i.BoardBatteryMeasureVolage) refers to ffltui.o(.text) for __aeabi_ui2f
    board.o(i.BoardBatteryMeasureVolage) refers to fmul.o(.text) for __aeabi_fmul
    board.o(i.BoardBatteryMeasureVolage) refers to fdiv.o(.text) for __aeabi_fdiv
    board.o(i.BoardBatteryMeasureVolage) refers to ffixui.o(.text) for __aeabi_f2uiz
    board.o(i.BoardBatteryMeasureVolage) refers to board.o(.bss) for Adc
    board.o(i.BoardDeInitMcu) refers to adc.o(i.AdcDeInit) for AdcDeInit
    board.o(i.BoardDeInitMcu) refers to spi-board.o(i.SpiDeInit) for SpiDeInit
    board.o(i.BoardDeInitMcu) refers to sx1276-board.o(i.SX1276IoDeInit) for SX1276IoDeInit
    board.o(i.BoardDeInitMcu) refers to board.o(.bss) for Adc
    board.o(i.BoardDeInitMcu) refers to sx1276.o(.bss) for SX1276
    board.o(i.BoardDisableIrq) refers to board.o(.data) for IrqNestLevel
    board.o(i.BoardEnableIrq) refers to board.o(.data) for IrqNestLevel
    board.o(i.BoardGetBatteryLevel) refers to board.o(i.BoardBatteryMeasureVolage) for BoardBatteryMeasureVolage
    board.o(i.BoardGetBatteryLevel) refers to board.o(i.GetBoardPowerSource) for GetBoardPowerSource
    board.o(i.BoardGetBatteryLevel) refers to board.o(.data) for BatteryVoltage
    board.o(i.BoardGetBatteryVoltage) refers to board.o(.data) for BatteryVoltage
    board.o(i.BoardInitMcu) refers to stm32l1xx_hal.o(i.HAL_Init) for HAL_Init
    board.o(i.BoardInitMcu) refers to board.o(i.SystemClockConfig) for SystemClockConfig
    board.o(i.BoardInitMcu) refers to uart.o(i.UartInit) for UartInit
    board.o(i.BoardInitMcu) refers to uart.o(i.UartConfig) for UartConfig
    board.o(i.BoardInitMcu) refers to delay.o(i.DelayMs) for DelayMs
    board.o(i.BoardInitMcu) refers to rtc-board.o(i.RtcInit) for RtcInit
[...]
    _printf_lld                              0x00000000   Number         0  stubs.o ABSOLUTE
    _printf_lli                              0x00000000   Number         0  stubs.o ABSOLUTE
    _printf_llo                              0x00000000   Number         0  stubs.o ABSOLUTE
    _printf_llu                              0x00000000   Number         0  stubs.o ABSOLUTE
    _printf_llx                              0x00000000   Number         0  stubs.o ABSOLUTE
    _printf_longlong_dec                     0x00000000   Number         0  stubs.o ABSOLUTE
    _printf_longlong_hex                     0x00000000   Number         0  stubs.o ABSOLUTE
    _printf_longlong_oct                     0x00000000   Number         0  stubs.o ABSOLUTE
    _printf_ls                               0x00000000   Number         0  stubs.o ABSOLUTE
    _printf_mbtowc                           0x00000000   Number         0  stubs.o ABSOLUTE
    _printf_n                                0x00000000   Number         0  stubs.o ABSOLUTE
    _printf_o                                0x00000000   Number         0  stubs.o ABSOLUTE
    _printf_p                                0x00000000   Number         0  stubs.o ABSOLUTE
    _printf_percent                          0x00000000   Number         0  stubs.o ABSOLUTE
    _printf_pre_padding                      0x00000000   Number         0  stubs.o ABSOLUTE
    _printf_return_value                     0x00000000   Number         0  stubs.o ABSOLUTE
    _printf_s                                0x00000000   Number         0  stubs.o ABSOLUTE
    _printf_sizespec                         0x00000000   Number         0  stubs.o ABSOLUTE
    _printf_str                              0x00000000   Number         0  stubs.o ABSOLUTE
    _printf_truncate_signed                  0x00000000   Number         0  stubs.o ABSOLUTE
    _printf_truncate_unsigned                0x00000000   Number         0  stubs.o ABSOLUTE
    _printf_u                                0x00000000   Number         0  stubs.o ABSOLUTE
    _printf_wc                               0x00000000   Number         0  stubs.o ABSOLUTE
    _printf_wctomb                           0x00000000   Number         0  stubs.o ABSOLUTE
    _printf_widthprec                        0x00000000   Number         0  stubs.o ABSOLUTE
    _printf_x                                0x00000000   Number         0  stubs.o ABSOLUTE
    __cpp_initialize__aeabi_                  - Undefined Weak Reference
    __cxa_finalize                            - Undefined Weak Reference
    _clock_init                               - Undefined Weak Reference
    _microlib_exit                            - Undefined Weak Reference
    __Vectors_Size                           0x000000f4   Number         0  startup_stm32l151xb.o ABSOLUTE
    __Vectors                                0x08000000   Data           4  startup_stm32l151xb.o(RESET)
    __Vectors_End                            0x080000f4   Data           0  startup_stm32l151xb.o(RESET)
    __main                                   0x080000f5   Thumb Code     0  entry.o(.ARM.Collect$$$$00000000)
    _main_stk                                0x080000f5   Thumb Code     0  entry2.o(.ARM.Collect$$$$00000001)
    _main_scatterload                        0x080000f9   Thumb Code     0  entry5.o(.ARM.Collect$$$$00000004)
    __main_after_scatterload                 0x080000fd   Thumb Code     0  entry5.o(.ARM.Collect$$$$00000004)
    _main_clock                              0x080000fd   Thumb Code     0  entry7b.o(.ARM.Collect$$$$00000008)
    _main_cpp_init                           0x080000fd   Thumb Code     0  entry8b.o(.ARM.Collect$$$$0000000A)
    _main_init                               0x080000fd   Thumb Code     0  entry9a.o(.ARM.Collect$$$$0000000B)
    __rt_final_cpp                           0x08000105   Thumb Code     0  entry10a.o(.ARM.Collect$$$$0000000D)
    __rt_final_exit                          0x08000105   Thumb Code     0  entry11a.o(.ARM.Collect$$$$0000000F)
    Reset_Handler                            0x08000109   Thumb Code     8  startup_stm32l151xb.o(.text)
    HardFault_Handler                        0x08000113   Thumb Code     2  startup_stm32l151xb.o(.text)
    SVC_Handler                              0x0800011b   Thumb Code     2  startup_stm32l151xb.o(.text)
    PendSV_Handler                           0x0800011f   Thumb Code     2  startup_stm32l151xb.o(.text)
    ADC1_IRQHandler                          0x08000123   Thumb Code     0  startup_stm32l151xb.o(.text)
    COMP_IRQHandler                          0x08000123   Thumb Code     0  startup_stm32l151xb.o(.text)
    DAC_IRQHandler                           0x08000123   Thumb Code     0  startup_stm32l151xb.o(.text)
    DMA1_Channel1_IRQHandler                 0x08000123   Thumb Code     0  startup_stm32l151xb.o(.text)
    DMA1_Channel2_IRQHandler                 0x08000123   Thumb Code     0  startup_stm32l151xb.o(.text)
    DMA1_Channel3_IRQHandler                 0x08000123   Thumb Code     0  startup_stm32l151xb.o(.text)
    DMA1_Channel4_IRQHandler                 0x08000123   Thumb Code     0  startup_stm32l151xb.o(.text)
    DMA1_Channel5_IRQHandler                 0x08000123   Thumb Code     0  startup_stm32l151xb.o(.text)
    DMA1_Channel6_IRQHandler                 0x08000123   Thumb Code     0  startup_stm32l151xb.o(.text)
    DMA1_Channel7_IRQHandler                 0x08000123   Thumb Code     0  startup_stm32l151xb.o(.text)
    FLASH_IRQHandler                         0x08000123   Thumb Code     0  startup_stm32l151xb.o(.text)
    I2C1_ER_IRQHandler                       0x08000123   Thumb Code     0  startup_stm32l151xb.o(.text)
    I2C1_EV_IRQHandler                       0x08000123   Thumb Code     0  startup_stm32l151xb.o(.text)
    I2C2_ER_IRQHandler                       0x08000123   Thumb Code     0  startup_stm32l151xb.o(.text)
    I2C2_EV_IRQHandler                       0x08000123   Thumb Code     0  startup_stm32l151xb.o(.text)
    PVD_IRQHandler                           0x08000123   Thumb Code     0  startup_stm32l151xb.o(.text)
    RCC_IRQHandler                           0x08000123   Thumb Code     0  startup_stm32l151xb.o(.text)
    RTC_WKUP_IRQHandler                      0x08000123   Thumb Code     0  startup_stm32l151xb.o(.text)
    SPI1_IRQHandler                          0x08000123   Thumb Code     0  startup_stm32l151xb.o(.text)
    SPI2_IRQHandler                          0x08000123   Thumb Code     0  startup_stm32l151xb.o(.text)
    TAMPER_STAMP_IRQHandler                  0x08000123   Thumb Code     0  startup_stm32l151xb.o(.text)
    TIM10_IRQHandler                         0x08000123   Thumb Code     0  startup_stm32l151xb.o(.text)
    TIM11_IRQHandler                         0x08000123   Thumb Code     0  startup_stm32l151xb.o(.text)
    TIM2_IRQHandler                          0x08000123   Thumb Code     0  startup_stm32l151xb.o(.text)
    TIM3_IRQHandler                          0x08000123   Thumb Code     0  startup_stm32l151xb.o(.text)
    TIM4_IRQHandler                          0x08000123   Thumb Code     0  startup_stm32l151xb.o(.text)
    TIM6_IRQHandler                          0x08000123   Thumb Code     0  startup_stm32l151xb.o(.text)
    TIM7_IRQHandler                          0x08000123   Thumb Code     0  startup_stm32l151xb.o(.text)
    TIM9_IRQHandler                          0x08000123   Thumb Code     0  startup_stm32l151xb.o(.text)
    USART2_IRQHandler                        0x08000123   Thumb Code     0  startup_stm32l151xb.o(.text)
    USART3_IRQHandler                        0x08000123   Thumb Code     0  startup_stm32l151xb.o(.text)
    USB_FS_WKUP_IRQHandler                   0x08000123   Thumb Code     0  startup_stm32l151xb.o(.text)
    USB_HP_IRQHandler                        0x08000123   Thumb Code     0  startup_stm32l151xb.o(.text)
    WWDG_IRQHandler                          0x08000123   Thumb Code     0  startup_stm32l151xb.o(.text)
    __aeabi_memcpy                           0x0800012d   Thumb Code    36  memcpya.o(.text)
    __aeabi_memcpy4                          0x0800012d   Thumb Code     0  memcpya.o(.text)
    __aeabi_memcpy8                          0x0800012d   Thumb Code     0  memcpya.o(.text)
    __aeabi_memset                           0x08000151   Thumb Code    14  memseta.o(.text)
    __aeabi_memset4                          0x08000151   Thumb Code     0  memseta.o(.text)
    __aeabi_memset8                          0x08000151   Thumb Code     0  memseta.o(.text)
    __aeabi_memclr                           0x0800015f   Thumb Code     4  memseta.o(.text)
    __aeabi_memclr4                          0x0800015f   Thumb Code     0  memseta.o(.text)
    __aeabi_memclr8                          0x0800015f   Thumb Code     0  memseta.o(.text)
    _memset$wrapper                          0x08000163   Thumb Code    18  memseta.o(.text)
    __aeabi_dadd                             0x08000175   Thumb Code   322  dadd.o(.text)
    __aeabi_dsub                             0x080002b7   Thumb Code     6  dadd.o(.text)
    __aeabi_drsub                            0x080002bd   Thumb Code     6  dadd.o(.text)
    __aeabi_dmul                             0x080002c3   Thumb Code   228  dmul.o(.text)
    __aeabi_ddiv                             0x080003a7   Thumb Code   222  ddiv.o(.text)
    __aeabi_i2d                              0x08000485   Thumb Code    34  dflti.o(.text)
    __aeabi_ui2d                             0x080004a7   Thumb Code    26  dfltui.o(.text)
    __aeabi_d2iz                             0x080004c1   Thumb Code    62  dfixi.o(.text)
    __aeabi_d2uiz                            0x080004ff   Thumb Code    50  dfixui.o(.text)
    __aeabi_cdcmpeq                          0x08000531   Thumb Code     0  cdcmple.o(.text)
    __aeabi_cdcmple                          0x08000531   Thumb Code    48  cdcmple.o(.text)
    __aeabi_cdrcmple                         0x08000561   Thumb Code    48  cdrcmple.o(.text)
    __aeabi_uldivmod                         0x08000591   Thumb Code    98  uldiv.o(.text)
    __aeabi_llsl                             0x080005f3   Thumb Code    30  llshl.o(.text)
    _ll_shift_l                              0x080005f3   Thumb Code     0  llshl.o(.text)
    __aeabi_llsr                             0x08000611   Thumb Code    32  llushr.o(.text)
    _ll_ushift_r                             0x08000611   Thumb Code     0  llushr.o(.text)
    __aeabi_lasr                             0x08000631   Thumb Code    36  llsshr.o(.text)
    _ll_sshift_r                             0x08000631   Thumb Code     0  llsshr.o(.text)
    __I$use$fp                               0x08000655   Thumb Code     0  iusefp.o(.text)
    _double_round                            0x08000655   Thumb Code    30  depilogue.o(.text)
    _double_epilogue                         0x08000673   Thumb Code   156  depilogue.o(.text)
    _drnd                                    0x08000711   Thumb Code   132  drnd.o(.text)
    __scatterload                            0x08000799   Thumb Code    28  init.o(.text)
    __scatterload_rt2                        0x08000799   Thumb Code     0  init.o(.text)
    __decompress                             0x080007bd   Thumb Code     0  __dczerorl2.o(.text)
    __decompress1                            0x080007bd   Thumb Code    86  __dczerorl2.o(.text)
    ADC_ConversionStop_Disable               0x08000813   Thumb Code    82  stm32l1xx_hal_adc.o(i.ADC_ConversionStop_Disable)
    AdcDeInit                                0x08000865   Thumb Code     8  adc.o(i.AdcDeInit)
    AdcInit                                  0x08000871   Thumb Code    32  adc.o(i.AdcInit)
    AdcMcuConfig                             0x08000895   Thumb Code    48  adc-board.o(i.AdcMcuConfig)
    AdcMcuInit                               0x080008c9   Thumb Code    70  adc-board.o(i.AdcMcuInit)
    BlockLowPowerDuringTask                  0x0800091d   Thumb Code    18  rtc-board.o(i.BlockLowPowerDuringTask)
    BoardDeInitMcu                           0x08000935   Thumb Code    20  board.o(i.BoardDeInitMcu)
    BoardDisableIrq                          0x08000951   Thumb Code    14  board.o(i.BoardDisableIrq)
    BoardEnableIrq                           0x08000965   Thumb Code    20  board.o(i.BoardEnableIrq)
    BoardInitMcu                             0x0800097d   Thumb Code   198  board.o(i.BoardInitMcu)
    BusFault_Handler                         0x08000a65   Thumb Code     4  sysirqhandlers.o(i.BusFault_Handler)
    CDC_Set_Uart_Obj                         0x08000b9d   Thumb Code    24  usbd_cdc_if.o(i.CDC_Set_Uart_Obj)
    CDC_Transmit_FS                          0x08000bbd   Thumb Code    86  usbd_cdc_if.o(i.CDC_Transmit_FS)
    DebugMon_Handler                         0x08000c55   Thumb Code     2  sysirqhandlers.o(i.DebugMon_Handler)
    DelayMs                                  0x08000c57   Thumb Code    12  delay.o(i.DelayMs)
    EXTI0_IRQHandler                         0x08000c63   Thumb Code    14  gpio-board.o(i.EXTI0_IRQHandler)
    EXTI15_10_IRQHandler                     0x08000c71   Thumb Code    56  gpio-board.o(i.EXTI15_10_IRQHandler)
    EXTI1_IRQHandler                         0x08000ca9   Thumb Code    14  gpio-board.o(i.EXTI1_IRQHandler)
    EXTI2_IRQHandler                         0x08000cb7   Thumb Code    14  gpio-board.o(i.EXTI2_IRQHandler)
    EXTI3_IRQHandler                         0x08000cc5   Thumb Code    14  gpio-board.o(i.EXTI3_IRQHandler)
    EXTI4_IRQHandler                         0x08000cd3   Thumb Code    14  gpio-board.o(i.EXTI4_IRQHandler)
    EXTI9_5_IRQHandler                       0x08000ce1   Thumb Code    42  gpio-board.o(i.EXTI9_5_IRQHandler)
    FifoInit                                 0x08000d0b   Thumb Code    12  fifo.o(i.FifoInit)
    FifoPop                                  0x08000d2b   Thumb Code    30  fifo.o(i.FifoPop)
    FifoPush                                 0x08000d49   Thumb Code    24  fifo.o(i.FifoPush)
    GetBoardPowerSource                      0x08000d61   Thumb Code    18  board.o(i.GetBoardPowerSource)
    GpioInit                                 0x08000db1   Thumb Code    44  gpio.o(i.GpioInit)
    GpioMcuInit                              0x08000ddd   Thumb Code   336  gpio-board.o(i.GpioMcuInit)
    GpioMcuRead                              0x08000f45   Thumb Code    30  gpio-board.o(i.GpioMcuRead)
    GpioMcuSetInterrupt                      0x08000f65   Thumb Code   310  gpio-board.o(i.GpioMcuSetInterrupt)
    GpioMcuWrite                             0x080010ad   Thumb Code    38  gpio-board.o(i.GpioMcuWrite)
    GpioRead                                 0x080010d3   Thumb Code    28  gpio.o(i.GpioRead)
    GpioSetInterrupt                         0x080010ef   Thumb Code    40  gpio.o(i.GpioSetInterrupt)
    GpioWrite                                0x08001117   Thumb Code    28  gpio.o(i.GpioWrite)
    HAL_ADC_DeInit                           0x08001135   Thumb Code   284  stm32l1xx_hal_adc.o(i.HAL_ADC_DeInit)
    HAL_ADC_Init                             0x08001261   Thumb Code   440  stm32l1xx_hal_adc.o(i.HAL_ADC_Init)
    HAL_ADC_MspDeInit                        0x0800142d   Thumb Code     2  stm32l1xx_hal_adc.o(i.HAL_ADC_MspDeInit)
    HAL_ADC_MspInit                          0x0800142f   Thumb Code     2  stm32l1xx_hal_adc.o(i.HAL_ADC_MspInit)
    HAL_Delay                                0x08001431   Thumb Code    26  stm32l1xx_hal.o(i.HAL_Delay)
    HAL_GPIO_EXTI_Callback                   0x0800144d   Thumb Code    40  gpio-board.o(i.HAL_GPIO_EXTI_Callback)
    HAL_GPIO_EXTI_IRQHandler                 0x08001479   Thumb Code    24  stm32l1xx_hal_gpio.o(i.HAL_GPIO_EXTI_IRQHandler)
    HAL_GPIO_Init                            0x08001495   Thumb Code   430  stm32l1xx_hal_gpio.o(i.HAL_GPIO_Init)
    HAL_GPIO_ReadPin                         0x08001665   Thumb Code    16  stm32l1xx_hal_gpio.o(i.HAL_GPIO_ReadPin)
    HAL_GPIO_WritePin                        0x08001675   Thumb Code    12  stm32l1xx_hal_gpio.o(i.HAL_GPIO_WritePin)
    HAL_GetTick                              0x08001681   Thumb Code     6  stm32l1xx_hal.o(i.HAL_GetTick)
    HAL_I2C_Init                             0x0800168d   Thumb Code   360  stm32l1xx_hal_i2c.o(i.HAL_I2C_Init)
    HAL_I2C_MspInit                          0x08001801   Thumb Code     2  stm32l1xx_hal_i2c.o(i.HAL_I2C_MspInit)
    HAL_IncTick                              0x08001805   Thumb Code    12  stm32l1xx_hal.o(i.HAL_IncTick)
    HAL_Init                                 0x08001815   Thumb Code    22  stm32l1xx_hal.o(i.HAL_Init)
    HAL_InitTick                             0x0800182d   Thumb Code    36  stm32l1xx_hal.o(i.HAL_InitTick)
    HAL_MspInit                              0x08001855   Thumb Code     2  stm32l1xx_hal_msp_template.o(i.HAL_MspInit)
    HAL_NVIC_EnableIRQ                       0x08001857   Thumb Code    26  stm32l1xx_hal_cortex.o(i.HAL_NVIC_EnableIRQ)
    HAL_NVIC_SetPriority                     0x08001871   Thumb Code   124  stm32l1xx_hal_cortex.o(i.HAL_NVIC_SetPriority)
    HAL_NVIC_SetPriorityGrouping             0x080018ed   Thumb Code    32  stm32l1xx_hal_cortex.o(i.HAL_NVIC_SetPriorityGrouping)
    HAL_PCDEx_PMAConfig                      0x08001915   Thumb Code    68  stm32l1xx_hal_pcd_ex.o(i.HAL_PCDEx_PMAConfig)
    HAL_PCDEx_SetConnectionState             0x08001959   Thumb Code    32  usbd_conf.o(i.HAL_PCDEx_SetConnectionState)
    HAL_PCD_DataInStageCallback              0x0800197d   Thumb Code    32  usbd_conf.o(i.HAL_PCD_DataInStageCallback)
    HAL_PCD_DataOutStageCallback             0x0800199d   Thumb Code    32  usbd_conf.o(i.HAL_PCD_DataOutStageCallback)
    HAL_PCD_EP_Close                         0x080019bd   Thumb Code   690  stm32l1xx_hal_pcd.o(i.HAL_PCD_EP_Close)
    HAL_PCD_EP_ClrStall                      0x08001c6f   Thumb Code   288  stm32l1xx_hal_pcd.o(i.HAL_PCD_EP_ClrStall)
    HAL_PCD_EP_GetRxCount                    0x08001d8f   Thumb Code    24  stm32l1xx_hal_pcd.o(i.HAL_PCD_EP_GetRxCount)
    HAL_PCD_EP_Open                          0x08001da7   Thumb Code  1314  stm32l1xx_hal_pcd.o(i.HAL_PCD_EP_Open)
    HAL_PCD_EP_Receive                       0x080022c9   Thumb Code   470  stm32l1xx_hal_pcd.o(i.HAL_PCD_EP_Receive)
    HAL_PCD_EP_SetStall                      0x0800249f   Thumb Code   234  stm32l1xx_hal_pcd.o(i.HAL_PCD_EP_SetStall)
    HAL_PCD_EP_Transmit                      0x08002589   Thumb Code   550  stm32l1xx_hal_pcd.o(i.HAL_PCD_EP_Transmit)
    HAL_PCD_IRQHandler                       0x080027af   Thumb Code   356  stm32l1xx_hal_pcd.o(i.HAL_PCD_IRQHandler)
    HAL_PCD_Init                             0x08002913   Thumb Code   278  stm32l1xx_hal_pcd.o(i.HAL_PCD_Init)
    HAL_PCD_MspInit                          0x08002a29   Thumb Code    58  usbd_conf.o(i.HAL_PCD_MspInit)
    HAL_PCD_ResetCallback                    0x08002a6d   Thumb Code    42  usbd_conf.o(i.HAL_PCD_ResetCallback)
    HAL_PCD_ResumeCallback                   0x08002a97   Thumb Code    14  usbd_conf.o(i.HAL_PCD_ResumeCallback)
    HAL_PCD_SOFCallback                      0x08002aa5   Thumb Code    14  usbd_conf.o(i.HAL_PCD_SOFCallback)
    HAL_PCD_SetAddress                       0x08002ab3   Thumb Code    54  stm32l1xx_hal_pcd.o(i.HAL_PCD_SetAddress)
    HAL_PCD_SetupStageCallback               0x08002ae9   Thumb Code    18  usbd_conf.o(i.HAL_PCD_SetupStageCallback)
    HAL_PCD_Start                            0x08002afb   Thumb Code    16  stm32l1xx_hal_pcd.o(i.HAL_PCD_Start)
    HAL_PCD_SuspendCallback                  0x08002b0d   Thumb Code    30  usbd_conf.o(i.HAL_PCD_SuspendCallback)
    HAL_PWREx_EnableFastWakeUp               0x08002b31   Thumb Code    20  stm32l1xx_hal_pwr_ex.o(i.HAL_PWREx_EnableFastWakeUp)
    HAL_PWREx_EnableUltraLowPower            0x08002b49   Thumb Code    20  stm32l1xx_hal_pwr_ex.o(i.HAL_PWREx_EnableUltraLowPower)
    HAL_PWREx_GetVoltageRange                0x08002b61   Thumb Code    10  stm32l1xx_hal_pwr_ex.o(i.HAL_PWREx_GetVoltageRange)
    HAL_PWR_DisablePVD                       0x08002b71   Thumb Code    20  stm32l1xx_hal_pwr.o(i.HAL_PWR_DisablePVD)
    HAL_PWR_EnterSTOPMode                    0x08002b89   Thumb Code    54  stm32l1xx_hal_pwr.o(i.HAL_PWR_EnterSTOPMode)
    HAL_RCCEx_PeriphCLKConfig                0x08002bc9   Thumb Code   454  stm32l1xx_hal_rcc_ex.o(i.HAL_RCCEx_PeriphCLKConfig)
    HAL_RCC_ClockConfig                      0x08002d9d   Thumb Code   728  stm32l1xx_hal_rcc.o(i.HAL_RCC_ClockConfig)
    HAL_RCC_GetHCLKFreq                      0x08003085   Thumb Code     6  stm32l1xx_hal_rcc.o(i.HAL_RCC_GetHCLKFreq)
    HAL_RCC_GetPCLK1Freq                     0x08003091   Thumb Code    36  stm32l1xx_hal_rcc.o(i.HAL_RCC_GetPCLK1Freq)
    HAL_RCC_GetPCLK2Freq                     0x080030bd   Thumb Code    36  stm32l1xx_hal_rcc.o(i.HAL_RCC_GetPCLK2Freq)
    HAL_RCC_GetSysClockFreq                  0x080030e9   Thumb Code   164  stm32l1xx_hal_rcc.o(i.HAL_RCC_GetSysClockFreq)
    HAL_RCC_OscConfig                        0x0800319d   Thumb Code  2484  stm32l1xx_hal_rcc.o(i.HAL_RCC_OscConfig)
    HAL_RTCEx_AlarmBEventCallback            0x08003b59   Thumb Code     2  stm32l1xx_hal_rtc_ex.o(i.HAL_RTCEx_AlarmBEventCallback)
    HAL_RTCEx_DeactivateWakeUpTimer          0x08003b5b   Thumb Code   152  stm32l1xx_hal_rtc_ex.o(i.HAL_RTCEx_DeactivateWakeUpTimer)
    HAL_RTC_AlarmAEventCallback              0x08003bf3   Thumb Code     2  stm32l1xx_hal_rtc.o(i.HAL_RTC_AlarmAEventCallback)
    HAL_RTC_AlarmIRQHandler                  0x08003bf5   Thumb Code   102  stm32l1xx_hal_rtc.o(i.HAL_RTC_AlarmIRQHandler)
    HAL_RTC_DeactivateAlarm                  0x08003c61   Thumb Code   244  stm32l1xx_hal_rtc.o(i.HAL_RTC_DeactivateAlarm)
    HAL_RTC_GetAlarm                         0x08003d55   Thumb Code   130  stm32l1xx_hal_rtc_ex.o(i.HAL_RTC_GetAlarm)
    HAL_RTC_GetDate                          0x08003dd9   Thumb Code    72  stm32l1xx_hal_rtc.o(i.HAL_RTC_GetDate)
    HAL_RTC_GetTime                          0x08003e25   Thumb Code    80  stm32l1xx_hal_rtc_ex.o(i.HAL_RTC_GetTime)
    HAL_RTC_Init                             0x08003e79   Thumb Code   176  stm32l1xx_hal_rtc.o(i.HAL_RTC_Init)
    HAL_RTC_MspInit                          0x08003f2d   Thumb Code     2  stm32l1xx_hal_rtc.o(i.HAL_RTC_MspInit)
    HAL_RTC_SetAlarm_IT                      0x08003f31   Thumb Code   522  stm32l1xx_hal_rtc_ex.o(i.HAL_RTC_SetAlarm_IT)
    HAL_RTC_SetDate                          0x08004141   Thumb Code   260  stm32l1xx_hal_rtc.o(i.HAL_RTC_SetDate)
    HAL_RTC_SetTime                          0x08004249   Thumb Code   294  stm32l1xx_hal_rtc.o(i.HAL_RTC_SetTime)
    HAL_RTC_WaitForSynchro                   0x08004375   Thumb Code    58  stm32l1xx_hal_rtc_ex.o(i.HAL_RTC_WaitForSynchro)
    HAL_SPI_DeInit                           0x080043af   Thumb Code    48  stm32l1xx_hal_spi.o(i.HAL_SPI_DeInit)
    HAL_SPI_Init                             0x080043df   Thumb Code   124  stm32l1xx_hal_spi_ex.o(i.HAL_SPI_Init)
    HAL_SPI_MspDeInit                        0x0800445b   Thumb Code     2  stm32l1xx_hal_spi.o(i.HAL_SPI_MspDeInit)
    HAL_SPI_MspInit                          0x0800445d   Thumb Code     2  stm32l1xx_hal_spi.o(i.HAL_SPI_MspInit)
    HAL_SYSTICK_CLKSourceConfig              0x0800445f   Thumb Code    40  stm32l1xx_hal_cortex.o(i.HAL_SYSTICK_CLKSourceConfig)
    HAL_SYSTICK_Callback                     0x08004487   Thumb Code     2  stm32l1xx_hal_cortex.o(i.HAL_SYSTICK_Callback)
    HAL_SYSTICK_Config                       0x08004489   Thumb Code    52  stm32l1xx_hal_cortex.o(i.HAL_SYSTICK_Config)
    HAL_SYSTICK_IRQHandler                   0x080044bd   Thumb Code     8  stm32l1xx_hal_cortex.o(i.HAL_SYSTICK_IRQHandler)
    HAL_UART_ErrorCallback                   0x080044c5   Thumb Code    16  uart-board.o(i.HAL_UART_ErrorCallback)
    HAL_UART_IRQHandler                      0x080044dd   Thumb Code   218  stm32l1xx_hal_uart.o(i.HAL_UART_IRQHandler)
    HAL_UART_Init                            0x080045b7   Thumb Code   110  stm32l1xx_hal_uart.o(i.HAL_UART_Init)
    HAL_UART_MspInit                         0x08004625   Thumb Code     2  stm32l1xx_hal_uart.o(i.HAL_UART_MspInit)
    HAL_UART_Receive_IT                      0x08004627   Thumb Code   134  stm32l1xx_hal_uart.o(i.HAL_UART_Receive_IT)
    HAL_UART_RxCpltCallback                  0x080046ad   Thumb Code    52  uart-board.o(i.HAL_UART_RxCpltCallback)
    HAL_UART_Transmit_IT                     0x080046ed   Thumb Code   110  stm32l1xx_hal_uart.o(i.HAL_UART_Transmit_IT)
    HAL_UART_TxCpltCallback                  0x0800475d   Thumb Code    50  uart-board.o(i.HAL_UART_TxCpltCallback)
    I2cInit                                  0x0800479d   Thumb Code    50  i2c.o(i.I2cInit)
    I2cMcuFormat                             0x080047d9   Thumb Code    92  i2c-board.o(i.I2cMcuFormat)
    I2cMcuInit                               0x08004839   Thumb Code   122  i2c-board.o(i.I2cMcuInit)
    IsFifoEmpty                              0x080048bd   Thumb Code    18  fifo.o(i.IsFifoEmpty)
    IsFifoFull                               0x080048cf   Thumb Code    26  fifo.o(i.IsFifoFull)
    MemManage_Handler                        0x080048e9   Thumb Code     4  sysirqhandlers.o(i.MemManage_Handler)
    NMI_Handler                              0x080048ed   Thumb Code     2  sysirqhandlers.o(i.NMI_Handler)
    OnRxDone                                 0x08004935   Thumb Code    72  main.o(i.OnRxDone)
    OnRxError                                0x080049a9   Thumb Code    36  main.o(i.OnRxError)
    OnRxTimeout                              0x080049ed   Thumb Code    36  main.o(i.OnRxTimeout)
    OnTxDone                                 0x08004a31   Thumb Code    28  main.o(i.OnTxDone)
    OnTxTimeout                              0x08004a69   Thumb Code    28  main.o(i.OnTxTimeout)
    RTC_Alarm_IRQHandler                     0x08004ff5   Thumb Code    38  rtc-board.o(i.RTC_Alarm_IRQHandler)
    RTC_Bcd2ToByte                           0x08005021   Thumb Code    22  stm32l1xx_hal_rtc.o(i.RTC_Bcd2ToByte)
    RTC_ByteToBcd2                           0x08005037   Thumb Code    26  stm32l1xx_hal_rtc.o(i.RTC_ByteToBcd2)
    RTC_EnterInitMode                        0x08005051   Thumb Code    62  stm32l1xx_hal_rtc.o(i.RTC_EnterInitMode)
    RtcComputeElapsedTime                    0x080050cd   Thumb Code    36  rtc-board.o(i.RtcComputeElapsedTime)
    RtcEnterLowPowerStopMode                 0x08005575   Thumb Code    54  rtc-board.o(i.RtcEnterLowPowerStopMode)
    RtcGetAdjustedTimeoutValue               0x080055b9   Thumb Code    62  rtc-board.o(i.RtcGetAdjustedTimeoutValue)
    RtcGetElapsedAlarmTime                   0x08005649   Thumb Code    38  rtc-board.o(i.RtcGetElapsedAlarmTime)
    RtcGetTimerValue                         0x08005675   Thumb Code    10  rtc-board.o(i.RtcGetTimerValue)
    RtcInit                                  0x08005681   Thumb Code   158  rtc-board.o(i.RtcInit)
    RtcRecoverMcuStatus                      0x08005731   Thumb Code    60  rtc-board.o(i.RtcRecoverMcuStatus)
    RtcSetTimeout                            0x08005779   Thumb Code    12  rtc-board.o(i.RtcSetTimeout)
    SX1276AntSwDeInit                        0x080058d5   Thumb Code    30  sx1276-board.o(i.SX1276AntSwDeInit)
    SX1276AntSwInit                          0x080058f9   Thumb Code    32  sx1276-board.o(i.SX1276AntSwInit)
    SX1276CheckRfFrequency                   0x0800591d   Thumb Code     6  sx1276-board.o(i.SX1276CheckRfFrequency)
    SX1276GetPaSelect                        0x08005925   Thumb Code    16  sx1276-board.o(i.SX1276GetPaSelect)
    SX1276GetStatus                          0x08005939   Thumb Code     8  sx1276.o(i.SX1276GetStatus)
    SX1276GetTimeOnAir                       0x08005945   Thumb Code   628  sx1276.o(i.SX1276GetTimeOnAir)
    SX1276Init                               0x08005be1   Thumb Code   114  sx1276.o(i.SX1276Init)
    SX1276IoDeInit                           0x08005c75   Thumb Code   144  sx1276-board.o(i.SX1276IoDeInit)
    SX1276IoInit                             0x08005d09   Thumb Code   154  sx1276-board.o(i.SX1276IoInit)
    SX1276IoIrqInit                          0x08005da9   Thumb Code    88  sx1276-board.o(i.SX1276IoIrqInit)
    SX1276IsChannelFree                      0x08005e05   Thumb Code    96  sx1276.o(i.SX1276IsChannelFree)
    SX1276OnDio0Irq                          0x08005e65   Thumb Code   890  sx1276.o(i.SX1276OnDio0Irq)
    SX1276OnDio1Irq                          0x08006201   Thumb Code   404  sx1276.o(i.SX1276OnDio1Irq)
    SX1276OnDio2Irq                          0x080063a9   Thumb Code   322  sx1276.o(i.SX1276OnDio2Irq)
    SX1276OnDio3Irq                          0x080064fd   Thumb Code   104  sx1276.o(i.SX1276OnDio3Irq)
    SX1276OnDio4Irq                          0x0800656d   Thumb Code    40  sx1276.o(i.SX1276OnDio4Irq)
    SX1276OnTimeoutIrq                       0x08006599   Thumb Code   252  sx1276.o(i.SX1276OnTimeoutIrq)
    SX1276Random                             0x080066a5   Thumb Code    64  sx1276.o(i.SX1276Random)
    SX1276Read                               0x080066e5   Thumb Code    20  sx1276.o(i.SX1276Read)
    SX1276ReadBuffer                         0x080066f9   Thumb Code    66  sx1276.o(i.SX1276ReadBuffer)
    SX1276ReadFifo                           0x08006741   Thumb Code    18  sx1276.o(i.SX1276ReadFifo)
    SX1276ReadRssi                           0x08006755   Thumb Code    74  sx1276.o(i.SX1276ReadRssi)
    SX1276Reset                              0x080067a9   Thumb Code    54  sx1276.o(i.SX1276Reset)
    SX1276Send                               0x080067e5   Thumb Code   300  sx1276.o(i.SX1276Send)
    SX1276SetAntSw                           0x08006919   Thumb Code    52  sx1276-board.o(i.SX1276SetAntSw)
    SX1276SetAntSwLowPower                   0x08006951   Thumb Code    30  sx1276-board.o(i.SX1276SetAntSwLowPower)
    SX1276SetChannel                         0x08006975   Thumb Code    68  sx1276.o(i.SX1276SetChannel)
    SX1276SetMaxPayloadLength                0x080069c1   Thumb Code    52  sx1276.o(i.SX1276SetMaxPayloadLength)
    SX1276SetModem                           0x080069f9   Thumb Code   154  sx1276.o(i.SX1276SetModem)
    SX1276SetOpMode                          0x08006a99   Thumb Code    50  sx1276.o(i.SX1276SetOpMode)
    SX1276SetPublicNetwork                   0x08006acd   Thumb Code    40  sx1276.o(i.SX1276SetPublicNetwork)
    SX1276SetRfTxPower                       0x08006af9   Thumb Code   188  sx1276-board.o(i.SX1276SetRfTxPower)
    SX1276SetRx                              0x08006bb9   Thumb Code   636  sx1276.o(i.SX1276SetRx)
    SX1276SetRxConfig                        0x08006e45   Thumb Code   784  sx1276.o(i.SX1276SetRxConfig)
    SX1276SetSleep                           0x0800716d   Thumb Code    30  sx1276.o(i.SX1276SetSleep)
    SX1276SetStby                            0x08007199   Thumb Code    30  sx1276.o(i.SX1276SetStby)
    SX1276SetTx                              0x080071c5   Thumb Code   182  sx1276.o(i.SX1276SetTx)
    SX1276SetTxConfig                        0x08007285   Thumb Code   608  sx1276.o(i.SX1276SetTxConfig)
    SX1276SetTxContinuousWave                0x080074f1   Thumb Code   132  sx1276.o(i.SX1276SetTxContinuousWave)
    SX1276StartCad                           0x0800757d   Thumb Code    66  sx1276.o(i.SX1276StartCad)
    SX1276Write                              0x080075c5   Thumb Code    16  sx1276.o(i.SX1276Write)
    SX1276WriteBuffer                        0x080075d5   Thumb Code    64  sx1276.o(i.SX1276WriteBuffer)
    SX1276WriteFifo                          0x08007619   Thumb Code    18  sx1276.o(i.SX1276WriteFifo)
    SpiDeInit                                0x0800762b   Thumb Code   102  spi-board.o(i.SpiDeInit)
    SpiFormat                                0x08007691   Thumb Code    52  spi-board.o(i.SpiFormat)
    SpiFrequency                             0x080076c5   Thumb Code    74  spi-board.o(i.SpiFrequency)
    SpiInOut                                 0x08007715   Thumb Code    80  spi-board.o(i.SpiInOut)
    SpiInit                                  0x08007765   Thumb Code   434  spi-board.o(i.SpiInit)
    SysTick_Handler                          0x08007929   Thumb Code    12  board.o(i.SysTick_Handler)
    SystemInit                               0x08007af5   Thumb Code    82  system_stm32l1xx.o(i.SystemInit)
    TimerGetCurrentTime                      0x08007b79   Thumb Code     8  timer.o(i.TimerGetCurrentTime)
    TimerGetElapsedTime                      0x08007b81   Thumb Code    12  timer.o(i.TimerGetElapsedTime)
    TimerGetValue                            0x08007b8d   Thumb Code     8  timer.o(i.TimerGetValue)
    TimerInit                                0x08007b95   Thumb Code    14  timer.o(i.TimerInit)
    TimerIrqHandler                          0x08007c3d   Thumb Code   136  timer.o(i.TimerIrqHandler)
    TimerLowPowerHandler                     0x08007cc9   Thumb Code    58  timer.o(i.TimerLowPowerHandler)
    TimerSetValue                            0x08007d2d   Thumb Code    18  timer.o(i.TimerSetValue)
    TimerStart                               0x08007d41   Thumb Code   132  timer.o(i.TimerStart)
    TimerStop                                0x08007dc9   Thumb Code   230  timer.o(i.TimerStop)
    USART1_IRQHandler                        0x08008369   Thumb Code    10  uart-board.o(i.USART1_IRQHandler)
    USBD_CDC_GetDeviceQualifierDescriptor    0x08008439   Thumb Code    10  usbd_cdc.o(i.USBD_CDC_GetDeviceQualifierDescriptor)
    USBD_CDC_ReceivePacket                   0x0800851f   Thumb Code    58  usbd_cdc.o(i.USBD_CDC_ReceivePacket)
    USBD_CDC_RegisterInterface               0x08008559   Thumb Code    14  usbd_cdc.o(i.USBD_CDC_RegisterInterface)
    USBD_CDC_SetRxBuffer                     0x08008567   Thumb Code    14  usbd_cdc.o(i.USBD_CDC_SetRxBuffer)
    USBD_CDC_SetTxBuffer                     0x08008575   Thumb Code    20  usbd_cdc.o(i.USBD_CDC_SetTxBuffer)
    USBD_CDC_TransmitPacket                  0x08008619   Thumb Code    56  usbd_cdc.o(i.USBD_CDC_TransmitPacket)
    USBD_ClrClassConfig                      0x08008651   Thumb Code    22  usbd_core.o(i.USBD_ClrClassConfig)
    USBD_CtlContinueRx                       0x080086ab   Thumb Code    24  usbd_ioreq.o(i.USBD_CtlContinueRx)
    USBD_CtlContinueSendData                 0x080086c3   Thumb Code    24  usbd_ioreq.o(i.USBD_CtlContinueSendData)
    USBD_CtlError                            0x080086db   Thumb Code    24  usbd_ctlreq.o(i.USBD_CtlError)
    USBD_CtlPrepareRx                        0x080086f3   Thumb Code    40  usbd_ioreq.o(i.USBD_CtlPrepareRx)
    USBD_CtlReceiveStatus                    0x0800871b   Thumb Code    26  usbd_ioreq.o(i.USBD_CtlReceiveStatus)
    USBD_CtlSendData                         0x08008735   Thumb Code    34  usbd_ioreq.o(i.USBD_CtlSendData)
    USBD_CtlSendStatus                       0x08008757   Thumb Code    26  usbd_ioreq.o(i.USBD_CtlSendStatus)
    USBD_FS_ConfigStrDescriptor              0x08008771   Thumb Code    34  usbd_desc.o(i.USBD_FS_ConfigStrDescriptor)
    USBD_FS_DeviceDescriptor                 0x080087a5   Thumb Code    10  usbd_desc.o(i.USBD_FS_DeviceDescriptor)
    USBD_FS_InterfaceStrDescriptor           0x080087b5   Thumb Code    34  usbd_desc.o(i.USBD_FS_InterfaceStrDescriptor)
    USBD_FS_LangIDStrDescriptor              0x080087ed   Thumb Code    10  usbd_desc.o(i.USBD_FS_LangIDStrDescriptor)
    USBD_FS_ManufacturerStrDescriptor        0x080087fd   Thumb Code    20  usbd_desc.o(i.USBD_FS_ManufacturerStrDescriptor)
    USBD_FS_ProductStrDescriptor             0x08008829   Thumb Code    34  usbd_desc.o(i.USBD_FS_ProductStrDescriptor)
    USBD_FS_SerialStrDescriptor              0x08008869   Thumb Code    34  usbd_desc.o(i.USBD_FS_SerialStrDescriptor)
    USBD_GetString                           0x08008a91   Thumb Code    82  usbd_ctlreq.o(i.USBD_GetString)
    USBD_Init                                0x08008ae3   Thumb Code    50  usbd_core.o(i.USBD_Init)
    USBD_LL_ClearStallEP                     0x08008b15   Thumb Code    20  usbd_conf.o(i.USBD_LL_ClearStallEP)
    USBD_LL_CloseEP                          0x08008b29   Thumb Code    20  usbd_conf.o(i.USBD_LL_CloseEP)
    USBD_LL_DataInStage                      0x08008b3d   Thumb Code   218  usbd_core.o(i.USBD_LL_DataInStage)
    USBD_LL_DataOutStage                     0x08008c17   Thumb Code   134  usbd_core.o(i.USBD_LL_DataOutStage)
    USBD_LL_GetRxDataSize                    0x08008c9d   Thumb Code    18  usbd_conf.o(i.USBD_LL_GetRxDataSize)
    USBD_LL_Init                             0x08008cb1   Thumb Code   122  usbd_conf.o(i.USBD_LL_Init)
    USBD_LL_IsStallEP                        0x08008d35   Thumb Code    56  usbd_conf.o(i.USBD_LL_IsStallEP)
    USBD_LL_OpenEP                           0x08008d6d   Thumb Code    32  usbd_conf.o(i.USBD_LL_OpenEP)
    USBD_LL_PrepareReceive                   0x08008d8d   Thumb Code    32  usbd_conf.o(i.USBD_LL_PrepareReceive)
    USBD_LL_Reset                            0x08008dad   Thumb Code    68  usbd_core.o(i.USBD_LL_Reset)
    USBD_LL_Resume                           0x08008df1   Thumb Code    14  usbd_core.o(i.USBD_LL_Resume)
    USBD_LL_SOF                              0x08008dff   Thumb Code    34  usbd_core.o(i.USBD_LL_SOF)
    USBD_LL_SetSpeed                         0x08008e21   Thumb Code     8  usbd_core.o(i.USBD_LL_SetSpeed)
    USBD_LL_SetUSBAddress                    0x08008e29   Thumb Code    20  usbd_conf.o(i.USBD_LL_SetUSBAddress)
    USBD_LL_SetupStage                       0x08008e3d   Thumb Code   110  usbd_core.o(i.USBD_LL_SetupStage)
    USBD_LL_StallEP                          0x08008eab   Thumb Code    20  usbd_conf.o(i.USBD_LL_StallEP)
    USBD_LL_Start                            0x08008ebf   Thumb Code    16  usbd_conf.o(i.USBD_LL_Start)
    USBD_LL_Suspend                          0x08008ecf   Thumb Code    20  usbd_core.o(i.USBD_LL_Suspend)
    USBD_LL_Transmit                         0x08008ee3   Thumb Code    32  usbd_conf.o(i.USBD_LL_Transmit)
    USBD_ParseSetupRequest                   0x08008f03   Thumb Code    40  usbd_ctlreq.o(i.USBD_ParseSetupRequest)
    USBD_RegisterClass                       0x08008f2b   Thumb Code    16  usbd_core.o(i.USBD_RegisterClass)
    USBD_RunTestMode                         0x08008f3b   Thumb Code     6  usbd_core.o(i.USBD_RunTestMode)
    USBD_SetClassConfig                      0x08008f95   Thumb Code    34  usbd_core.o(i.USBD_SetClassConfig)
    USBD_Start                               0x080090bd   Thumb Code    14  usbd_core.o(i.USBD_Start)
    USBD_StdDevReq                           0x080090cb   Thumb Code   114  usbd_ctlreq.o(i.USBD_StdDevReq)
    USBD_StdEPReq                            0x0800913d   Thumb Code   342  usbd_ctlreq.o(i.USBD_StdEPReq)
    USBD_StdItfReq                           0x08009293   Thumb Code    74  usbd_ctlreq.o(i.USBD_StdItfReq)
    USBD_static_free                         0x080092dd   Thumb Code     2  usbd_conf.o(i.USBD_static_free)
    USBD_static_malloc                       0x080092e1   Thumb Code     6  usbd_conf.o(i.USBD_static_malloc)
    USB_LP_IRQHandler                        0x080092ed   Thumb Code    10  uart-usb-board.o(i.USB_LP_IRQHandler)
    UartConfig                               0x080092fd   Thumb Code    66  uart.o(i.UartConfig)
    UartInit                                 0x0800933f   Thumb Code    54  uart.o(i.UartInit)
    UartMcuConfig                            0x08009375   Thumb Code   268  uart-board.o(i.UartMcuConfig)
    UartMcuInit                              0x0800948d   Thumb Code   114  uart-board.o(i.UartMcuInit)
    UartUsbConfig                            0x08009505   Thumb Code     8  uart-usb-board.o(i.UartUsbConfig)
    UartUsbInit                              0x0800950d   Thumb Code   108  uart-usb-board.o(i.UartUsbInit)
    UartUsbPutBuffer                         0x0800958d   Thumb Code    18  uart-usb-board.o(i.UartUsbPutBuffer)
    UartUsbPutChar                           0x0800959f   Thumb Code    16  uart-usb-board.o(i.UartUsbPutChar)
    UsageFault_Handler                       0x080095af   Thumb Code     4  sysirqhandlers.o(i.UsageFault_Handler)
    __0printf$5                              0x080095b5   Thumb Code    22  printf5.o(i.__0printf$5)
    __1printf$5                              0x080095b5   Thumb Code     0  printf5.o(i.__0printf$5)
    __2printf                                0x080095b5   Thumb Code     0  printf5.o(i.__0printf$5)
    __scatterload_copy                       0x080095d5   Thumb Code    14  handlers.o(i.__scatterload_copy)
    __scatterload_null                       0x080095e3   Thumb Code     2  handlers.o(i.__scatterload_null)
    __scatterload_zeroinit                   0x080095e5   Thumb Code    14  handlers.o(i.__scatterload_zeroinit)
    ceil                                     0x080098b5   Thumb Code   204  ceil.o(i.ceil)
    floor                                    0x08009991   Thumb Code   204  floor.o(i.floor)
    fputc                                    0x08009a6d   Thumb Code    24  uart-usb-board.o(i.fputc)
    main                                     0x08009a89   Thumb Code   200  main.o(i.main)
    memcpy1                                  0x08009b9d   Thumb Code    24  utilities.o(i.memcpy1)
    round                                    0x08009bb5   Thumb Code   136  round.o(i.round)
    Radio                                    0x08009c60   Data          92  sx1276-board.o(.constdata)
    PLLMulTable                              0x08009cbc   Data           9  system_stm32l1xx.o(.constdata)
    AHBPrescTable                            0x08009cc5   Data          16  system_stm32l1xx.o(.constdata)
    APBPrescTable                            0x08009cd5   Data           8  system_stm32l1xx.o(.constdata)
    RadioRegsInit                            0x08009ce0   Data          48  sx1276.o(.constdata)
    FskBandwidths                            0x08009d10   Data         176  sx1276.o(.constdata)
    Region$$Table$$Base                      0x08009dc0   Number         0  anon$$obj.o(Region$$Table)
    Region$$Table$$Limit                     0x08009de0   Number         0  anon$$obj.o(Region$$Table)
    BufferSize                               0x20000000   Data           2  main.o(.data)
    txBuf                                    0x20000002   Data           8  main.o(.data)
    State                                    0x2000000a   Data           1  main.o(.data)
    RssiValue                                0x2000000b   Data           1  main.o(.data)
    SnrValue                                 0x2000000c   Data           1  main.o(.data)
    NonScheduledWakeUp                       0x20000017   Data           1  rtc-board.o(.data)
    McuWakeUpTime                            0x2000001c   Data           4  rtc-board.o(.data)
    RxData                                   0x20000025   Data           1  uart-board.o(.data)
    TxData                                   0x20000026   Data           1  uart-board.o(.data)
    SystemCoreClock                          0x20000028   Data           4  system_stm32l1xx.o(.data)
    hUsbDevice_0                             0x2000002c   Data           4  usbd_cdc_if.o(.data)
    USBD_Interface_fops_FS                   0x20000030   Data          16  usbd_cdc_if.o(.data)
    linecoding                               0x20000040   Data           8  usbd_cdc_if.o(.data)
    UartObj                                  0x20000048   Data           4  usbd_cdc_if.o(.data)
    FS_Desc                                  0x2000004c   Data          28  usbd_desc.o(.data)
    USBD_FS_DeviceDesc                       0x20000068   Data          18  usbd_desc.o(.data)
    USBD_LangIDDesc                          0x2000007c   Data           4  usbd_desc.o(.data)
    uwTick                                   0x20000080   Data           4  stm32l1xx_hal.o(.data)
    USBD_CDC                                 0x20000090   Data          56  usbd_cdc.o(.data)
    USBD_CDC_CfgHSDesc                       0x200000c8   Data          67  usbd_cdc.o(.data)
    USBD_CDC_CfgFSDesc                       0x2000010c   Data          67  usbd_cdc.o(.data)
    USBD_CDC_OtherSpeedCfgDesc               0x20000150   Data          67  usbd_cdc.o(.data)
    DioIrq                                   0x2000019c   Data          24  sx1276.o(.data)
    HasLoopedThroughMain                     0x200001b8   Data           1  timer.o(.data)
    __stdout                                 0x200001c0   Data           4  stdout.o(.data)
    Buffer                                   0x200001c4   Data          64  main.o(.bss)
    AdcHandle                                0x20000220   Data          84  adc-board.o(.bss)
    Led1                                     0x20000274   Data          12  board.o(.bss)
    Led2                                     0x20000280   Data          12  board.o(.bss)
    Led3                                     0x2000028c   Data          12  board.o(.bss)
    Led4                                     0x20000298   Data          12  board.o(.bss)
    rgbRed                                   0x200002a4   Data          12  board.o(.bss)
    rgbGreen                                 0x200002b0   Data          12  board.o(.bss)
    rgbBlue                                  0x200002bc   Data          12  board.o(.bss)
    UsbDetect                                0x200002c8   Data          12  board.o(.bss)
    Adc                                      0x200002d4   Data          12  board.o(.bss)
    I2c                                      0x200002e0   Data         108  board.o(.bss)
    Uart1                                    0x2000034c   Data          56  board.o(.bss)
    UartUsb                                  0x20000384   Data          56  board.o(.bss)
    RtcCalendarContext                       0x20000510   Data          20  rtc-board.o(.bss)
    RtcHandle                                0x20000524   Data          32  rtc-board.o(.bss)
    AntSwitchLf                              0x20000544   Data          12  sx1276-board.o(.bss)
    AntSwitchHf                              0x20000550   Data          12  sx1276-board.o(.bss)
    AntSwitch                                0x2000055c   Data          12  sx1276-board.o(.bss)
    UartHandle                               0x20000568   Data          64  uart-board.o(.bss)
    hUsbDeviceFS                             0x200005a8   Data         548  uart-usb-board.o(.bss)
    UserRxBufferFS                           0x200007cc   Data          64  usbd_cdc_if.o(.bss)
    UserTxBufferFS                           0x2000080c   Data          64  usbd_cdc_if.o(.bss)
    FifoRxBuffer                             0x2000084c   Data        1024  usbd_cdc_if.o(.bss)
    hpcd_USB_FS                              0x20000c4c   Data         544  usbd_conf.o(.bss)
    USBD_StrDesc                             0x2000108c   Data         512  usbd_desc.o(.bss)
    SX1276                                   0x2000138c   Data         320  sx1276.o(.bss)
    TxTimeoutTimer                           0x200014cc   Data          20  sx1276.o(.bss)
    RxTimeoutTimer                           0x200014e0   Data          20  sx1276.o(.bss)
    RxTimeoutSyncWord                        0x200014f4   Data          20  sx1276.o(.bss)
    __initial_sp                             0x20001908   Data           0  startup_stm32l151xb.o(STACK)



==============================================================================

Memory Map of the image

  Image Entry point : 0x080000f5

  Load Region LR_IROM1 (Base: 0x08000000, Size: 0x00009fa4, Max: 0x00020000, ABSOLUTE, COMPRESSED[0x00009ec8])

    Execution Region ER_IROM1 (Base: 0x08000000, Size: 0x00009de0, Max: 0x00020000, ABSOLUTE)

    Base Addr    Size         Type   Attr      Idx    E Section Name        Object

    0x08000000   0x000000f4   Data   RO         1094    RESET               startup_stm32l151xb.o
    0x080000f4   0x00000000   Code   RO         6373  * .ARM.Collect$$$$00000000  mc_w.l(entry.o)
    0x080000f4   0x00000004   Code   RO         6669    .ARM.Collect$$$$00000001  mc_w.l(entry2.o)
    0x080000f8   0x00000004   Code   RO         6672    .ARM.Collect$$$$00000004  mc_w.l(entry5.o)
    0x080000fc   0x00000000   Code   RO         6674    .ARM.Collect$$$$00000008  mc_w.l(entry7b.o)
    0x080000fc   0x00000000   Code   RO         6676    .ARM.Collect$$$$0000000A  mc_w.l(entry8b.o)
    0x080000fc   0x00000008   Code   RO         6677    .ARM.Collect$$$$0000000B  mc_w.l(entry9a.o)
    0x08000104   0x00000000   Code   RO         6679    .ARM.Collect$$$$0000000D  mc_w.l(entry10a.o)
    0x08000104   0x00000000   Code   RO         6681    .ARM.Collect$$$$0000000F  mc_w.l(entry11a.o)
    0x08000104   0x00000004   Code   RO         6670    .ARM.Collect$$$$00002712  mc_w.l(entry2.o)
    0x08000108   0x00000024   Code   RO         1095    .text               startup_stm32l151xb.o
    0x0800012c   0x00000024   Code   RO         6376    .text               mc_w.l(memcpya.o)
    0x08000150   0x00000024   Code   RO         6378    .text               mc_w.l(memseta.o)
    0x08000174   0x0000014e   Code   RO         6647    .text               mf_w.l(dadd.o)
    0x080002c2   0x000000e4   Code   RO         6649    .text               mf_w.l(dmul.o)
    0x080003a6   0x000000de   Code   RO         6651    .text               mf_w.l(ddiv.o)
    0x08000484   0x00000022   Code   RO         6655    .text               mf_w.l(dflti.o)
    0x080004a6   0x0000001a   Code   RO         6657    .text               mf_w.l(dfltui.o)
    0x080004c0   0x0000003e   Code   RO         6661    .text               mf_w.l(dfixi.o)
    0x080004fe   0x00000032   Code   RO         6663    .text               mf_w.l(dfixui.o)
    0x08000530   0x00000030   Code   RO         6665    .text               mf_w.l(cdcmple.o)
    0x08000560   0x00000030   Code   RO         6667    .text               mf_w.l(cdrcmple.o)
    0x08000590   0x00000062   Code   RO         6686    .text               mc_w.l(uldiv.o)
    0x080005f2   0x0000001e   Code   RO         6688    .text               mc_w.l(llshl.o)
    0x08000610   0x00000020   Code   RO         6690    .text               mc_w.l(llushr.o)
    0x08000630   0x00000024   Code   RO         6692    .text               mc_w.l(llsshr.o)
    0x08000654   0x00000000   Code   RO         6694    .text               mc_w.l(iusefp.o)
    0x08000654   0x000000ba   Code   RO         6697    .text               mf_w.l(depilogue.o)
    0x0800070e   0x00000002   PAD
    0x08000710   0x00000088   Code   RO         6699    .text               mf_w.l(drnd.o)
    0x08000798   0x00000024   Code   RO         6703    .text               mc_w.l(init.o)
    0x080007bc   0x00000056   Code   RO         6713    .text               mc_w.l(__dczerorl2.o)
    0x08000812   0x00000052   Code   RO         1684    i.ADC_ConversionStop_Disable  stm32l1xx_hal_adc.o
    0x08000864   0x0000000c   Code   RO         5926    i.AdcDeInit         adc.o
    0x08000870   0x00000024   Code   RO         5927    i.AdcInit           adc.o
    0x08000894   0x00000034   Code   RO          258    i.AdcMcuConfig      adc-board.o
    0x080008c8   0x00000054   Code   RO          259    i.AdcMcuInit        adc-board.o
    0x0800091c   0x00000018   Code   RO          652    i.BlockLowPowerDuringTask  rtc-board.o
    0x08000934   0x0000001c   Code   RO          311    i.BoardDeInitMcu    board.o
    0x08000950   0x00000014   Code   RO          312    i.BoardDisableIrq   board.o
    0x08000964   0x00000018   Code   RO          313    i.BoardEnableIrq    board.o
    0x0800097c   0x000000e8   Code   RO          318    i.BoardInitMcu      board.o
    0x08000a64   0x00000004   Code   RO         5576    i.BusFault_Handler  sysirqhandlers.o
    0x08000a68   0x000000a0   Code   RO         1204    i.CDC_Control_FS    usbd_cdc_if.o
    0x08000b08   0x00000004   Code   RO         1205    i.CDC_DeInit_FS     usbd_cdc_if.o
    0x08000b0c   0x00000034   Code   RO         1206    i.CDC_Init_FS       usbd_cdc_if.o
    0x08000b40   0x0000005c   Code   RO         1207    i.CDC_Receive_FS    usbd_cdc_if.o
    0x08000b9c   0x00000020   Code   RO         1208    i.CDC_Set_Uart_Obj  usbd_cdc_if.o
    0x08000bbc   0x0000005c   Code   RO         1209    i.CDC_Transmit_FS   usbd_cdc_if.o
    0x08000c18   0x0000003c   Code   RO          321    i.CalibrateSystemWakeupTime  board.o
    0x08000c54   0x00000002   Code   RO         5577    i.DebugMon_Handler  sysirqhandlers.o
    0x08000c56   0x0000000c   Code   RO         5965    i.DelayMs           delay.o
    0x08000c62   0x0000000e   Code   RO          482    i.EXTI0_IRQHandler  gpio-board.o
    0x08000c70   0x00000038   Code   RO          483    i.EXTI15_10_IRQHandler  gpio-board.o
    0x08000ca8   0x0000000e   Code   RO          484    i.EXTI1_IRQHandler  gpio-board.o
    0x08000cb6   0x0000000e   Code   RO          485    i.EXTI2_IRQHandler  gpio-board.o
    0x08000cc4   0x0000000e   Code   RO          486    i.EXTI3_IRQHandler  gpio-board.o
    0x08000cd2   0x0000000e   Code   RO          487    i.EXTI4_IRQHandler  gpio-board.o
    0x08000ce0   0x0000002a   Code   RO          488    i.EXTI9_5_IRQHandler  gpio-board.o
    0x08000d0a   0x0000000c   Code   RO         6034    i.FifoInit          fifo.o
    0x08000d16   0x00000014   Code   RO         6035    i.FifoNext          fifo.o
    0x08000d2a   0x0000001e   Code   RO         6036    i.FifoPop           fifo.o
    0x08000d48   0x00000018   Code   RO         6037    i.FifoPush          fifo.o
    0x08000d60   0x00000018   Code   RO          322    i.GetBoardPowerSource  board.o
    0x08000d78   0x00000038   Code   RO         5686    i.GetFskBandwidthRegValue  sx1276.o
    0x08000db0   0x0000002c   Code   RO         6083    i.GpioInit          gpio.o
    0x08000ddc   0x00000168   Code   RO          489    i.GpioMcuInit       gpio-board.o
    0x08000f44   0x0000001e   Code   RO          490    i.GpioMcuRead       gpio-board.o
    0x08000f62   0x00000002   PAD
    0x08000f64   0x00000148   Code   RO          492    i.GpioMcuSetInterrupt  gpio-board.o
    0x080010ac   0x00000026   Code   RO          494    i.GpioMcuWrite      gpio-board.o
    0x080010d2   0x0000001c   Code   RO         6084    i.GpioRead          gpio.o
    0x080010ee   0x00000028   Code   RO         6086    i.GpioSetInterrupt  gpio.o
    0x08001116   0x0000001c   Code   RO         6088    i.GpioWrite         gpio.o
    0x08001132   0x00000002   PAD
    0x08001134   0x0000012c   Code   RO         1693    i.HAL_ADC_DeInit    stm32l1xx_hal_adc.o
    0x08001260   0x000001cc   Code   RO         1699    i.HAL_ADC_Init      stm32l1xx_hal_adc.o
    0x0800142c   0x00000002   Code   RO         1701    i.HAL_ADC_MspDeInit  stm32l1xx_hal_adc.o
    0x0800142e   0x00000002   Code   RO         1702    i.HAL_ADC_MspInit   stm32l1xx_hal_adc.o
    0x08001430   0x0000001a   Code   RO         1556    i.HAL_Delay         stm32l1xx_hal.o
    0x0800144a   0x00000002   PAD
    0x0800144c   0x0000002c   Code   RO          495    i.HAL_GPIO_EXTI_Callback  gpio-board.o
    0x08001478   0x0000001c   Code   RO         2578    i.HAL_GPIO_EXTI_IRQHandler  stm32l1xx_hal_gpio.o
    0x08001494   0x000001d0   Code   RO         2579    i.HAL_GPIO_Init     stm32l1xx_hal_gpio.o
    0x08001664   0x00000010   Code   RO         2581    i.HAL_GPIO_ReadPin  stm32l1xx_hal_gpio.o
    0x08001674   0x0000000c   Code   RO         2583    i.HAL_GPIO_WritePin  stm32l1xx_hal_gpio.o
    0x08001680   0x0000000c   Code   RO         1560    i.HAL_GetTick       stm32l1xx_hal.o
    0x0800168c   0x00000174   Code   RO         2653    i.HAL_I2C_Init      stm32l1xx_hal_i2c.o
    0x08001800   0x00000002   Code   RO         2676    i.HAL_I2C_MspInit   stm32l1xx_hal_i2c.o
    0x08001802   0x00000002   PAD
    0x08001804   0x00000010   Code   RO         1561    i.HAL_IncTick       stm32l1xx_hal.o
    0x08001814   0x00000016   Code   RO         1562    i.HAL_Init          stm32l1xx_hal.o
    0x0800182a   0x00000002   PAD
    0x0800182c   0x00000028   Code   RO         1563    i.HAL_InitTick      stm32l1xx_hal.o
    0x08001854   0x00000002   Code   RO         3148    i.HAL_MspInit       stm32l1xx_hal_msp_template.o
    0x08001856   0x0000001a   Code   RO         1948    i.HAL_NVIC_EnableIRQ  stm32l1xx_hal_cortex.o
    0x08001870   0x0000007c   Code   RO         1954    i.HAL_NVIC_SetPriority  stm32l1xx_hal_cortex.o
    0x080018ec   0x00000028   Code   RO         1955    i.HAL_NVIC_SetPriorityGrouping  stm32l1xx_hal_cortex.o
    0x08001914   0x00000044   Code   RO         3474    i.HAL_PCDEx_PMAConfig  stm32l1xx_hal_pcd_ex.o
    0x08001958   0x00000024   Code   RO         1262    i.HAL_PCDEx_SetConnectionState  usbd_conf.o
    0x0800197c   0x00000020   Code   RO         1264    i.HAL_PCD_DataInStageCallback  usbd_conf.o
    0x0800199c   0x00000020   Code   RO         1265    i.HAL_PCD_DataOutStageCallback  usbd_conf.o
    0x080019bc   0x000002b2   Code   RO         3253    i.HAL_PCD_EP_Close  stm32l1xx_hal_pcd.o
    0x08001c6e   0x00000120   Code   RO         3254    i.HAL_PCD_EP_ClrStall  stm32l1xx_hal_pcd.o
    0x08001d8e   0x00000018   Code   RO         3256    i.HAL_PCD_EP_GetRxCount  stm32l1xx_hal_pcd.o
    0x08001da6   0x00000522   Code   RO         3257    i.HAL_PCD_EP_Open   stm32l1xx_hal_pcd.o
    0x080022c8   0x000001d6   Code   RO         3258    i.HAL_PCD_EP_Receive  stm32l1xx_hal_pcd.o
    0x0800249e   0x000000ea   Code   RO         3259    i.HAL_PCD_EP_SetStall  stm32l1xx_hal_pcd.o
    0x08002588   0x00000226   Code   RO         3260    i.HAL_PCD_EP_Transmit  stm32l1xx_hal_pcd.o
    0x080027ae   0x00000164   Code   RO         3262    i.HAL_PCD_IRQHandler  stm32l1xx_hal_pcd.o
    0x08002912   0x00000116   Code   RO         3265    i.HAL_PCD_Init      stm32l1xx_hal_pcd.o
    0x08002a28   0x00000044   Code   RO         1270    i.HAL_PCD_MspInit   usbd_conf.o
    0x08002a6c   0x0000002a   Code   RO         1271    i.HAL_PCD_ResetCallback  usbd_conf.o
    0x08002a96   0x0000000e   Code   RO         1272    i.HAL_PCD_ResumeCallback  usbd_conf.o
    0x08002aa4   0x0000000e   Code   RO         1273    i.HAL_PCD_SOFCallback  usbd_conf.o
    0x08002ab2   0x00000036   Code   RO         3271    i.HAL_PCD_SetAddress  stm32l1xx_hal_pcd.o
    0x08002ae8   0x00000012   Code   RO         1274    i.HAL_PCD_SetupStageCallback  usbd_conf.o
    0x08002afa   0x00000010   Code   RO         3273    i.HAL_PCD_Start     stm32l1xx_hal_pcd.o
    0x08002b0a   0x00000002   PAD
    0x08002b0c   0x00000024   Code   RO         1275    i.HAL_PCD_SuspendCallback  usbd_conf.o
    0x08002b30   0x00000018   Code   RO         3621    i.HAL_PWREx_EnableFastWakeUp  stm32l1xx_hal_pwr_ex.o
    0x08002b48   0x00000018   Code   RO         3623    i.HAL_PWREx_EnableUltraLowPower  stm32l1xx_hal_pwr_ex.o
    0x08002b60   0x00000010   Code   RO         3624    i.HAL_PWREx_GetVoltageRange  stm32l1xx_hal_pwr_ex.o
    0x08002b70   0x00000018   Code   RO         3501    i.HAL_PWR_DisablePVD  stm32l1xx_hal_pwr.o
    0x08002b88   0x00000040   Code   RO         3512    i.HAL_PWR_EnterSTOPMode  stm32l1xx_hal_pwr.o
    0x08002bc8   0x000001d4   Code   RO         3787    i.HAL_RCCEx_PeriphCLKConfig  stm32l1xx_hal_rcc_ex.o
    0x08002d9c   0x000002e8   Code   RO         3679    i.HAL_RCC_ClockConfig  stm32l1xx_hal_rcc.o
    0x08003084   0x0000000c   Code   RO         3684    i.HAL_RCC_GetHCLKFreq  stm32l1xx_hal_rcc.o
    0x08003090   0x0000002c   Code   RO         3686    i.HAL_RCC_GetPCLK1Freq  stm32l1xx_hal_rcc.o
    0x080030bc   0x0000002c   Code   RO         3687    i.HAL_RCC_GetPCLK2Freq  stm32l1xx_hal_rcc.o
    0x080030e8   0x000000b4   Code   RO         3688    i.HAL_RCC_GetSysClockFreq  stm32l1xx_hal_rcc.o
    0x0800319c   0x000009bc   Code   RO         3691    i.HAL_RCC_OscConfig  stm32l1xx_hal_rcc.o
    0x08003b58   0x00000002   Code   RO         3929    i.HAL_RTCEx_AlarmBEventCallback  stm32l1xx_hal_rtc_ex.o
    0x08003b5a   0x00000098   Code   RO         3937    i.HAL_RTCEx_DeactivateWakeUpTimer  stm32l1xx_hal_rtc_ex.o
    0x08003bf2   0x00000002   Code   RO         3821    i.HAL_RTC_AlarmAEventCallback  stm32l1xx_hal_rtc.o
    0x08003bf4   0x0000006c   Code   RO         3822    i.HAL_RTC_AlarmIRQHandler  stm32l1xx_hal_rtc.o
    0x08003c60   0x000000f4   Code   RO         3824    i.HAL_RTC_DeactivateAlarm  stm32l1xx_hal_rtc.o
    0x08003d54   0x00000082   Code   RO         3959    i.HAL_RTC_GetAlarm  stm32l1xx_hal_rtc_ex.o
    0x08003dd6   0x00000002   PAD
    0x08003dd8   0x0000004c   Code   RO         3825    i.HAL_RTC_GetDate   stm32l1xx_hal_rtc.o
    0x08003e24   0x00000054   Code   RO         3960    i.HAL_RTC_GetTime   stm32l1xx_hal_rtc_ex.o
    0x08003e78   0x000000b4   Code   RO         3827    i.HAL_RTC_Init      stm32l1xx_hal_rtc.o
    0x08003f2c   0x00000002   Code   RO         3829    i.HAL_RTC_MspInit   stm32l1xx_hal_rtc.o
    0x08003f2e   0x00000002   PAD
    0x08003f30   0x00000210   Code   RO         3962    i.HAL_RTC_SetAlarm_IT  stm32l1xx_hal_rtc_ex.o
    0x08004140   0x00000108   Code   RO         3831    i.HAL_RTC_SetDate   stm32l1xx_hal_rtc.o
    0x08004248   0x0000012c   Code   RO         3832    i.HAL_RTC_SetTime   stm32l1xx_hal_rtc.o
    0x08004374   0x0000003a   Code   RO         3963    i.HAL_RTC_WaitForSynchro  stm32l1xx_hal_rtc_ex.o
    0x080043ae   0x00000030   Code   RO         4196    i.HAL_SPI_DeInit    stm32l1xx_hal_spi.o
    0x080043de   0x0000007c   Code   RO         4432    i.HAL_SPI_Init      stm32l1xx_hal_spi_ex.o
    0x0800445a   0x00000002   Code   RO         4202    i.HAL_SPI_MspDeInit  stm32l1xx_hal_spi.o
    0x0800445c   0x00000002   Code   RO         4203    i.HAL_SPI_MspInit   stm32l1xx_hal_spi.o
    0x0800445e   0x00000028   Code   RO         1957    i.HAL_SYSTICK_CLKSourceConfig  stm32l1xx_hal_cortex.o
    0x08004486   0x00000002   Code   RO         1958    i.HAL_SYSTICK_Callback  stm32l1xx_hal_cortex.o
    0x08004488   0x00000034   Code   RO         1959    i.HAL_SYSTICK_Config  stm32l1xx_hal_cortex.o
    0x080044bc   0x00000008   Code   RO         1960    i.HAL_SYSTICK_IRQHandler  stm32l1xx_hal_cortex.o
    0x080044c4   0x00000018   Code   RO          922    i.HAL_UART_ErrorCallback  uart-board.o
    0x080044dc   0x000000da   Code   RO         4525    i.HAL_UART_IRQHandler  stm32l1xx_hal_uart.o
    0x080045b6   0x0000006e   Code   RO         4526    i.HAL_UART_Init     stm32l1xx_hal_uart.o
    0x08004624   0x00000002   Code   RO         4528    i.HAL_UART_MspInit  stm32l1xx_hal_uart.o
    0x08004626   0x00000086   Code   RO         4531    i.HAL_UART_Receive_IT  stm32l1xx_hal_uart.o
    0x080046ac   0x00000040   Code   RO          923    i.HAL_UART_RxCpltCallback  uart-board.o
    0x080046ec   0x0000006e   Code   RO         4536    i.HAL_UART_Transmit_IT  stm32l1xx_hal_uart.o
    0x0800475a   0x00000002   PAD
    0x0800475c   0x00000040   Code   RO          924    i.HAL_UART_TxCpltCallback  uart-board.o
    0x0800479c   0x0000003c   Code   RO         6138    i.I2cInit           i2c.o
    0x080047d8   0x00000060   Code   RO          590    i.I2cMcuFormat      i2c-board.o
    0x08004838   0x00000084   Code   RO          591    i.I2cMcuInit        i2c-board.o
    0x080048bc   0x00000012   Code   RO         6038    i.IsFifoEmpty       fifo.o
    0x080048ce   0x0000001a   Code   RO         6039    i.IsFifoFull        fifo.o
    0x080048e8   0x00000004   Code   RO         5578    i.MemManage_Handler  sysirqhandlers.o
    0x080048ec   0x00000002   Code   RO         5579    i.NMI_Handler       sysirqhandlers.o
    0x080048ee   0x00000002   PAD
    0x080048f0   0x00000010   Code   RO         1961    i.NVIC_GetPriorityGrouping  stm32l1xx_hal_cortex.o
    0x08004900   0x00000028   Code   RO         1962    i.NVIC_SetPriority  stm32l1xx_hal_cortex.o
    0x08004928   0x0000000c   Code   RO          323    i.OnCalibrateSystemWakeupTimeTimerEvent  board.o
    0x08004934   0x00000074   Code   RO            4    i.OnRxDone          main.o
    0x080049a8   0x00000044   Code   RO            5    i.OnRxError         main.o
    0x080049ec   0x00000044   Code   RO            6    i.OnRxTimeout       main.o
    0x08004a30   0x00000038   Code   RO            7    i.OnTxDone          main.o
    0x08004a68   0x0000003c   Code   RO            8    i.OnTxTimeout       main.o
    0x08004aa4   0x0000044a   Code   RO         3276    i.PCD_EP_ISR_Handler  stm32l1xx_hal_pcd.o
    0x08004eee   0x00000024   Code   RO         3277    i.PCD_ReadPMA       stm32l1xx_hal_pcd.o
    0x08004f12   0x0000003a   Code   RO         3278    i.PCD_WritePMA      stm32l1xx_hal_pcd.o
    0x08004f4c   0x000000a8   Code   RO         3692    i.RCC_SetFlashLatencyFromMSIRange  stm32l1xx_hal_rcc.o
    0x08004ff4   0x0000002c   Code   RO          653    i.RTC_Alarm_IRQHandler  rtc-board.o
    0x08005020   0x00000016   Code   RO         3833    i.RTC_Bcd2ToByte    stm32l1xx_hal_rtc.o
    0x08005036   0x0000001a   Code   RO         3834    i.RTC_ByteToBcd2    stm32l1xx_hal_rtc.o
    0x08005050   0x0000003e   Code   RO         3835    i.RTC_EnterInitMode  stm32l1xx_hal_rtc.o
    0x0800508e   0x00000002   PAD
    0x08005090   0x0000003c   Code   RO          654    i.RtcCheckCalendarRollOver  rtc-board.o
    0x080050cc   0x00000024   Code   RO          655    i.RtcComputeElapsedTime  rtc-board.o
    0x080050f0   0x0000025c   Code   RO          657    i.RtcComputeTimerTimeToAlarmTick  rtc-board.o
    0x0800534c   0x000000a4   Code   RO          658    i.RtcComputeWakeUpTime  rtc-board.o
    0x080053f0   0x00000184   Code   RO          659    i.RtcConvertCalendarTickToTimerTime  rtc-board.o
    0x08005574   0x00000044   Code   RO          661    i.RtcEnterLowPowerStopMode  rtc-board.o
    0x080055b8   0x0000004c   Code   RO          662    i.RtcGetAdjustedTimeoutValue  rtc-board.o
    0x08005604   0x00000044   Code   RO          663    i.RtcGetCalendar    rtc-board.o
    0x08005648   0x0000002c   Code   RO          664    i.RtcGetElapsedAlarmTime  rtc-board.o
    0x08005674   0x0000000a   Code   RO          665    i.RtcGetTimerValue  rtc-board.o
    0x0800567e   0x00000002   PAD
    0x08005680   0x000000b0   Code   RO          666    i.RtcInit           rtc-board.o
    0x08005730   0x00000048   Code   RO          667    i.RtcRecoverMcuStatus  rtc-board.o
    0x08005778   0x0000000c   Code   RO          668    i.RtcSetTimeout     rtc-board.o
    0x08005784   0x00000098   Code   RO          669    i.RtcStartWakeUpAlarm  rtc-board.o
    0x0800581c   0x000000b8   Code   RO         5687    i.RxChainCalibration  sx1276.o
    0x080058d4   0x00000024   Code   RO          829    i.SX1276AntSwDeInit  sx1276-board.o
    0x080058f8   0x00000024   Code   RO          830    i.SX1276AntSwInit   sx1276-board.o
    0x0800591c   0x00000006   Code   RO          831    i.SX1276CheckRfFrequency  sx1276-board.o
    0x08005922   0x00000002   PAD
    0x08005924   0x00000014   Code   RO          832    i.SX1276GetPaSelect  sx1276-board.o
    0x08005938   0x0000000c   Code   RO         5688    i.SX1276GetStatus   sx1276.o
    0x08005944   0x0000029c   Code   RO         5689    i.SX1276GetTimeOnAir  sx1276.o
    0x08005be0   0x00000094   Code   RO         5690    i.SX1276Init        sx1276.o
    0x08005c74   0x00000094   Code   RO          833    i.SX1276IoDeInit    sx1276-board.o
    0x08005d08   0x000000a0   Code   RO          834    i.SX1276IoInit      sx1276-board.o
    0x08005da8   0x0000005c   Code   RO          835    i.SX1276IoIrqInit   sx1276-board.o
    0x08005e04   0x00000060   Code   RO         5691    i.SX1276IsChannelFree  sx1276.o
    0x08005e64   0x0000039c   Code   RO         5692    i.SX1276OnDio0Irq   sx1276.o
    0x08006200   0x000001a8   Code   RO         5693    i.SX1276OnDio1Irq   sx1276.o
    0x080063a8   0x00000154   Code   RO         5694    i.SX1276OnDio2Irq   sx1276.o
    0x080064fc   0x00000070   Code   RO         5695    i.SX1276OnDio3Irq   sx1276.o
    0x0800656c   0x0000002c   Code   RO         5696    i.SX1276OnDio4Irq   sx1276.o
    0x08006598   0x0000010c   Code   RO         5698    i.SX1276OnTimeoutIrq  sx1276.o
    0x080066a4   0x00000040   Code   RO         5699    i.SX1276Random      sx1276.o
    0x080066e4   0x00000014   Code   RO         5700    i.SX1276Read        sx1276.o
    0x080066f8   0x00000048   Code   RO         5701    i.SX1276ReadBuffer  sx1276.o
    0x08006740   0x00000012   Code   RO         5702    i.SX1276ReadFifo    sx1276.o
    0x08006752   0x00000002   PAD
    0x08006754   0x00000054   Code   RO         5703    i.SX1276ReadRssi    sx1276.o
    0x080067a8   0x0000003c   Code   RO         5704    i.SX1276Reset       sx1276.o
    0x080067e4   0x00000134   Code   RO         5705    i.SX1276Send        sx1276.o
    0x08006918   0x00000038   Code   RO          836    i.SX1276SetAntSw    sx1276-board.o
    0x08006950   0x00000024   Code   RO          837    i.SX1276SetAntSwLowPower  sx1276-board.o
    0x08006974   0x0000004c   Code   RO         5706    i.SX1276SetChannel  sx1276.o
    0x080069c0   0x00000038   Code   RO         5707    i.SX1276SetMaxPayloadLength  sx1276.o
    0x080069f8   0x000000a0   Code   RO         5708    i.SX1276SetModem    sx1276.o
    0x08006a98   0x00000032   Code   RO         5709    i.SX1276SetOpMode   sx1276.o
    0x08006aca   0x00000002   PAD
    0x08006acc   0x0000002c   Code   RO         5710    i.SX1276SetPublicNetwork  sx1276.o
    0x08006af8   0x000000c0   Code   RO          838    i.SX1276SetRfTxPower  sx1276-board.o
    0x08006bb8   0x0000028c   Code   RO         5711    i.SX1276SetRx       sx1276.o
    0x08006e44   0x00000328   Code   RO         5712    i.SX1276SetRxConfig  sx1276.o
    0x0800716c   0x0000002c   Code   RO         5713    i.SX1276SetSleep    sx1276.o
    0x08007198   0x0000002c   Code   RO         5714    i.SX1276SetStby     sx1276.o
    0x080071c4   0x000000c0   Code   RO         5715    i.SX1276SetTx       sx1276.o
    0x08007284   0x0000026c   Code   RO         5716    i.SX1276SetTxConfig  sx1276.o
    0x080074f0   0x0000008c   Code   RO         5717    i.SX1276SetTxContinuousWave  sx1276.o
    0x0800757c   0x00000048   Code   RO         5718    i.SX1276StartCad    sx1276.o
    0x080075c4   0x00000010   Code   RO         5719    i.SX1276Write       sx1276.o
    0x080075d4   0x00000044   Code   RO         5720    i.SX1276WriteBuffer  sx1276.o
    0x08007618   0x00000012   Code   RO         5721    i.SX1276WriteFifo   sx1276.o
    0x0800762a   0x00000066   Code   RO          781    i.SpiDeInit         spi-board.o
    0x08007690   0x00000034   Code   RO          782    i.SpiFormat         spi-board.o
    0x080076c4   0x00000050   Code   RO          783    i.SpiFrequency      spi-board.o
    0x08007714   0x00000050   Code   RO          784    i.SpiInOut          spi-board.o
    0x08007764   0x000001c4   Code   RO          785    i.SpiInit           spi-board.o
    0x08007928   0x0000000c   Code   RO          324    i.SysTick_Handler   board.o
    0x08007934   0x000000b8   Code   RO          325    i.SystemClockConfig  board.o
    0x080079ec   0x00000108   Code   RO          326    i.SystemClockReConfig  board.o
    0x08007af4   0x00000064   Code   RO         1103    i.SystemInit        system_stm32l1xx.o
    0x08007b58   0x00000020   Code   RO         6199    i.TimerExists       timer.o
    0x08007b78   0x00000008   Code   RO         6200    i.TimerGetCurrentTime  timer.o
    0x08007b80   0x0000000c   Code   RO         6201    i.TimerGetElapsedTime  timer.o
    0x08007b8c   0x00000008   Code   RO         6203    i.TimerGetValue     timer.o
    0x08007b94   0x0000000e   Code   RO         6204    i.TimerInit         timer.o
    0x08007ba2   0x00000002   PAD
    0x08007ba4   0x0000002c   Code   RO         6205    i.TimerInsertNewHeadTimer  timer.o
    0x08007bd0   0x0000006c   Code   RO         6206    i.TimerInsertTimer  timer.o
    0x08007c3c   0x0000008c   Code   RO         6207    i.TimerIrqHandler   timer.o
    0x08007cc8   0x00000044   Code   RO         6208    i.TimerLowPowerHandler  timer.o
    0x08007d0c   0x00000020   Code   RO         6210    i.TimerSetTimeout   timer.o
    0x08007d2c   0x00000012   Code   RO         6211    i.TimerSetValue     timer.o
    0x08007d3e   0x00000002   PAD
    0x08007d40   0x00000088   Code   RO         6212    i.TimerStart        timer.o
    0x08007dc8   0x000000ec   Code   RO         6213    i.TimerStop         timer.o
    0x08007eb4   0x00000030   Code   RO         4544    i.UART_EndTransmit_IT  stm32l1xx_hal_uart.o
    0x08007ee4   0x000000bc   Code   RO         4545    i.UART_Receive_IT   stm32l1xx_hal_uart.o
    0x08007fa0   0x00000358   Code   RO         4546    i.UART_SetConfig    stm32l1xx_hal_uart.o
    0x080082f8   0x00000070   Code   RO         4547    i.UART_Transmit_IT  stm32l1xx_hal_uart.o
    0x08008368   0x00000010   Code   RO          925    i.USART1_IRQHandler  uart-board.o
    0x08008378   0x0000001a   Code   RO         5174    i.USBD_CDC_DataIn   usbd_cdc.o
    0x08008392   0x00000034   Code   RO         5175    i.USBD_CDC_DataOut  usbd_cdc.o
    0x080083c6   0x00000040   Code   RO         5176    i.USBD_CDC_DeInit   usbd_cdc.o
    0x08008406   0x00000032   Code   RO         5177    i.USBD_CDC_EP0_RxReady  usbd_cdc.o
    0x08008438   0x00000010   Code   RO         5178    i.USBD_CDC_GetDeviceQualifierDescriptor  usbd_cdc.o
    0x08008448   0x00000010   Code   RO         5179    i.USBD_CDC_GetFSCfgDesc  usbd_cdc.o
    0x08008458   0x00000010   Code   RO         5180    i.USBD_CDC_GetHSCfgDesc  usbd_cdc.o
    0x08008468   0x00000010   Code   RO         5181    i.USBD_CDC_GetOtherSpeedCfgDesc  usbd_cdc.o
    0x08008478   0x000000a6   Code   RO         5182    i.USBD_CDC_Init     usbd_cdc.o
    0x0800851e   0x0000003a   Code   RO         5183    i.USBD_CDC_ReceivePacket  usbd_cdc.o
    0x08008558   0x0000000e   Code   RO         5184    i.USBD_CDC_RegisterInterface  usbd_cdc.o
    0x08008566   0x0000000e   Code   RO         5185    i.USBD_CDC_SetRxBuffer  usbd_cdc.o
    0x08008574   0x00000014   Code   RO         5186    i.USBD_CDC_SetTxBuffer  usbd_cdc.o
    0x08008588   0x00000090   Code   RO         5187    i.USBD_CDC_Setup    usbd_cdc.o
    0x08008618   0x00000038   Code   RO         5188    i.USBD_CDC_TransmitPacket  usbd_cdc.o
    0x08008650   0x00000016   Code   RO         5283    i.USBD_ClrClassConfig  usbd_core.o
    0x08008666   0x00000044   Code   RO         5421    i.USBD_ClrFeature   usbd_ctlreq.o
    0x080086aa   0x00000018   Code   RO         5516    i.USBD_CtlContinueRx  usbd_ioreq.o
    0x080086c2   0x00000018   Code   RO         5517    i.USBD_CtlContinueSendData  usbd_ioreq.o
    0x080086da   0x00000018   Code   RO         5422    i.USBD_CtlError     usbd_ctlreq.o
    0x080086f2   0x00000028   Code   RO         5518    i.USBD_CtlPrepareRx  usbd_ioreq.o
    0x0800871a   0x0000001a   Code   RO         5519    i.USBD_CtlReceiveStatus  usbd_ioreq.o
    0x08008734   0x00000022   Code   RO         5520    i.USBD_CtlSendData  usbd_ioreq.o
    0x08008756   0x0000001a   Code   RO         5521    i.USBD_CtlSendStatus  usbd_ioreq.o
    0x08008770   0x00000034   Code   RO         1482    i.USBD_FS_ConfigStrDescriptor  usbd_desc.o
    0x080087a4   0x00000010   Code   RO         1483    i.USBD_FS_DeviceDescriptor  usbd_desc.o
    0x080087b4   0x00000038   Code   RO         1484    i.USBD_FS_InterfaceStrDescriptor  usbd_desc.o
    0x080087ec   0x00000010   Code   RO         1485    i.USBD_FS_LangIDStrDescriptor  usbd_desc.o
    0x080087fc   0x0000002c   Code   RO         1486    i.USBD_FS_ManufacturerStrDescriptor  usbd_desc.o
    0x08008828   0x00000040   Code   RO         1487    i.USBD_FS_ProductStrDescriptor  usbd_desc.o
    0x08008868   0x00000038   Code   RO         1488    i.USBD_FS_SerialStrDescriptor  usbd_desc.o
    0x080088a0   0x00000050   Code   RO         5423    i.USBD_GetConfig    usbd_ctlreq.o
    0x080088f0   0x00000148   Code   RO         5424    i.USBD_GetDescriptor  usbd_ctlreq.o
    0x08008a38   0x00000014   Code   RO         5425    i.USBD_GetLen       usbd_ctlreq.o
    0x08008a4c   0x00000044   Code   RO         5426    i.USBD_GetStatus    usbd_ctlreq.o
    0x08008a90   0x00000052   Code   RO         5427    i.USBD_GetString    usbd_ctlreq.o
    0x08008ae2   0x00000032   Code   RO         5285    i.USBD_Init         usbd_core.o
    0x08008b14   0x00000014   Code   RO         1276    i.USBD_LL_ClearStallEP  usbd_conf.o
    0x08008b28   0x00000014   Code   RO         1277    i.USBD_LL_CloseEP   usbd_conf.o
    0x08008b3c   0x000000da   Code   RO         5286    i.USBD_LL_DataInStage  usbd_core.o
    0x08008c16   0x00000086   Code   RO         5287    i.USBD_LL_DataOutStage  usbd_core.o
    0x08008c9c   0x00000012   Code   RO         1281    i.USBD_LL_GetRxDataSize  usbd_conf.o
    0x08008cae   0x00000002   PAD
    0x08008cb0   0x00000084   Code   RO         1282    i.USBD_LL_Init      usbd_conf.o
    0x08008d34   0x00000038   Code   RO         1283    i.USBD_LL_IsStallEP  usbd_conf.o
    0x08008d6c   0x00000020   Code   RO         1284    i.USBD_LL_OpenEP    usbd_conf.o
    0x08008d8c   0x00000020   Code   RO         1285    i.USBD_LL_PrepareReceive  usbd_conf.o
    0x08008dac   0x00000044   Code   RO         5292    i.USBD_LL_Reset     usbd_core.o
    0x08008df0   0x0000000e   Code   RO         5293    i.USBD_LL_Resume    usbd_core.o
    0x08008dfe   0x00000022   Code   RO         5294    i.USBD_LL_SOF       usbd_core.o
    0x08008e20   0x00000008   Code   RO         5295    i.USBD_LL_SetSpeed  usbd_core.o
    0x08008e28   0x00000014   Code   RO         1286    i.USBD_LL_SetUSBAddress  usbd_conf.o
    0x08008e3c   0x0000006e   Code   RO         5296    i.USBD_LL_SetupStage  usbd_core.o
    0x08008eaa   0x00000014   Code   RO         1287    i.USBD_LL_StallEP   usbd_conf.o
    0x08008ebe   0x00000010   Code   RO         1288    i.USBD_LL_Start     usbd_conf.o
    0x08008ece   0x00000014   Code   RO         5297    i.USBD_LL_Suspend   usbd_core.o
    0x08008ee2   0x00000020   Code   RO         1290    i.USBD_LL_Transmit  usbd_conf.o
    0x08008f02   0x00000028   Code   RO         5428    i.USBD_ParseSetupRequest  usbd_ctlreq.o
    0x08008f2a   0x00000010   Code   RO         5298    i.USBD_RegisterClass  usbd_core.o
    0x08008f3a   0x00000006   Code   RO         5299    i.USBD_RunTestMode  usbd_core.o
    0x08008f40   0x00000054   Code   RO         5429    i.USBD_SetAddress   usbd_ctlreq.o
    0x08008f94   0x00000022   Code   RO         5300    i.USBD_SetClassConfig  usbd_core.o
    0x08008fb6   0x00000002   PAD
    0x08008fb8   0x000000e0   Code   RO         5430    i.USBD_SetConfig    usbd_ctlreq.o
    0x08009098   0x00000024   Code   RO         5431    i.USBD_SetFeature   usbd_ctlreq.o
    0x080090bc   0x0000000e   Code   RO         5301    i.USBD_Start        usbd_core.o
    0x080090ca   0x00000072   Code   RO         5432    i.USBD_StdDevReq    usbd_ctlreq.o
    0x0800913c   0x00000156   Code   RO         5433    i.USBD_StdEPReq     usbd_ctlreq.o
    0x08009292   0x0000004a   Code   RO         5434    i.USBD_StdItfReq    usbd_ctlreq.o
    0x080092dc   0x00000002   Code   RO         1291    i.USBD_static_free  usbd_conf.o
    0x080092de   0x00000002   PAD
    0x080092e0   0x0000000c   Code   RO         1292    i.USBD_static_malloc  usbd_conf.o
    0x080092ec   0x00000010   Code   RO          998    i.USB_LP_IRQHandler  uart-usb-board.o
    0x080092fc   0x00000042   Code   RO         6306    i.UartConfig        uart.o
    0x0800933e   0x00000036   Code   RO         6310    i.UartInit          uart.o
    0x08009374   0x00000118   Code   RO          926    i.UartMcuConfig     uart-board.o
    0x0800948c   0x00000078   Code   RO          929    i.UartMcuInit       uart-board.o
    0x08009504   0x00000008   Code   RO          999    i.UartUsbConfig     uart-usb-board.o
    0x0800950c   0x00000080   Code   RO         1002    i.UartUsbInit       uart-usb-board.o
    0x0800958c   0x00000012   Code   RO         1004    i.UartUsbPutBuffer  uart-usb-board.o
    0x0800959e   0x00000010   Code   RO         1005    i.UartUsbPutChar    uart-usb-board.o
    0x080095ae   0x00000004   Code   RO         5580    i.UsageFault_Handler  sysirqhandlers.o
    0x080095b2   0x00000002   PAD
    0x080095b4   0x00000020   Code   RO         6515    i.__0printf$5       mc_w.l(printf5.o)
    0x080095d4   0x0000000e   Code   RO         6707    i.__scatterload_copy  mc_w.l(handlers.o)
    0x080095e2   0x00000002   Code   RO         6708    i.__scatterload_null  mc_w.l(handlers.o)
    0x080095e4   0x0000000e   Code   RO         6709    i.__scatterload_zeroinit  mc_w.l(handlers.o)
    0x080095f2   0x00000002   PAD
    0x080095f4   0x000002c0   Code   RO         6522    i._printf_core      mc_w.l(printf5.o)
    0x080098b4   0x000000dc   Code   RO         6364    i.ceil              m_ws.l(ceil.o)
    0x08009990   0x000000dc   Code   RO         6368    i.floor             m_ws.l(floor.o)
    0x08009a6c   0x0000001c   Code   RO         1006    i.fputc             uart-usb-board.o
    0x08009a88   0x00000114   Code   RO            9    i.main              main.o
    0x08009b9c   0x00000018   Code   RO         5625    i.memcpy1           utilities.o
    0x08009bb4   0x00000094   Code   RO         6371    i.round             m_ws.l(round.o)
    0x08009c48   0x00000018   Data   RO          671    .constdata          rtc-board.o
    0x08009c60   0x0000005c   Data   RO          840    .constdata          sx1276-board.o
    0x08009cbc   0x00000021   Data   RO         1104    .constdata          system_stm32l1xx.o
    0x08009cdd   0x00000003   PAD
    0x08009ce0   0x000000e0   Data   RO         5723    .constdata          sx1276.o
    0x08009dc0   0x00000020   Data   RO         6705    Region$$Table       anon$$obj.o


    Execution Region RW_IRAM1 (Base: 0x20000000, Size: 0x00001908, Max: 0x00004000, ABSOLUTE, COMPRESSED[0x000000e8])

    Base Addr    Size         Type   Attr      Idx    E Section Name        Object

    0x20000000   0x0000000d   Data   RW           12    .data               main.o
    0x2000000d   0x00000001   PAD
    0x2000000e   0x00000006   Data   RW          328    .data               board.o
    0x20000014   0x00000010   Data   RW          672    .data               rtc-board.o
    0x20000024   0x00000001   Data   RW          841    .data               sx1276-board.o
    0x20000025   0x00000002   Data   RW          932    .data               uart-board.o
    0x20000027   0x00000001   PAD
    0x20000028   0x00000004   Data   RW         1105    .data               system_stm32l1xx.o
    0x2000002c   0x00000020   Data   RW         1211    .data               usbd_cdc_if.o
    0x2000004c   0x00000034   Data   RW         1490    .data               usbd_desc.o
    0x20000080   0x00000004   Data   RW         1568    .data               stm32l1xx_hal.o
    0x20000084   0x00000110   Data   RW         5189    .data               usbd_cdc.o
    0x20000194   0x00000001   Data   RW         5435    .data               usbd_ctlreq.o
    0x20000195   0x00000003   PAD
    0x20000198   0x0000001c   Data   RW         5724    .data               sx1276.o
    0x200001b4   0x00000001   Data   RW         5929    .data               adc.o
    0x200001b5   0x00000001   Data   RW         6144    .data               i2c.o
    0x200001b6   0x00000002   PAD
    0x200001b8   0x00000008   Data   RW         6214    .data               timer.o
    0x200001c0   0x00000004   Data   RW         6683    .data               mc_w.l(stdout.o)
    0x200001c4   0x0000005c   Zero   RW           10    .bss                main.o
    0x20000220   0x00000054   Zero   RW          261    .bss                adc-board.o
    0x20000274   0x0000025c   Zero   RW          327    .bss                board.o
    0x200004d0   0x00000040   Zero   RW          496    .bss                gpio-board.o
    0x20000510   0x00000034   Zero   RW          670    .bss                rtc-board.o
    0x20000544   0x00000024   Zero   RW          839    .bss                sx1276-board.o
    0x20000568   0x00000040   Zero   RW          931    .bss                uart-board.o
    0x200005a8   0x00000224   Zero   RW         1007    .bss                uart-usb-board.o
    0x200007cc   0x00000480   Zero   RW         1210    .bss                usbd_cdc_if.o
    0x20000c4c   0x00000440   Zero   RW         1293    .bss                usbd_conf.o
    0x2000108c   0x00000200   Zero   RW         1489    .bss                usbd_desc.o
    0x2000128c   0x0000027c   Zero   RW         5722    .bss                sx1276.o
    0x20001508   0x00000400   Zero   RW         1092    STACK               startup_stm32l151xb.o


==============================================================================

Image component sizes


      Code (inc. data)   RO Data    RW Data    ZI Data      Debug   Object Name

       136         18          0          0         84       2960   adc-board.o
        48          8          0          1          0       1494   adc.o
       860         94          0          6        604       6465   board.o
        12          0          0          0          0        478   delay.o
         0          0          0          0          0        568   eeprom-board.o
       130          0          0          0          0       3431   fifo.o
       968         52          0          0         64       8073   gpio-board.o
       140          0          0          0          0       2757   gpio.o
       228         14          0          0          0       1984   i2c-board.o
        60         10          0          1          0       1098   i2c.o
       644        244          0         13         92     416044   main.o
      1998        194         24         16         52      11661   rtc-board.o
       766         24          0          0          0       3948   spi-board.o
        36          8        244          0       1024        856   startup_stm32l151xb.o
       116         14          0          4          0       3791   stm32l1xx_hal.o
       846         36          0          0          0       4291   stm32l1xx_hal_adc.o
       348         22          0          0          0      29733   stm32l1xx_hal_cortex.o
       520         38          0          0          0       3658   stm32l1xx_hal_gpio.o
       374         12          0          0          0       2633   stm32l1xx_hal_i2c.o
         2          0          0          0          0        518   stm32l1xx_hal_msp_template.o
      5466          0          0          0          0      14125   stm32l1xx_hal_pcd.o
        68          0          0          0          0       1234   stm32l1xx_hal_pcd_ex.o
        88         14          0          0          0       1153   stm32l1xx_hal_pwr.o
        64         14          0          0          0       1657   stm32l1xx_hal_pwr_ex.o
      3684        100          0          0          0       7140   stm32l1xx_hal_rcc.o
       468         14          0          0          0       1492   stm32l1xx_hal_rcc_ex.o
      1286         24          0          0          0       8411   stm32l1xx_hal_rtc.o
       954         10          0          0          0       5318   stm32l1xx_hal_rtc_ex.o
        52          0          0          0          0       2219   stm32l1xx_hal_spi.o
       124          0          0          0          0       1111   stm32l1xx_hal_spi_ex.o
      1778          6          0          0          0       7066   stm32l1xx_hal_uart.o
       782         42         92          1         36       9682   sx1276-board.o
      6962        364        224         28        636      24330   sx1276.o
        16          0          0          0          0       2293   sysirqhandlers.o
       100         18         33          4          0     134995   system_stm32l1xx.o
       856         44          0          8          0       8089   timer.o
       568         58          0          2         64       4594   uart-board.o
       214         30          0          0        548       6498   uart-usb-board.o
       120          0          0          0          0       1828   uart.o
       728         30          0        272          0      12938   usbd_cdc.o
       432         46          0         32       1152       4728   usbd_cdc_if.o
       704         36          0          0       1088      19117   usbd_conf.o
       748          0          0          0          0       9911   usbd_core.o
      1584         30          0          1          0      10552   usbd_ctlreq.o
       304        128          0         52        512       5755   usbd_desc.o
       174          0          0          0          0       4604   usbd_ioreq.o
        24          0          0          0          0       1058   utilities.o

    ----------------------------------------------------------------------
     36622       1796        652        448       5956     818339   Object Totals
         0          0         32          0          0          0   (incl. Generated)
        42          0          3          7          0          0   (incl. Padding)

    ----------------------------------------------------------------------

      Code (inc. data)   RO Data    RW Data    ZI Data      Debug   Library Member Name

       220         16          0          0          0         84   ceil.o
       220         16          0          0          0         84   floor.o
       148         12          0          0          0         88   round.o
        86          0          0          0          0          0   __dczerorl2.o
         0          0          0          0          0          0   entry.o
         0          0          0          0          0          0   entry10a.o
         0          0          0          0          0          0   entry11a.o
         8          4          0          0          0          0   entry2.o
         4          0          0          0          0          0   entry5.o
         0          0          0          0          0          0   entry7b.o
         0          0          0          0          0          0   entry8b.o
         8          4          0          0          0          0   entry9a.o
        30          0          0          0          0          0   handlers.o
        36          8          0          0          0         68   init.o
         0          0          0          0          0          0   iusefp.o
        30          0          0          0          0         68   llshl.o
        36          0          0          0          0         68   llsshr.o
        32          0          0          0          0         68   llushr.o
        36          0          0          0          0         68   memcpya.o
        36          0          0          0          0        108   memseta.o
       736         56          0          0          0        184   printf5.o
         0          0          0          4          0          0   stdout.o
        98          0          0          0          0         92   uldiv.o
        48          0          0          0          0         68   cdcmple.o
        48          0          0          0          0         68   cdrcmple.o
       334          0          0          0          0        148   dadd.o
       222          0          0          0          0        100   ddiv.o
       186          0          0          0          0        176   depilogue.o
        62          0          0          0          0         80   dfixi.o
        50          0          0          0          0         76   dfixui.o
        34          0          0          0          0         76   dflti.o
        26          0          0          0          0         76   dfltui.o
       228          0          0          0          0         96   dmul.o
       136          4          0          0          0         92   drnd.o

    ----------------------------------------------------------------------
      3142        120          0          4          0       2036   Library Totals
         4          0          0          0          0          0   (incl. Padding)

    ----------------------------------------------------------------------

      Code (inc. data)   RO Data    RW Data    ZI Data      Debug   Library Name

       588         44          0          0          0        256   m_ws.l
      1176         72          0          4          0        724   mc_w.l
      1374          4          0          0          0       1056   mf_w.l

    ----------------------------------------------------------------------
      3142        120          0          4          0       2036   Library Totals

    ----------------------------------------------------------------------

==============================================================================


      Code (inc. data)   RO Data    RW Data    ZI Data      Debug   

     39764       1916        652        452       5956     803395   Grand Totals
     39764       1916        652        232       5956     803395   ELF Image Totals (compressed)
     39764       1916        652        232          0          0   ROM Totals

==============================================================================

    Total RO  Size (Code + RO Data)                40416 (  39.47kB)
    Total RW  Size (RW Data + ZI Data)              6408 (   6.26kB)
    Total ROM Size (Code + RO Data + RW Data)      40648 (  39.70kB)

==============================================================================

