Component: ARM Compiler 5.06 update 4 (build 422) Tool: armlink [4d35d2]

==============================================================================

Section Cross References

    main.o(i.McpsConfirm) refers to printf5.o(i.__0printf$5) for __2printf
    main.o(i.McpsConfirm) refers to main.o(.data) for DeviceState
    main.o(i.McpsIndication) refers to printf5.o(i.__0printf$5) for __2printf
    main.o(i.McpsIndication) refers to utilities.o(i.memcpy1) for memcpy1
    main.o(i.McpsIndication) refers to main.o(.data) for AppDataSize
    main.o(i.McpsIndication) refers to main.o(.bss) for AppData
    main.o(i.MlmeConfirm) refers to main.o(.data) for DeviceState
    main.o(i.PrepareTxFrame) refers to main.o(.bss) for AppData
    main.o(i.SendFrame) refers to loramac.o(i.LoRaMacQueryTxPossible) for LoRaMacQueryTxPossible
    main.o(i.SendFrame) refers to loramac.o(i.LoRaMacMcpsRequest) for LoRaMacMcpsRequest
    main.o(i.main) refers to board.o(i.BoardInitMcu) for BoardInitMcu
    main.o(i.main) refers to loramac.o(i.LoRaMacInitialization) for LoRaMacInitialization
    main.o(i.main) refers to loramac.o(i.LoRaMacMibSetRequestConfirm) for LoRaMacMibSetRequestConfirm
    main.o(i.main) refers to loramac.o(i.LoRaMacChannelAdd) for LoRaMacChannelAdd
    main.o(i.main) refers to loramac.o(i.LoRaMacMlmeRequest) for LoRaMacMlmeRequest
    main.o(i.main) refers to main.o(i.PrepareTxFrame) for PrepareTxFrame
    main.o(i.main) refers to main.o(i.SendFrame) for SendFrame
    main.o(i.main) refers to delay.o(i.DelayMs) for DelayMs
    main.o(i.main) refers to main.o(.data) for DeviceState
    main.o(i.main) refers to main.o(i.McpsConfirm) for McpsConfirm
    main.o(i.main) refers to main.o(i.McpsIndication) for McpsIndication
    main.o(i.main) refers to main.o(i.MlmeConfirm) for MlmeConfirm
    main.o(i.main) refers to board.o(i.BoardGetBatteryLevel) for BoardGetBatteryLevel
    main.o(i.main) refers to main.o(.constdata) for .constdata
    main.o(i.main) refers to main.o(.bss) for AppData
    adc-board.o(i.AdcMcuConfig) refers to stm32l1xx_hal_adc.o(i.HAL_ADC_Init) for HAL_ADC_Init
    adc-board.o(i.AdcMcuConfig) refers to adc-board.o(.bss) for AdcHandle
    adc-board.o(i.AdcMcuInit) refers to stm32l1xx_hal_adc.o(i.HAL_ADC_DeInit) for HAL_ADC_DeInit
    adc-board.o(i.AdcMcuInit) refers to gpio.o(i.GpioInit) for GpioInit
    adc-board.o(i.AdcMcuInit) refers to adc-board.o(.bss) for AdcHandle
    adc-board.o(i.AdcMcuReadChannel) refers to stm32l1xx_hal_adc.o(i.HAL_ADC_ConfigChannel) for HAL_ADC_ConfigChannel
    adc-board.o(i.AdcMcuReadChannel) refers to stm32l1xx_hal_adc.o(i.HAL_ADC_Start) for HAL_ADC_Start
    adc-board.o(i.AdcMcuReadChannel) refers to stm32l1xx_hal_adc.o(i.HAL_ADC_PollForConversion) for HAL_ADC_PollForConversion
    adc-board.o(i.AdcMcuReadChannel) refers to stm32l1xx_hal_adc.o(i.HAL_ADC_GetValue) for HAL_ADC_GetValue
    adc-board.o(i.AdcMcuReadChannel) refers to stm32l1xx_hal_adc.o(i.HAL_ADC_DeInit) for HAL_ADC_DeInit
    adc-board.o(i.AdcMcuReadChannel) refers to adc-board.o(.bss) for AdcHandle
    board.o(i.BoardBatteryMeasureVolage) refers to adc.o(i.AdcReadChannel) for AdcReadChannel
    board.o(i.BoardBatteryMeasureVolage) refers to ffltui.o(.text) for __aeabi_ui2f
    board.o(i.BoardBatteryMeasureVolage) refers to fmul.o(.text) for __aeabi_fmul
    board.o(i.BoardBatteryMeasureVolage) refers to fdiv.o(.text) for __aeabi_fdiv
    board.o(i.BoardBatteryMeasureVolage) refers to ffixui.o(.text) for __aeabi_f2uiz
    board.o(i.BoardBatteryMeasureVolage) refers to board.o(.bss) for Adc
    board.o(i.BoardDeInitMcu) refers to adc.o(i.AdcDeInit) for AdcDeInit
    board.o(i.BoardDeInitMcu) refers to spi-board.o(i.SpiDeInit) for SpiDeInit
    board.o(i.BoardDeInitMcu) refers to sx1276-board.o(i.SX1276IoDeInit) for SX1276IoDeInit
    board.o(i.BoardDeInitMcu) refers to board.o(.bss) for Adc
    board.o(i.BoardDeInitMcu) refers to sx1276.o(.bss) for SX1276
    board.o(i.BoardDisableIrq) refers to board.o(.data) for IrqNestLevel
    board.o(i.BoardEnableIrq) refers to board.o(.data) for IrqNestLevel
    board.o(i.BoardGetBatteryLevel) refers to board.o(i.BoardBatteryMeasureVolage) for BoardBatteryMeasureVolage
    board.o(i.BoardGetBatteryLevel) refers to board.o(i.GetBoardPowerSource) for GetBoardPowerSource
    board.o(i.BoardGetBatteryLevel) refers to board.o(.data) for BatteryVoltage
    board.o(i.BoardGetBatteryVoltage) refers to board.o(.data) for BatteryVoltage
    board.o(i.BoardInitMcu) refers to stm32l1xx_hal.o(i.HAL_Init) for HAL_Init
    board.o(i.BoardInitMcu) refers to board.o(i.SystemClockConfig) for SystemClockConfig
    board.o(i.BoardInitMcu) refers to gpio.o(i.GpioInit) for GpioInit
    board.o(i.BoardInitMcu) refers to gpio.o(i.GpioWrite) for GpioWrite
    board.o(i.BoardInitMcu) refers to uart.o(i.UartInit) for UartInit
    board.o(i.BoardInitMcu) refers to uart.o(i.UartConfig) for UartConfig
[...]
    HAL_SYSTICK_Callback                     0x08005373   Thumb Code     2  stm32l1xx_hal_cortex.o(i.HAL_SYSTICK_Callback)
    HAL_SYSTICK_Config                       0x08005375   Thumb Code    52  stm32l1xx_hal_cortex.o(i.HAL_SYSTICK_Config)
    HAL_SYSTICK_IRQHandler                   0x080053a9   Thumb Code     8  stm32l1xx_hal_cortex.o(i.HAL_SYSTICK_IRQHandler)
    HAL_UART_ErrorCallback                   0x080053b1   Thumb Code    16  uart-board.o(i.HAL_UART_ErrorCallback)
    HAL_UART_IRQHandler                      0x080053c9   Thumb Code   218  stm32l1xx_hal_uart.o(i.HAL_UART_IRQHandler)
    HAL_UART_Init                            0x080054a3   Thumb Code   110  stm32l1xx_hal_uart.o(i.HAL_UART_Init)
    HAL_UART_MspInit                         0x08005511   Thumb Code     2  stm32l1xx_hal_uart.o(i.HAL_UART_MspInit)
    HAL_UART_Receive_IT                      0x08005513   Thumb Code   134  stm32l1xx_hal_uart.o(i.HAL_UART_Receive_IT)
    HAL_UART_RxCpltCallback                  0x08005599   Thumb Code    52  uart-board.o(i.HAL_UART_RxCpltCallback)
    HAL_UART_Transmit_IT                     0x080055d9   Thumb Code   110  stm32l1xx_hal_uart.o(i.HAL_UART_Transmit_IT)
    HAL_UART_TxCpltCallback                  0x08005649   Thumb Code    50  uart-board.o(i.HAL_UART_TxCpltCallback)
    I2cInit                                  0x08005689   Thumb Code    50  i2c.o(i.I2cInit)
    I2cMcuFormat                             0x080056c5   Thumb Code    92  i2c-board.o(i.I2cMcuFormat)
    I2cMcuInit                               0x08005725   Thumb Code   122  i2c-board.o(i.I2cMcuInit)
    IsFifoEmpty                              0x080057a9   Thumb Code    18  fifo.o(i.IsFifoEmpty)
    IsFifoFull                               0x080057bb   Thumb Code    26  fifo.o(i.IsFifoFull)
    LoRaMacChannelAdd                        0x080057e9   Thumb Code    54  loramac.o(i.LoRaMacChannelAdd)
    LoRaMacComputeMic                        0x08005829   Thumb Code   136  loramaccrypto.o(i.LoRaMacComputeMic)
    LoRaMacInitialization                    0x080058bd   Thumb Code   688  loramac.o(i.LoRaMacInitialization)
    LoRaMacJoinComputeMic                    0x08005bf1   Thumb Code    78  loramaccrypto.o(i.LoRaMacJoinComputeMic)
    LoRaMacJoinComputeSKeys                  0x08005c49   Thumb Code   144  loramaccrypto.o(i.LoRaMacJoinComputeSKeys)
    LoRaMacJoinDecrypt                       0x08005cdd   Thumb Code    64  loramaccrypto.o(i.LoRaMacJoinDecrypt)
    LoRaMacMcpsRequest                       0x08005d21   Thumb Code   348  loramac.o(i.LoRaMacMcpsRequest)
    LoRaMacMibSetRequestConfirm              0x08005ea1   Thumb Code   766  loramac.o(i.LoRaMacMibSetRequestConfirm)
    LoRaMacMlmeRequest                       0x080061f5   Thumb Code   374  loramac.o(i.LoRaMacMlmeRequest)
    LoRaMacPayloadDecrypt                    0x08006399   Thumb Code    40  loramaccrypto.o(i.LoRaMacPayloadDecrypt)
    LoRaMacPayloadEncrypt                    0x080063c1   Thumb Code   210  loramaccrypto.o(i.LoRaMacPayloadEncrypt)
    LoRaMacQueryTxPossible                   0x080064a1   Thumb Code   210  loramac.o(i.LoRaMacQueryTxPossible)
    MemManage_Handler                        0x0800672d   Thumb Code     4  sysirqhandlers.o(i.MemManage_Handler)
    NMI_Handler                              0x0800675d   Thumb Code     2  sysirqhandlers.o(i.NMI_Handler)
    PrepareFrame                             0x08007c29   Thumb Code   968  loramac.o(i.PrepareFrame)
    RTC_Alarm_IRQHandler                     0x080084e5   Thumb Code    38  rtc-board.o(i.RTC_Alarm_IRQHandler)
    RTC_Bcd2ToByte                           0x08008511   Thumb Code    22  stm32l1xx_hal_rtc.o(i.RTC_Bcd2ToByte)
    RTC_ByteToBcd2                           0x08008527   Thumb Code    26  stm32l1xx_hal_rtc.o(i.RTC_ByteToBcd2)
    RTC_EnterInitMode                        0x08008541   Thumb Code    62  stm32l1xx_hal_rtc.o(i.RTC_EnterInitMode)
    RegionAdrNext                            0x0800857f   Thumb Code    40  region.o(i.RegionAdrNext)
    RegionAlternateDr                        0x080085a7   Thumb Code    22  region.o(i.RegionAlternateDr)
    RegionApplyCFList                        0x080085bd   Thumb Code    24  region.o(i.RegionApplyCFList)
    RegionApplyDrOffset                      0x080085d5   Thumb Code    34  region.o(i.RegionApplyDrOffset)
    RegionCalcBackOff                        0x080085f7   Thumb Code    24  region.o(i.RegionCalcBackOff)
    RegionChanMaskSet                        0x0800860f   Thumb Code    22  region.o(i.RegionChanMaskSet)
    RegionChannelAdd                         0x08008625   Thumb Code    22  region.o(i.RegionChannelAdd)
    RegionCommonCalcBackOff                  0x0800863b   Thumb Code   136  regioncommon.o(i.RegionCommonCalcBackOff)
    RegionCommonChanDisable                  0x080086c3   Thumb Code    70  regioncommon.o(i.RegionCommonChanDisable)
    RegionCommonChanMaskCopy                 0x08008709   Thumb Code    30  regioncommon.o(i.RegionCommonChanMaskCopy)
    RegionCommonChanVerifyDr                 0x08008727   Thumb Code   130  regioncommon.o(i.RegionCommonChanVerifyDr)
    RegionCommonComputeRxWindowParameters    0x080087a9   Thumb Code   282  regioncommon.o(i.RegionCommonComputeRxWindowParameters)
    RegionCommonComputeSymbolTimeFsk         0x080088c9   Thumb Code    26  regioncommon.o(i.RegionCommonComputeSymbolTimeFsk)
    RegionCommonComputeSymbolTimeLoRa        0x080088e9   Thumb Code    52  regioncommon.o(i.RegionCommonComputeSymbolTimeLoRa)
    RegionCommonComputeTxPower               0x08008921   Thumb Code    64  regioncommon.o(i.RegionCommonComputeTxPower)
    RegionCommonCountChannels                0x08008961   Thumb Code    54  regioncommon.o(i.RegionCommonCountChannels)
    RegionCommonGetJoinDc                    0x08008999   Thumb Code    32  regioncommon.o(i.RegionCommonGetJoinDc)
    RegionCommonLinkAdrReqVerifyParams       0x080089c1   Thumb Code   156  regioncommon.o(i.RegionCommonLinkAdrReqVerifyParams)
    RegionCommonParseLinkAdrReq              0x08008a5d   Thumb Code    72  regioncommon.o(i.RegionCommonParseLinkAdrReq)
    RegionCommonSetBandTxDone                0x08008aa5   Thumb Code    14  regioncommon.o(i.RegionCommonSetBandTxDone)
    RegionCommonUpdateBandTimeOff            0x08008ab3   Thumb Code   262  regioncommon.o(i.RegionCommonUpdateBandTimeOff)
    RegionCommonValueInRange                 0x08008bb9   Thumb Code    18  regioncommon.o(i.RegionCommonValueInRange)
    RegionComputeRxWindowParameters          0x08008bcb   Thumb Code    42  region.o(i.RegionComputeRxWindowParameters)
    RegionDlChannelReq                       0x08008bf5   Thumb Code    22  region.o(i.RegionDlChannelReq)
    RegionEU433AdrNext                       0x08008c0d   Thumb Code   142  regioneu433.o(i.RegionEU433AdrNext)
    RegionEU433AlternateDr                   0x08008ca1   Thumb Code   106  regioneu433.o(i.RegionEU433AlternateDr)
    RegionEU433ApplyCFList                   0x08008d0b   Thumb Code   134  regioneu433.o(i.RegionEU433ApplyCFList)
    RegionEU433ApplyDrOffset                 0x08008d91   Thumb Code    18  regioneu433.o(i.RegionEU433ApplyDrOffset)
    RegionEU433CalcBackOff                   0x08008da5   Thumb Code    56  regioneu433.o(i.RegionEU433CalcBackOff)
    RegionEU433ChanMaskSet                   0x08008de5   Thumb Code    48  regioneu433.o(i.RegionEU433ChanMaskSet)
    RegionEU433ChannelAdd                    0x08008e1d   Thumb Code   244  regioneu433.o(i.RegionEU433ChannelAdd)
    RegionEU433ChannelsRemove                0x08008f19   Thumb Code    50  regioneu433.o(i.RegionEU433ChannelsRemove)
    RegionEU433ComputeRxWindowParameters     0x08008f55   Thumb Code   112  regioneu433.o(i.RegionEU433ComputeRxWindowParameters)
    RegionEU433DlChannelReq                  0x08008fcd   Thumb Code    60  regioneu433.o(i.RegionEU433DlChannelReq)
    RegionEU433GetPhyParam                   0x0800900d   Thumb Code   266  regioneu433.o(i.RegionEU433GetPhyParam)
    RegionEU433InitDefaults                  0x08009139   Thumb Code   122  regioneu433.o(i.RegionEU433InitDefaults)
    RegionEU433LinkAdrReq                    0x080091c5   Thumb Code   378  regioneu433.o(i.RegionEU433LinkAdrReq)
    RegionEU433NewChannelReq                 0x08009349   Thumb Code    94  regioneu433.o(i.RegionEU433NewChannelReq)
    RegionEU433NextChannel                   0x080093a9   Thumb Code   206  regioneu433.o(i.RegionEU433NextChannel)
    RegionEU433RxConfig                      0x08009485   Thumb Code   260  regioneu433.o(i.RegionEU433RxConfig)
    RegionEU433RxParamSetupReq               0x080095a1   Thumb Code    60  regioneu433.o(i.RegionEU433RxParamSetupReq)
    RegionEU433SetBandTxDone                 0x080095e1   Thumb Code    34  regioneu433.o(i.RegionEU433SetBandTxDone)
    RegionEU433SetContinuousWave             0x0800960d   Thumb Code    92  regioneu433.o(i.RegionEU433SetContinuousWave)
    RegionEU433TxConfig                      0x08009679   Thumb Code   322  regioneu433.o(i.RegionEU433TxConfig)
    RegionEU433TxParamSetupReq               0x08009821   Thumb Code     8  regioneu433.o(i.RegionEU433TxParamSetupReq)
    RegionEU433Verify                        0x08009829   Thumb Code   156  regioneu433.o(i.RegionEU433Verify)
    RegionGetPhyParam                        0x080098c5   Thumb Code    28  region.o(i.RegionGetPhyParam)
    RegionInitDefaults                       0x080098e1   Thumb Code    24  region.o(i.RegionInitDefaults)
    RegionIsActive                           0x080098f9   Thumb Code    14  region.o(i.RegionIsActive)
    RegionLinkAdrReq                         0x08009907   Thumb Code    44  region.o(i.RegionLinkAdrReq)
    RegionNewChannelReq                      0x08009933   Thumb Code    22  region.o(i.RegionNewChannelReq)
    RegionNextChannel                        0x08009949   Thumb Code    40  region.o(i.RegionNextChannel)
    RegionRxConfig                           0x08009971   Thumb Code    26  region.o(i.RegionRxConfig)
    RegionRxParamSetupReq                    0x0800998b   Thumb Code    22  region.o(i.RegionRxParamSetupReq)
    RegionSetBandTxDone                      0x080099a1   Thumb Code    26  region.o(i.RegionSetBandTxDone)
    RegionSetContinuousWave                  0x080099bb   Thumb Code    24  region.o(i.RegionSetContinuousWave)
    RegionTxConfig                           0x080099d3   Thumb Code    34  region.o(i.RegionTxConfig)
    RegionTxParamSetupReq                    0x080099f5   Thumb Code    22  region.o(i.RegionTxParamSetupReq)
    RegionVerify                             0x08009a0b   Thumb Code    26  region.o(i.RegionVerify)
    RtcComputeElapsedTime                    0x08009b69   Thumb Code    36  rtc-board.o(i.RtcComputeElapsedTime)
    RtcEnterLowPowerStopMode                 0x0800a011   Thumb Code    54  rtc-board.o(i.RtcEnterLowPowerStopMode)
    RtcGetAdjustedTimeoutValue               0x0800a055   Thumb Code    62  rtc-board.o(i.RtcGetAdjustedTimeoutValue)
    RtcGetElapsedAlarmTime                   0x0800a0e5   Thumb Code    38  rtc-board.o(i.RtcGetElapsedAlarmTime)
    RtcGetTimerValue                         0x0800a111   Thumb Code    10  rtc-board.o(i.RtcGetTimerValue)
    RtcInit                                  0x0800a11d   Thumb Code   158  rtc-board.o(i.RtcInit)
    RtcRecoverMcuStatus                      0x0800a1cd   Thumb Code    60  rtc-board.o(i.RtcRecoverMcuStatus)
    RtcSetTimeout                            0x0800a215   Thumb Code    12  rtc-board.o(i.RtcSetTimeout)
    SX1276AntSwDeInit                        0x0800a391   Thumb Code    30  sx1276-board.o(i.SX1276AntSwDeInit)
    SX1276AntSwInit                          0x0800a3b5   Thumb Code    32  sx1276-board.o(i.SX1276AntSwInit)
    SX1276CheckRfFrequency                   0x0800a3d9   Thumb Code     6  sx1276-board.o(i.SX1276CheckRfFrequency)
    SX1276GetPaSelect                        0x0800a3e1   Thumb Code    16  sx1276-board.o(i.SX1276GetPaSelect)
    SX1276GetStatus                          0x0800a3f5   Thumb Code     8  sx1276.o(i.SX1276GetStatus)
    SX1276GetTimeOnAir                       0x0800a401   Thumb Code   628  sx1276.o(i.SX1276GetTimeOnAir)
    SX1276Init                               0x0800a69d   Thumb Code   114  sx1276.o(i.SX1276Init)
    SX1276IoDeInit                           0x0800a731   Thumb Code   144  sx1276-board.o(i.SX1276IoDeInit)
    SX1276IoInit                             0x0800a7c5   Thumb Code   154  sx1276-board.o(i.SX1276IoInit)
    SX1276IoIrqInit                          0x0800a865   Thumb Code    88  sx1276-board.o(i.SX1276IoIrqInit)
    SX1276IsChannelFree                      0x0800a8c1   Thumb Code    96  sx1276.o(i.SX1276IsChannelFree)
    SX1276OnDio0Irq                          0x0800a921   Thumb Code   890  sx1276.o(i.SX1276OnDio0Irq)
    SX1276OnDio1Irq                          0x0800acbd   Thumb Code   404  sx1276.o(i.SX1276OnDio1Irq)
    SX1276OnDio2Irq                          0x0800ae65   Thumb Code   322  sx1276.o(i.SX1276OnDio2Irq)
    SX1276OnDio3Irq                          0x0800afb9   Thumb Code   104  sx1276.o(i.SX1276OnDio3Irq)
    SX1276OnDio4Irq                          0x0800b029   Thumb Code    40  sx1276.o(i.SX1276OnDio4Irq)
    SX1276OnTimeoutIrq                       0x0800b055   Thumb Code   252  sx1276.o(i.SX1276OnTimeoutIrq)
    SX1276Random                             0x0800b161   Thumb Code    64  sx1276.o(i.SX1276Random)
    SX1276Read                               0x0800b1a1   Thumb Code    20  sx1276.o(i.SX1276Read)
    SX1276ReadBuffer                         0x0800b1b5   Thumb Code    66  sx1276.o(i.SX1276ReadBuffer)
    SX1276ReadFifo                           0x0800b1fd   Thumb Code    18  sx1276.o(i.SX1276ReadFifo)
    SX1276ReadRssi                           0x0800b211   Thumb Code    74  sx1276.o(i.SX1276ReadRssi)
    SX1276Reset                              0x0800b265   Thumb Code    54  sx1276.o(i.SX1276Reset)
    SX1276Send                               0x0800b2a1   Thumb Code   300  sx1276.o(i.SX1276Send)
    SX1276SetAntSw                           0x0800b3d5   Thumb Code    52  sx1276-board.o(i.SX1276SetAntSw)
    SX1276SetAntSwLowPower                   0x0800b40d   Thumb Code    30  sx1276-board.o(i.SX1276SetAntSwLowPower)
    SX1276SetChannel                         0x0800b431   Thumb Code    68  sx1276.o(i.SX1276SetChannel)
    SX1276SetMaxPayloadLength                0x0800b47d   Thumb Code    52  sx1276.o(i.SX1276SetMaxPayloadLength)
    SX1276SetModem                           0x0800b4b5   Thumb Code   154  sx1276.o(i.SX1276SetModem)
    SX1276SetOpMode                          0x0800b555   Thumb Code    50  sx1276.o(i.SX1276SetOpMode)
    SX1276SetPublicNetwork                   0x0800b589   Thumb Code    40  sx1276.o(i.SX1276SetPublicNetwork)
    SX1276SetRfTxPower                       0x0800b5b5   Thumb Code   188  sx1276-board.o(i.SX1276SetRfTxPower)
    SX1276SetRx                              0x0800b675   Thumb Code   636  sx1276.o(i.SX1276SetRx)
    SX1276SetRxConfig                        0x0800b901   Thumb Code   784  sx1276.o(i.SX1276SetRxConfig)
    SX1276SetSleep                           0x0800bc29   Thumb Code    30  sx1276.o(i.SX1276SetSleep)
    SX1276SetStby                            0x0800bc55   Thumb Code    30  sx1276.o(i.SX1276SetStby)
    SX1276SetTx                              0x0800bc81   Thumb Code   182  sx1276.o(i.SX1276SetTx)
    SX1276SetTxConfig                        0x0800bd41   Thumb Code   608  sx1276.o(i.SX1276SetTxConfig)
    SX1276SetTxContinuousWave                0x0800bfad   Thumb Code   132  sx1276.o(i.SX1276SetTxContinuousWave)
    SX1276StartCad                           0x0800c039   Thumb Code    66  sx1276.o(i.SX1276StartCad)
    SX1276Write                              0x0800c081   Thumb Code    16  sx1276.o(i.SX1276Write)
    SX1276WriteBuffer                        0x0800c091   Thumb Code    64  sx1276.o(i.SX1276WriteBuffer)
    SX1276WriteFifo                          0x0800c0d5   Thumb Code    18  sx1276.o(i.SX1276WriteFifo)
    Send                                     0x0800c275   Thumb Code   120  loramac.o(i.Send)
    SendFrameOnChannel                       0x0800c36d   Thumb Code   162  loramac.o(i.SendFrameOnChannel)
    SetTxContinuousWave                      0x0800c441   Thumb Code    88  loramac.o(i.SetTxContinuousWave)
    SetTxContinuousWave1                     0x0800c4ad   Thumb Code    52  loramac.o(i.SetTxContinuousWave1)
    SpiDeInit                                0x0800c4ed   Thumb Code   102  spi-board.o(i.SpiDeInit)
    SpiFormat                                0x0800c553   Thumb Code    52  spi-board.o(i.SpiFormat)
    SpiFrequency                             0x0800c589   Thumb Code    74  spi-board.o(i.SpiFrequency)
    SpiInOut                                 0x0800c5d9   Thumb Code    80  spi-board.o(i.SpiInOut)
    SpiInit                                  0x0800c629   Thumb Code   434  spi-board.o(i.SpiInit)
    SysTick_Handler                          0x0800c7ed   Thumb Code    12  board.o(i.SysTick_Handler)
    SystemInit                               0x0800c9b9   Thumb Code    82  system_stm32l1xx.o(i.SystemInit)
    TimerGetCurrentTime                      0x0800ca3d   Thumb Code     8  timer.o(i.TimerGetCurrentTime)
    TimerGetElapsedTime                      0x0800ca45   Thumb Code    12  timer.o(i.TimerGetElapsedTime)
    TimerGetValue                            0x0800ca51   Thumb Code     8  timer.o(i.TimerGetValue)
    TimerInit                                0x0800ca59   Thumb Code    14  timer.o(i.TimerInit)
    TimerIrqHandler                          0x0800cb01   Thumb Code   136  timer.o(i.TimerIrqHandler)
    TimerLowPowerHandler                     0x0800cb8d   Thumb Code    58  timer.o(i.TimerLowPowerHandler)
    TimerSetValue                            0x0800cbf1   Thumb Code    18  timer.o(i.TimerSetValue)
    TimerStart                               0x0800cc05   Thumb Code   132  timer.o(i.TimerStart)
    TimerStop                                0x0800cc8d   Thumb Code   230  timer.o(i.TimerStop)
    USART1_IRQHandler                        0x0800d22d   Thumb Code    10  uart-board.o(i.USART1_IRQHandler)
    USBD_CDC_GetDeviceQualifierDescriptor    0x0800d2fd   Thumb Code    10  usbd_cdc.o(i.USBD_CDC_GetDeviceQualifierDescriptor)
    USBD_CDC_ReceivePacket                   0x0800d3e3   Thumb Code    58  usbd_cdc.o(i.USBD_CDC_ReceivePacket)
    USBD_CDC_RegisterInterface               0x0800d41d   Thumb Code    14  usbd_cdc.o(i.USBD_CDC_RegisterInterface)
    USBD_CDC_SetRxBuffer                     0x0800d42b   Thumb Code    14  usbd_cdc.o(i.USBD_CDC_SetRxBuffer)
    USBD_CDC_SetTxBuffer                     0x0800d439   Thumb Code    20  usbd_cdc.o(i.USBD_CDC_SetTxBuffer)
    USBD_CDC_TransmitPacket                  0x0800d4dd   Thumb Code    56  usbd_cdc.o(i.USBD_CDC_TransmitPacket)
    USBD_ClrClassConfig                      0x0800d515   Thumb Code    22  usbd_core.o(i.USBD_ClrClassConfig)
    USBD_CtlContinueRx                       0x0800d56f   Thumb Code    24  usbd_ioreq.o(i.USBD_CtlContinueRx)
    USBD_CtlContinueSendData                 0x0800d587   Thumb Code    24  usbd_ioreq.o(i.USBD_CtlContinueSendData)
    USBD_CtlError                            0x0800d59f   Thumb Code    24  usbd_ctlreq.o(i.USBD_CtlError)
    USBD_CtlPrepareRx                        0x0800d5b7   Thumb Code    40  usbd_ioreq.o(i.USBD_CtlPrepareRx)
    USBD_CtlReceiveStatus                    0x0800d5df   Thumb Code    26  usbd_ioreq.o(i.USBD_CtlReceiveStatus)
    USBD_CtlSendData                         0x0800d5f9   Thumb Code    34  usbd_ioreq.o(i.USBD_CtlSendData)
    USBD_CtlSendStatus                       0x0800d61b   Thumb Code    26  usbd_ioreq.o(i.USBD_CtlSendStatus)
    USBD_FS_ConfigStrDescriptor              0x0800d635   Thumb Code    34  usbd_desc.o(i.USBD_FS_ConfigStrDescriptor)
    USBD_FS_DeviceDescriptor                 0x0800d669   Thumb Code    10  usbd_desc.o(i.USBD_FS_DeviceDescriptor)
    USBD_FS_InterfaceStrDescriptor           0x0800d679   Thumb Code    34  usbd_desc.o(i.USBD_FS_InterfaceStrDescriptor)
    USBD_FS_LangIDStrDescriptor              0x0800d6b1   Thumb Code    10  usbd_desc.o(i.USBD_FS_LangIDStrDescriptor)
    USBD_FS_ManufacturerStrDescriptor        0x0800d6c1   Thumb Code    20  usbd_desc.o(i.USBD_FS_ManufacturerStrDescriptor)
    USBD_FS_ProductStrDescriptor             0x0800d6ed   Thumb Code    34  usbd_desc.o(i.USBD_FS_ProductStrDescriptor)
    USBD_FS_SerialStrDescriptor              0x0800d72d   Thumb Code    34  usbd_desc.o(i.USBD_FS_SerialStrDescriptor)
    USBD_GetString                           0x0800d955   Thumb Code    82  usbd_ctlreq.o(i.USBD_GetString)
    USBD_Init                                0x0800d9a7   Thumb Code    50  usbd_core.o(i.USBD_Init)
    USBD_LL_ClearStallEP                     0x0800d9d9   Thumb Code    20  usbd_conf.o(i.USBD_LL_ClearStallEP)
    USBD_LL_CloseEP                          0x0800d9ed   Thumb Code    20  usbd_conf.o(i.USBD_LL_CloseEP)
    USBD_LL_DataInStage                      0x0800da01   Thumb Code   218  usbd_core.o(i.USBD_LL_DataInStage)
    USBD_LL_DataOutStage                     0x0800dadb   Thumb Code   134  usbd_core.o(i.USBD_LL_DataOutStage)
    USBD_LL_GetRxDataSize                    0x0800db61   Thumb Code    18  usbd_conf.o(i.USBD_LL_GetRxDataSize)
    USBD_LL_Init                             0x0800db75   Thumb Code   122  usbd_conf.o(i.USBD_LL_Init)
    USBD_LL_IsStallEP                        0x0800dbf9   Thumb Code    56  usbd_conf.o(i.USBD_LL_IsStallEP)
    USBD_LL_OpenEP                           0x0800dc31   Thumb Code    32  usbd_conf.o(i.USBD_LL_OpenEP)
    USBD_LL_PrepareReceive                   0x0800dc51   Thumb Code    32  usbd_conf.o(i.USBD_LL_PrepareReceive)
    USBD_LL_Reset                            0x0800dc71   Thumb Code    68  usbd_core.o(i.USBD_LL_Reset)
    USBD_LL_Resume                           0x0800dcb5   Thumb Code    14  usbd_core.o(i.USBD_LL_Resume)
    USBD_LL_SOF                              0x0800dcc3   Thumb Code    34  usbd_core.o(i.USBD_LL_SOF)
    USBD_LL_SetSpeed                         0x0800dce5   Thumb Code     8  usbd_core.o(i.USBD_LL_SetSpeed)
    USBD_LL_SetUSBAddress                    0x0800dced   Thumb Code    20  usbd_conf.o(i.USBD_LL_SetUSBAddress)
    USBD_LL_SetupStage                       0x0800dd01   Thumb Code   110  usbd_core.o(i.USBD_LL_SetupStage)
    USBD_LL_StallEP                          0x0800dd6f   Thumb Code    20  usbd_conf.o(i.USBD_LL_StallEP)
    USBD_LL_Start                            0x0800dd83   Thumb Code    16  usbd_conf.o(i.USBD_LL_Start)
    USBD_LL_Suspend                          0x0800dd93   Thumb Code    20  usbd_core.o(i.USBD_LL_Suspend)
    USBD_LL_Transmit                         0x0800dda7   Thumb Code    32  usbd_conf.o(i.USBD_LL_Transmit)
    USBD_ParseSetupRequest                   0x0800ddc7   Thumb Code    40  usbd_ctlreq.o(i.USBD_ParseSetupRequest)
    USBD_RegisterClass                       0x0800ddef   Thumb Code    16  usbd_core.o(i.USBD_RegisterClass)
    USBD_RunTestMode                         0x0800ddff   Thumb Code     6  usbd_core.o(i.USBD_RunTestMode)
    USBD_SetClassConfig                      0x0800de59   Thumb Code    34  usbd_core.o(i.USBD_SetClassConfig)
    USBD_Start                               0x0800df81   Thumb Code    14  usbd_core.o(i.USBD_Start)
    USBD_StdDevReq                           0x0800df8f   Thumb Code   114  usbd_ctlreq.o(i.USBD_StdDevReq)
    USBD_StdEPReq                            0x0800e001   Thumb Code   342  usbd_ctlreq.o(i.USBD_StdEPReq)
    USBD_StdItfReq                           0x0800e157   Thumb Code    74  usbd_ctlreq.o(i.USBD_StdItfReq)
    USBD_static_free                         0x0800e1a1   Thumb Code     2  usbd_conf.o(i.USBD_static_free)
    USBD_static_malloc                       0x0800e1a5   Thumb Code     6  usbd_conf.o(i.USBD_static_malloc)
    USB_LP_IRQHandler                        0x0800e1b1   Thumb Code    10  uart-usb-board.o(i.USB_LP_IRQHandler)
    UartConfig                               0x0800e1c1   Thumb Code    66  uart.o(i.UartConfig)
    UartInit                                 0x0800e203   Thumb Code    54  uart.o(i.UartInit)
    UartMcuConfig                            0x0800e239   Thumb Code   268  uart-board.o(i.UartMcuConfig)
    UartMcuInit                              0x0800e351   Thumb Code   114  uart-board.o(i.UartMcuInit)
    UartUsbConfig                            0x0800e3c9   Thumb Code     8  uart-usb-board.o(i.UartUsbConfig)
    UartUsbInit                              0x0800e3d1   Thumb Code   108  uart-usb-board.o(i.UartUsbInit)
    UartUsbPutBuffer                         0x0800e451   Thumb Code    18  uart-usb-board.o(i.UartUsbPutBuffer)
    UartUsbPutChar                           0x0800e463   Thumb Code    16  uart-usb-board.o(i.UartUsbPutChar)
    UsageFault_Handler                       0x0800e473   Thumb Code     4  sysirqhandlers.o(i.UsageFault_Handler)
    __0printf$5                              0x0800e511   Thumb Code    22  printf5.o(i.__0printf$5)
    __1printf$5                              0x0800e511   Thumb Code     0  printf5.o(i.__0printf$5)
    __2printf                                0x0800e511   Thumb Code     0  printf5.o(i.__0printf$5)
    __scatterload_copy                       0x0800e531   Thumb Code    14  handlers.o(i.__scatterload_copy)
    __scatterload_null                       0x0800e53f   Thumb Code     2  handlers.o(i.__scatterload_null)
    __scatterload_zeroinit                   0x0800e541   Thumb Code    14  handlers.o(i.__scatterload_zeroinit)
    aes_encrypt                              0x0800e821   Thumb Code    90  aes.o(i.aes_encrypt)
    aes_set_key                              0x0800e87d   Thumb Code   312  aes.o(i.aes_set_key)
    ceil                                     0x0800e9b9   Thumb Code   204  ceil.o(i.ceil)
    floor                                    0x0800eb75   Thumb Code   204  floor.o(i.floor)
    fputc                                    0x0800ec51   Thumb Code    24  uart-usb-board.o(i.fputc)
    main                                     0x0800ec6d   Thumb Code   318  main.o(i.main)
    memcpy1                                  0x0800eddd   Thumb Code    24  utilities.o(i.memcpy1)
    memcpyr                                  0x0800edf5   Thumb Code    28  utilities.o(i.memcpyr)
    memset1                                  0x0800ee11   Thumb Code    20  utilities.o(i.memset1)
    rand1                                    0x0800f0a9   Thumb Code    32  utilities.o(i.rand1)
    randr                                    0x0800f0d1   Thumb Code    26  utilities.o(i.randr)
    round                                    0x0800f0ed   Thumb Code   136  round.o(i.round)
    srand1                                   0x0800f1f1   Thumb Code     6  utilities.o(i.srand1)
    Radio                                    0x0800f2b4   Data          92  sx1276-board.o(.constdata)
    PLLMulTable                              0x0800f310   Data           9  system_stm32l1xx.o(.constdata)
    AHBPrescTable                            0x0800f319   Data          16  system_stm32l1xx.o(.constdata)
    APBPrescTable                            0x0800f329   Data           8  system_stm32l1xx.o(.constdata)
    RadioRegsInit                            0x0800f3b0   Data          48  sx1276.o(.constdata)
    FskBandwidths                            0x0800f3e0   Data         176  sx1276.o(.constdata)
    Region$$Table$$Base                      0x0800f790   Number         0  anon$$obj.o(Region$$Table)
    Region$$Table$$Limit                     0x0800f7b0   Number         0  anon$$obj.o(Region$$Table)
    NonScheduledWakeUp                       0x2000002f   Data           1  rtc-board.o(.data)
    McuWakeUpTime                            0x20000034   Data           4  rtc-board.o(.data)
    RxData                                   0x2000003d   Data           1  uart-board.o(.data)
    TxData                                   0x2000003e   Data           1  uart-board.o(.data)
    SystemCoreClock                          0x20000040   Data           4  system_stm32l1xx.o(.data)
    hUsbDevice_0                             0x20000044   Data           4  usbd_cdc_if.o(.data)
    USBD_Interface_fops_FS                   0x20000048   Data          16  usbd_cdc_if.o(.data)
    linecoding                               0x20000058   Data           8  usbd_cdc_if.o(.data)
    UartObj                                  0x20000060   Data           4  usbd_cdc_if.o(.data)
    FS_Desc                                  0x20000064   Data          28  usbd_desc.o(.data)
    USBD_FS_DeviceDesc                       0x20000080   Data          18  usbd_desc.o(.data)
    USBD_LangIDDesc                          0x20000094   Data           4  usbd_desc.o(.data)
    uwTick                                   0x20000098   Data           4  stm32l1xx_hal.o(.data)
    USBD_CDC                                 0x200000a8   Data          56  usbd_cdc.o(.data)
    USBD_CDC_CfgHSDesc                       0x200000e0   Data          67  usbd_cdc.o(.data)
    USBD_CDC_CfgFSDesc                       0x20000124   Data          67  usbd_cdc.o(.data)
    USBD_CDC_OtherSpeedCfgDesc               0x20000168   Data          67  usbd_cdc.o(.data)
    LoRaMacState                             0x20000208   Data           4  loramac.o(.data)
    TxTimeOnAir                              0x20000220   Data           4  loramac.o(.data)
    LoRaMacFlags                             0x20000227   Data           1  loramac.o(.data)
    DioIrq                                   0x20000260   Data          24  sx1276.o(.data)
    HasLoopedThroughMain                     0x2000027c   Data           1  timer.o(.data)
    __stdout                                 0x20000284   Data           4  stdout.o(.data)
    ComplianceTest                           0x2000037c   Data          20  main.o(.bss)
    AdcHandle                                0x20000390   Data          84  adc-board.o(.bss)
    rgbRed                                   0x200003e4   Data          12  board.o(.bss)
    rgbGreen                                 0x200003f0   Data          12  board.o(.bss)
    rgbBlue                                  0x200003fc   Data          12  board.o(.bss)
    UsbDetect                                0x20000408   Data          12  board.o(.bss)
    Adc                                      0x20000414   Data          12  board.o(.bss)
    I2c                                      0x20000420   Data         108  board.o(.bss)
    Uart1                                    0x2000048c   Data          56  board.o(.bss)
    UartUsb                                  0x200004c4   Data          56  board.o(.bss)
    RtcCalendarContext                       0x20000650   Data          20  rtc-board.o(.bss)
    RtcHandle                                0x20000664   Data          32  rtc-board.o(.bss)
    AntSwitchLf                              0x20000684   Data          12  sx1276-board.o(.bss)
    AntSwitchHf                              0x20000690   Data          12  sx1276-board.o(.bss)
    AntSwitch                                0x2000069c   Data          12  sx1276-board.o(.bss)
    UartHandle                               0x200006a8   Data          64  uart-board.o(.bss)
    hUsbDeviceFS                             0x200006e8   Data         548  uart-usb-board.o(.bss)
    UserRxBufferFS                           0x2000090c   Data          64  usbd_cdc_if.o(.bss)
    UserTxBufferFS                           0x2000094c   Data          64  usbd_cdc_if.o(.bss)
    FifoRxBuffer                             0x2000098c   Data        1024  usbd_cdc_if.o(.bss)
    hpcd_USB_FS                              0x20000d8c   Data         544  usbd_conf.o(.bss)
    USBD_StrDesc                             0x200011cc   Data         512  usbd_desc.o(.bss)
    LoRaMacParams                            0x200016ec   Data          56  loramac.o(.bss)
    LoRaMacParamsDefaults                    0x20001724   Data          56  loramac.o(.bss)
    SX1276                                   0x20001c28   Data         320  sx1276.o(.bss)
    TxTimeoutTimer                           0x20001d68   Data          20  sx1276.o(.bss)
    RxTimeoutTimer                           0x20001d7c   Data          20  sx1276.o(.bss)
    RxTimeoutSyncWord                        0x20001d90   Data          20  sx1276.o(.bss)
    __initial_sp                             0x200021a8   Data           0  startup_stm32l151xb.o(STACK)



==============================================================================

Memory Map of the image

  Image Entry point : 0x080000f5

  Load Region LR_IROM1 (Base: 0x08000000, Size: 0x0000fa38, Max: 0x00020000, ABSOLUTE, COMPRESSED[0x0000f8bc])

    Execution Region ER_IROM1 (Base: 0x08000000, Size: 0x0000f7b0, Max: 0x00020000, ABSOLUTE)

    Base Addr    Size         Type   Attr      Idx    E Section Name        Object

    0x08000000   0x000000f4   Data   RO         1098    RESET               startup_stm32l151xb.o
    0x080000f4   0x00000000   Code   RO         8838  * .ARM.Collect$$$$00000000  mc_w.l(entry.o)
    0x080000f4   0x00000004   Code   RO         9142    .ARM.Collect$$$$00000001  mc_w.l(entry2.o)
    0x080000f8   0x00000004   Code   RO         9145    .ARM.Collect$$$$00000004  mc_w.l(entry5.o)
    0x080000fc   0x00000000   Code   RO         9147    .ARM.Collect$$$$00000008  mc_w.l(entry7b.o)
    0x080000fc   0x00000000   Code   RO         9149    .ARM.Collect$$$$0000000A  mc_w.l(entry8b.o)
    0x080000fc   0x00000008   Code   RO         9150    .ARM.Collect$$$$0000000B  mc_w.l(entry9a.o)
    0x08000104   0x00000000   Code   RO         9152    .ARM.Collect$$$$0000000D  mc_w.l(entry10a.o)
    0x08000104   0x00000000   Code   RO         9154    .ARM.Collect$$$$0000000F  mc_w.l(entry11a.o)
    0x08000104   0x00000004   Code   RO         9143    .ARM.Collect$$$$00002712  mc_w.l(entry2.o)
    0x08000108   0x00000024   Code   RO         1099    .text               startup_stm32l151xb.o
    0x0800012c   0x00000024   Code   RO         8841    .text               mc_w.l(memcpya.o)
    0x08000150   0x00000024   Code   RO         8843    .text               mc_w.l(memseta.o)
    0x08000174   0x000000b0   Code   RO         9108    .text               mf_w.l(fadd.o)
    0x08000224   0x00000064   Code   RO         9110    .text               mf_w.l(fmul.o)
    0x08000288   0x0000007c   Code   RO         9112    .text               mf_w.l(fdiv.o)
    0x08000304   0x0000014e   Code   RO         9114    .text               mf_w.l(dadd.o)
    0x08000452   0x000000e4   Code   RO         9116    .text               mf_w.l(dmul.o)
    0x08000536   0x000000de   Code   RO         9118    .text               mf_w.l(ddiv.o)
    0x08000614   0x0000000a   Code   RO         9122    .text               mf_w.l(ffltui.o)
    0x0800061e   0x00000022   Code   RO         9124    .text               mf_w.l(dflti.o)
    0x08000640   0x0000001a   Code   RO         9126    .text               mf_w.l(dfltui.o)
    0x0800065a   0x00000028   Code   RO         9128    .text               mf_w.l(ffixui.o)
    0x08000682   0x0000003e   Code   RO         9130    .text               mf_w.l(dfixi.o)
    0x080006c0   0x00000032   Code   RO         9132    .text               mf_w.l(dfixui.o)
    0x080006f2   0x00000026   Code   RO         9134    .text               mf_w.l(f2d.o)
    0x08000718   0x00000030   Code   RO         9136    .text               mf_w.l(cdcmple.o)
    0x08000748   0x00000030   Code   RO         9138    .text               mf_w.l(cdrcmple.o)
    0x08000778   0x00000062   Code   RO         9159    .text               mc_w.l(uldiv.o)
    0x080007da   0x0000001e   Code   RO         9161    .text               mc_w.l(llshl.o)
    0x080007f8   0x00000020   Code   RO         9163    .text               mc_w.l(llushr.o)
    0x08000818   0x00000024   Code   RO         9165    .text               mc_w.l(llsshr.o)
    0x0800083c   0x00000000   Code   RO         9167    .text               mc_w.l(iusefp.o)
    0x0800083c   0x0000006e   Code   RO         9168    .text               mf_w.l(fepilogue.o)
    0x080008aa   0x000000ba   Code   RO         9170    .text               mf_w.l(depilogue.o)
    0x08000964   0x00000088   Code   RO         9172    .text               mf_w.l(drnd.o)
    0x080009ec   0x00000024   Code   RO         9176    .text               mc_w.l(init.o)
    0x08000a10   0x00000056   Code   RO         9186    .text               mc_w.l(__dczerorl2.o)
    0x08000a66   0x00000052   Code   RO         1688    i.ADC_ConversionStop_Disable  stm32l1xx_hal_adc.o
    0x08000ab8   0x00000088   Code   RO         1692    i.ADC_Enable        stm32l1xx_hal_adc.o
    0x08000b40   0x000001ba   Code   RO         8798    i.AES_CMAC_Final    cmac.o
    0x08000cfa   0x00000022   Code   RO         8799    i.AES_CMAC_Init     cmac.o
    0x08000d1c   0x00000012   Code   RO         8800    i.AES_CMAC_SetKey   cmac.o
    0x08000d2e   0x000000e8   Code   RO         8801    i.AES_CMAC_Update   cmac.o
    0x08000e16   0x00000002   PAD
    0x08000e18   0x0000000c   Code   RO         8300    i.AdcDeInit         adc.o
    0x08000e24   0x00000024   Code   RO         8301    i.AdcInit           adc.o
    0x08000e48   0x00000034   Code   RO          266    i.AdcMcuConfig      adc-board.o
    0x08000e7c   0x00000054   Code   RO          267    i.AdcMcuInit        adc-board.o
    0x08000ed0   0x00000110   Code   RO          268    i.AdcMcuReadChannel  adc-board.o
    0x08000fe0   0x00000020   Code   RO         8302    i.AdcReadChannel    adc.o
    0x08001000   0x000001a4   Code   RO         5690    i.AddMacCommand     loramac.o
    0x080011a4   0x00000018   Code   RO          660    i.BlockLowPowerDuringTask  rtc-board.o
    0x080011bc   0x00000084   Code   RO          318    i.BoardBatteryMeasureVolage  board.o
    0x08001240   0x0000001c   Code   RO          319    i.BoardDeInitMcu    board.o
    0x0800125c   0x00000014   Code   RO          320    i.BoardDisableIrq   board.o
    0x08001270   0x00000018   Code   RO          321    i.BoardEnableIrq    board.o
    0x08001288   0x0000007c   Code   RO          322    i.BoardGetBatteryLevel  board.o
    0x08001304   0x000000fc   Code   RO          326    i.BoardInitMcu      board.o
    0x08001400   0x00000002   Code   RO          328    i.BoardUnusedIoInit  board.o
    0x08001402   0x00000004   Code   RO         5580    i.BusFault_Handler  sysirqhandlers.o
    0x08001406   0x00000002   PAD
    0x08001408   0x000000a0   Code   RO         1208    i.CDC_Control_FS    usbd_cdc_if.o
    0x080014a8   0x00000004   Code   RO         1209    i.CDC_DeInit_FS     usbd_cdc_if.o
    0x080014ac   0x00000034   Code   RO         1210    i.CDC_Init_FS       usbd_cdc_if.o
    0x080014e0   0x0000005c   Code   RO         1211    i.CDC_Receive_FS    usbd_cdc_if.o
    0x0800153c   0x00000020   Code   RO         1212    i.CDC_Set_Uart_Obj  usbd_cdc_if.o
    0x0800155c   0x0000005c   Code   RO         1213    i.CDC_Transmit_FS   usbd_cdc_if.o
    0x080015b8   0x00000078   Code   RO         5691    i.CalculateBackOff  loramac.o
    0x08001630   0x0000003c   Code   RO          329    i.CalibrateSystemWakeupTime  board.o
    0x0800166c   0x00000028   Code   RO         6855    i.CountChannels     regioncommon.o
    0x08001694   0x0000013c   Code   RO         6961    i.CountNbOfEnabledChannels  regioneu433.o
    0x080017d0   0x00000002   Code   RO         5581    i.DebugMon_Handler  sysirqhandlers.o
    0x080017d2   0x0000000c   Code   RO         8339    i.DelayMs           delay.o
    0x080017de   0x0000000e   Code   RO          490    i.EXTI0_IRQHandler  gpio-board.o
    0x080017ec   0x00000038   Code   RO          491    i.EXTI15_10_IRQHandler  gpio-board.o
    0x08001824   0x0000000e   Code   RO          492    i.EXTI1_IRQHandler  gpio-board.o
    0x08001832   0x0000000e   Code   RO          493    i.EXTI2_IRQHandler  gpio-board.o
    0x08001840   0x0000000e   Code   RO          494    i.EXTI3_IRQHandler  gpio-board.o
    0x0800184e   0x0000000e   Code   RO          495    i.EXTI4_IRQHandler  gpio-board.o
    0x0800185c   0x0000002a   Code   RO          496    i.EXTI9_5_IRQHandler  gpio-board.o
    0x08001886   0x0000000c   Code   RO         8408    i.FifoInit          fifo.o
    0x08001892   0x00000014   Code   RO         8409    i.FifoNext          fifo.o
    0x080018a6   0x0000001e   Code   RO         8410    i.FifoPop           fifo.o
    0x080018c4   0x00000018   Code   RO         8411    i.FifoPush          fifo.o
    0x080018dc   0x00000034   Code   RO         6962    i.GetBandwidth      regioneu433.o
    0x08001910   0x00000018   Code   RO          330    i.GetBoardPowerSource  board.o
    0x08001928   0x00000038   Code   RO         8060    i.GetFskBandwidthRegValue  sx1276.o
    0x08001960   0x00000014   Code   RO         6963    i.GetNextLowerTxDr  regioneu433.o
    0x08001974   0x0000002c   Code   RO         8457    i.GpioInit          gpio.o
    0x080019a0   0x00000168   Code   RO          497    i.GpioMcuInit       gpio-board.o
    0x08001b08   0x0000001e   Code   RO          498    i.GpioMcuRead       gpio-board.o
    0x08001b26   0x00000002   PAD
    0x08001b28   0x00000148   Code   RO          500    i.GpioMcuSetInterrupt  gpio-board.o
    0x08001c70   0x00000026   Code   RO          502    i.GpioMcuWrite      gpio-board.o
    0x08001c96   0x0000001c   Code   RO         8458    i.GpioRead          gpio.o
    0x08001cb2   0x00000028   Code   RO         8460    i.GpioSetInterrupt  gpio.o
    0x08001cda   0x0000001c   Code   RO         8462    i.GpioWrite         gpio.o
    0x08001cf6   0x00000002   PAD
    0x08001cf8   0x000001d8   Code   RO         1694    i.HAL_ADC_ConfigChannel  stm32l1xx_hal_adc.o
    0x08001ed0   0x0000012c   Code   RO         1697    i.HAL_ADC_DeInit    stm32l1xx_hal_adc.o
    0x08001ffc   0x00000008   Code   RO         1701    i.HAL_ADC_GetValue  stm32l1xx_hal_adc.o
    0x08002004   0x000001cc   Code   RO         1703    i.HAL_ADC_Init      stm32l1xx_hal_adc.o
    0x080021d0   0x00000002   Code   RO         1705    i.HAL_ADC_MspDeInit  stm32l1xx_hal_adc.o
    0x080021d2   0x00000002   Code   RO         1706    i.HAL_ADC_MspInit   stm32l1xx_hal_adc.o
    0x080021d4   0x000000be   Code   RO         1707    i.HAL_ADC_PollForConversion  stm32l1xx_hal_adc.o
    0x08002292   0x0000008c   Code   RO         1709    i.HAL_ADC_Start     stm32l1xx_hal_adc.o
    0x0800231e   0x0000001a   Code   RO         1560    i.HAL_Delay         stm32l1xx_hal.o
    0x08002338   0x0000002c   Code   RO          503    i.HAL_GPIO_EXTI_Callback  gpio-board.o
    0x08002364   0x0000001c   Code   RO         2582    i.HAL_GPIO_EXTI_IRQHandler  stm32l1xx_hal_gpio.o
    0x08002380   0x000001d0   Code   RO         2583    i.HAL_GPIO_Init     stm32l1xx_hal_gpio.o
    0x08002550   0x00000010   Code   RO         2585    i.HAL_GPIO_ReadPin  stm32l1xx_hal_gpio.o
    0x08002560   0x0000000c   Code   RO         2587    i.HAL_GPIO_WritePin  stm32l1xx_hal_gpio.o
    0x0800256c   0x0000000c   Code   RO         1564    i.HAL_GetTick       stm32l1xx_hal.o
    0x08002578   0x00000174   Code   RO         2657    i.HAL_I2C_Init      stm32l1xx_hal_i2c.o
    0x080026ec   0x00000002   Code   RO         2680    i.HAL_I2C_MspInit   stm32l1xx_hal_i2c.o
    0x080026ee   0x00000002   PAD
    0x080026f0   0x00000010   Code   RO         1565    i.HAL_IncTick       stm32l1xx_hal.o
    0x08002700   0x00000016   Code   RO         1566    i.HAL_Init          stm32l1xx_hal.o
    0x08002716   0x00000002   PAD
    0x08002718   0x00000028   Code   RO         1567    i.HAL_InitTick      stm32l1xx_hal.o
    0x08002740   0x00000002   Code   RO         3152    i.HAL_MspInit       stm32l1xx_hal_msp_template.o
    0x08002742   0x0000001a   Code   RO         1952    i.HAL_NVIC_EnableIRQ  stm32l1xx_hal_cortex.o
    0x0800275c   0x0000007c   Code   RO         1958    i.HAL_NVIC_SetPriority  stm32l1xx_hal_cortex.o
    0x080027d8   0x00000028   Code   RO         1959    i.HAL_NVIC_SetPriorityGrouping  stm32l1xx_hal_cortex.o
    0x08002800   0x00000044   Code   RO         3478    i.HAL_PCDEx_PMAConfig  stm32l1xx_hal_pcd_ex.o
    0x08002844   0x00000024   Code   RO         1266    i.HAL_PCDEx_SetConnectionState  usbd_conf.o
    0x08002868   0x00000020   Code   RO         1268    i.HAL_PCD_DataInStageCallback  usbd_conf.o
    0x08002888   0x00000020   Code   RO         1269    i.HAL_PCD_DataOutStageCallback  usbd_conf.o
    0x080028a8   0x000002b2   Code   RO         3257    i.HAL_PCD_EP_Close  stm32l1xx_hal_pcd.o
    0x08002b5a   0x00000120   Code   RO         3258    i.HAL_PCD_EP_ClrStall  stm32l1xx_hal_pcd.o
    0x08002c7a   0x00000018   Code   RO         3260    i.HAL_PCD_EP_GetRxCount  stm32l1xx_hal_pcd.o
    0x08002c92   0x00000522   Code   RO         3261    i.HAL_PCD_EP_Open   stm32l1xx_hal_pcd.o
    0x080031b4   0x000001d6   Code   RO         3262    i.HAL_PCD_EP_Receive  stm32l1xx_hal_pcd.o
    0x0800338a   0x000000ea   Code   RO         3263    i.HAL_PCD_EP_SetStall  stm32l1xx_hal_pcd.o
    0x08003474   0x00000226   Code   RO         3264    i.HAL_PCD_EP_Transmit  stm32l1xx_hal_pcd.o
    0x0800369a   0x00000164   Code   RO         3266    i.HAL_PCD_IRQHandler  stm32l1xx_hal_pcd.o
    0x080037fe   0x00000116   Code   RO         3269    i.HAL_PCD_Init      stm32l1xx_hal_pcd.o
    0x08003914   0x00000044   Code   RO         1274    i.HAL_PCD_MspInit   usbd_conf.o
    0x08003958   0x0000002a   Code   RO         1275    i.HAL_PCD_ResetCallback  usbd_conf.o
    0x08003982   0x0000000e   Code   RO         1276    i.HAL_PCD_ResumeCallback  usbd_conf.o
    0x08003990   0x0000000e   Code   RO         1277    i.HAL_PCD_SOFCallback  usbd_conf.o
    0x0800399e   0x00000036   Code   RO         3275    i.HAL_PCD_SetAddress  stm32l1xx_hal_pcd.o
    0x080039d4   0x00000012   Code   RO         1278    i.HAL_PCD_SetupStageCallback  usbd_conf.o
    0x080039e6   0x00000010   Code   RO         3277    i.HAL_PCD_Start     stm32l1xx_hal_pcd.o
    0x080039f6   0x00000002   PAD
    0x080039f8   0x00000024   Code   RO         1279    i.HAL_PCD_SuspendCallback  usbd_conf.o
    0x08003a1c   0x00000018   Code   RO         3625    i.HAL_PWREx_EnableFastWakeUp  stm32l1xx_hal_pwr_ex.o
    0x08003a34   0x00000018   Code   RO         3627    i.HAL_PWREx_EnableUltraLowPower  stm32l1xx_hal_pwr_ex.o
    0x08003a4c   0x00000010   Code   RO         3628    i.HAL_PWREx_GetVoltageRange  stm32l1xx_hal_pwr_ex.o
    0x08003a5c   0x00000018   Code   RO         3505    i.HAL_PWR_DisablePVD  stm32l1xx_hal_pwr.o
    0x08003a74   0x00000040   Code   RO         3516    i.HAL_PWR_EnterSTOPMode  stm32l1xx_hal_pwr.o
    0x08003ab4   0x000001d4   Code   RO         3791    i.HAL_RCCEx_PeriphCLKConfig  stm32l1xx_hal_rcc_ex.o
    0x08003c88   0x000002e8   Code   RO         3683    i.HAL_RCC_ClockConfig  stm32l1xx_hal_rcc.o
    0x08003f70   0x0000000c   Code   RO         3688    i.HAL_RCC_GetHCLKFreq  stm32l1xx_hal_rcc.o
    0x08003f7c   0x0000002c   Code   RO         3690    i.HAL_RCC_GetPCLK1Freq  stm32l1xx_hal_rcc.o
    0x08003fa8   0x0000002c   Code   RO         3691    i.HAL_RCC_GetPCLK2Freq  stm32l1xx_hal_rcc.o
    0x08003fd4   0x000000b4   Code   RO         3692    i.HAL_RCC_GetSysClockFreq  stm32l1xx_hal_rcc.o
    0x08004088   0x000009bc   Code   RO         3695    i.HAL_RCC_OscConfig  stm32l1xx_hal_rcc.o
    0x08004a44   0x00000002   Code   RO         3933    i.HAL_RTCEx_AlarmBEventCallback  stm32l1xx_hal_rtc_ex.o
    0x08004a46   0x00000098   Code   RO         3941    i.HAL_RTCEx_DeactivateWakeUpTimer  stm32l1xx_hal_rtc_ex.o
    0x08004ade   0x00000002   Code   RO         3825    i.HAL_RTC_AlarmAEventCallback  stm32l1xx_hal_rtc.o
    0x08004ae0   0x0000006c   Code   RO         3826    i.HAL_RTC_AlarmIRQHandler  stm32l1xx_hal_rtc.o
    0x08004b4c   0x000000f4   Code   RO         3828    i.HAL_RTC_DeactivateAlarm  stm32l1xx_hal_rtc.o
    0x08004c40   0x00000082   Code   RO         3963    i.HAL_RTC_GetAlarm  stm32l1xx_hal_rtc_ex.o
    0x08004cc2   0x00000002   PAD
    0x08004cc4   0x0000004c   Code   RO         3829    i.HAL_RTC_GetDate   stm32l1xx_hal_rtc.o
    0x08004d10   0x00000054   Code   RO         3964    i.HAL_RTC_GetTime   stm32l1xx_hal_rtc_ex.o
    0x08004d64   0x000000b4   Code   RO         3831    i.HAL_RTC_Init      stm32l1xx_hal_rtc.o
    0x08004e18   0x00000002   Code   RO         3833    i.HAL_RTC_MspInit   stm32l1xx_hal_rtc.o
    0x08004e1a   0x00000002   PAD
    0x08004e1c   0x00000210   Code   RO         3966    i.HAL_RTC_SetAlarm_IT  stm32l1xx_hal_rtc_ex.o
    0x0800502c   0x00000108   Code   RO         3835    i.HAL_RTC_SetDate   stm32l1xx_hal_rtc.o
    0x08005134   0x0000012c   Code   RO         3836    i.HAL_RTC_SetTime   stm32l1xx_hal_rtc.o
    0x08005260   0x0000003a   Code   RO         3967    i.HAL_RTC_WaitForSynchro  stm32l1xx_hal_rtc_ex.o
    0x0800529a   0x00000030   Code   RO         4200    i.HAL_SPI_DeInit    stm32l1xx_hal_spi.o
    0x080052ca   0x0000007c   Code   RO         4436    i.HAL_SPI_Init      stm32l1xx_hal_spi_ex.o
    0x08005346   0x00000002   Code   RO         4206    i.HAL_SPI_MspDeInit  stm32l1xx_hal_spi.o
    0x08005348   0x00000002   Code   RO         4207    i.HAL_SPI_MspInit   stm32l1xx_hal_spi.o
    0x0800534a   0x00000028   Code   RO         1961    i.HAL_SYSTICK_CLKSourceConfig  stm32l1xx_hal_cortex.o
    0x08005372   0x00000002   Code   RO         1962    i.HAL_SYSTICK_Callback  stm32l1xx_hal_cortex.o
    0x08005374   0x00000034   Code   RO         1963    i.HAL_SYSTICK_Config  stm32l1xx_hal_cortex.o
    0x080053a8   0x00000008   Code   RO         1964    i.HAL_SYSTICK_IRQHandler  stm32l1xx_hal_cortex.o
    0x080053b0   0x00000018   Code   RO          926    i.HAL_UART_ErrorCallback  uart-board.o
    0x080053c8   0x000000da   Code   RO         4529    i.HAL_UART_IRQHandler  stm32l1xx_hal_uart.o
    0x080054a2   0x0000006e   Code   RO         4530    i.HAL_UART_Init     stm32l1xx_hal_uart.o
    0x08005510   0x00000002   Code   RO         4532    i.HAL_UART_MspInit  stm32l1xx_hal_uart.o
    0x08005512   0x00000086   Code   RO         4535    i.HAL_UART_Receive_IT  stm32l1xx_hal_uart.o
    0x08005598   0x00000040   Code   RO          927    i.HAL_UART_RxCpltCallback  uart-board.o
    0x080055d8   0x0000006e   Code   RO         4540    i.HAL_UART_Transmit_IT  stm32l1xx_hal_uart.o
    0x08005646   0x00000002   PAD
    0x08005648   0x00000040   Code   RO          928    i.HAL_UART_TxCpltCallback  uart-board.o
    0x08005688   0x0000003c   Code   RO         8512    i.I2cInit           i2c.o
    0x080056c4   0x00000060   Code   RO          598    i.I2cMcuFormat      i2c-board.o
    0x08005724   0x00000084   Code   RO          599    i.I2cMcuInit        i2c-board.o
    0x080057a8   0x00000012   Code   RO         8412    i.IsFifoEmpty       fifo.o
    0x080057ba   0x0000001a   Code   RO         8413    i.IsFifoFull        fifo.o
    0x080057d4   0x00000014   Code   RO         6964    i.LimitTxPower      regioneu433.o
    0x080057e8   0x00000040   Code   RO         5692    i.LoRaMacChannelAdd  loramac.o
    0x08005828   0x00000094   Code   RO         5931    i.LoRaMacComputeMic  loramaccrypto.o
    0x080058bc   0x00000334   Code   RO         5694    i.LoRaMacInitialization  loramac.o
    0x08005bf0   0x00000058   Code   RO         5932    i.LoRaMacJoinComputeMic  loramaccrypto.o
    0x08005c48   0x00000094   Code   RO         5933    i.LoRaMacJoinComputeSKeys  loramaccrypto.o
    0x08005cdc   0x00000044   Code   RO         5934    i.LoRaMacJoinDecrypt  loramaccrypto.o
    0x08005d20   0x00000180   Code   RO         5695    i.LoRaMacMcpsRequest  loramac.o
    0x08005ea0   0x00000354   Code   RO         5697    i.LoRaMacMibSetRequestConfirm  loramac.o
    0x080061f4   0x000001a4   Code   RO         5698    i.LoRaMacMlmeRequest  loramac.o
    0x08006398   0x00000028   Code   RO         5935    i.LoRaMacPayloadDecrypt  loramaccrypto.o
    0x080063c0   0x000000e0   Code   RO         5936    i.LoRaMacPayloadEncrypt  loramaccrypto.o
    0x080064a0   0x000000f4   Code   RO         5701    i.LoRaMacQueryTxPossible  loramac.o
    0x08006594   0x000000d0   Code   RO            4    i.McpsConfirm       main.o
    0x08006664   0x000000c8   Code   RO            5    i.McpsIndication    main.o
    0x0800672c   0x00000004   Code   RO         5582    i.MemManage_Handler  sysirqhandlers.o
    0x08006730   0x0000002c   Code   RO            6    i.MlmeConfirm       main.o
    0x0800675c   0x00000002   Code   RO         5583    i.NMI_Handler       sysirqhandlers.o
    0x0800675e   0x00000002   PAD
    0x08006760   0x00000010   Code   RO         1965    i.NVIC_GetPriorityGrouping  stm32l1xx_hal_cortex.o
    0x08006770   0x00000028   Code   RO         1966    i.NVIC_SetPriority  stm32l1xx_hal_cortex.o
    0x08006798   0x00000050   Code   RO         5706    i.OnAckTimeoutTimerEvent  loramac.o
    0x080067e8   0x0000000c   Code   RO          331    i.OnCalibrateSystemWakeupTimeTimerEvent  board.o
    0x080067f4   0x000003cc   Code   RO         5707    i.OnMacStateCheckTimerEvent  loramac.o
    0x08006bc0   0x000006c0   Code   RO         5708    i.OnRadioRxDone     loramac.o
    0x08007280   0x00000098   Code   RO         5709    i.OnRadioRxError    loramac.o
    0x08007318   0x000000a0   Code   RO         5710    i.OnRadioRxTimeout  loramac.o
    0x080073b8   0x0000015c   Code   RO         5711    i.OnRadioTxDone     loramac.o
    0x08007514   0x00000044   Code   RO         5712    i.OnRadioTxTimeout  loramac.o
    0x08007558   0x00000094   Code   RO         5713    i.OnRxWindow1TimerEvent  loramac.o
    0x080075ec   0x00000084   Code   RO         5714    i.OnRxWindow2TimerEvent  loramac.o
    0x08007670   0x00000094   Code   RO         5715    i.OnTxDelayedTimerEvent  loramac.o
    0x08007704   0x0000044a   Code   RO         3280    i.PCD_EP_ISR_Handler  stm32l1xx_hal_pcd.o
    0x08007b4e   0x00000024   Code   RO         3281    i.PCD_ReadPMA       stm32l1xx_hal_pcd.o
    0x08007b72   0x0000003a   Code   RO         3282    i.PCD_WritePMA      stm32l1xx_hal_pcd.o
    0x08007bac   0x0000007a   Code   RO         5716    i.ParseMacCommandsToRepeat  loramac.o
    0x08007c26   0x00000002   PAD
    0x08007c28   0x00000424   Code   RO         5717    i.PrepareFrame      loramac.o
    0x0800804c   0x00000054   Code   RO         5718    i.PrepareRxDoneAbort  loramac.o
    0x080080a0   0x00000018   Code   RO            7    i.PrepareTxFrame    main.o
    0x080080b8   0x00000384   Code   RO         5719    i.ProcessMacCommands  loramac.o
    0x0800843c   0x000000a8   Code   RO         3696    i.RCC_SetFlashLatencyFromMSIRange  stm32l1xx_hal_rcc.o
    0x080084e4   0x0000002c   Code   RO          661    i.RTC_Alarm_IRQHandler  rtc-board.o
    0x08008510   0x00000016   Code   RO         3837    i.RTC_Bcd2ToByte    stm32l1xx_hal_rtc.o
    0x08008526   0x0000001a   Code   RO         3838    i.RTC_ByteToBcd2    stm32l1xx_hal_rtc.o
    0x08008540   0x0000003e   Code   RO         3839    i.RTC_EnterInitMode  stm32l1xx_hal_rtc.o
    0x0800857e   0x00000028   Code   RO         5982    i.RegionAdrNext     region.o
    0x080085a6   0x00000016   Code   RO         5983    i.RegionAlternateDr  region.o
    0x080085bc   0x00000018   Code   RO         5984    i.RegionApplyCFList  region.o
    0x080085d4   0x00000022   Code   RO         5985    i.RegionApplyDrOffset  region.o
    0x080085f6   0x00000018   Code   RO         5986    i.RegionCalcBackOff  region.o
    0x0800860e   0x00000016   Code   RO         5987    i.RegionChanMaskSet  region.o
    0x08008624   0x00000016   Code   RO         5988    i.RegionChannelAdd  region.o
    0x0800863a   0x00000088   Code   RO         6856    i.RegionCommonCalcBackOff  regioncommon.o
    0x080086c2   0x00000046   Code   RO         6857    i.RegionCommonChanDisable  regioncommon.o
    0x08008708   0x0000001e   Code   RO         6858    i.RegionCommonChanMaskCopy  regioncommon.o
    0x08008726   0x00000082   Code   RO         6859    i.RegionCommonChanVerifyDr  regioncommon.o
    0x080087a8   0x00000120   Code   RO         6860    i.RegionCommonComputeRxWindowParameters  regioncommon.o
    0x080088c8   0x00000020   Code   RO         6861    i.RegionCommonComputeSymbolTimeFsk  regioncommon.o
    0x080088e8   0x00000038   Code   RO         6862    i.RegionCommonComputeSymbolTimeLoRa  regioncommon.o
    0x08008920   0x00000040   Code   RO         6863    i.RegionCommonComputeTxPower  regioncommon.o
    0x08008960   0x00000036   Code   RO         6864    i.RegionCommonCountChannels  regioncommon.o
    0x08008996   0x00000002   PAD
    0x08008998   0x00000028   Code   RO         6865    i.RegionCommonGetJoinDc  regioncommon.o
    0x080089c0   0x0000009c   Code   RO         6866    i.RegionCommonLinkAdrReqVerifyParams  regioncommon.o
    0x08008a5c   0x00000048   Code   RO         6867    i.RegionCommonParseLinkAdrReq  regioncommon.o
    0x08008aa4   0x0000000e   Code   RO         6868    i.RegionCommonSetBandTxDone  regioncommon.o
    0x08008ab2   0x00000106   Code   RO         6869    i.RegionCommonUpdateBandTimeOff  regioncommon.o
    0x08008bb8   0x00000012   Code   RO         6870    i.RegionCommonValueInRange  regioncommon.o
    0x08008bca   0x0000002a   Code   RO         5990    i.RegionComputeRxWindowParameters  region.o
    0x08008bf4   0x00000016   Code   RO         5991    i.RegionDlChannelReq  region.o
    0x08008c0a   0x00000002   PAD
    0x08008c0c   0x00000094   Code   RO         6965    i.RegionEU433AdrNext  regioneu433.o
    0x08008ca0   0x0000006a   Code   RO         6966    i.RegionEU433AlternateDr  regioneu433.o
    0x08008d0a   0x00000086   Code   RO         6967    i.RegionEU433ApplyCFList  regioneu433.o
    0x08008d90   0x00000012   Code   RO         6968    i.RegionEU433ApplyDrOffset  regioneu433.o
    0x08008da2   0x00000002   PAD
    0x08008da4   0x00000040   Code   RO         6969    i.RegionEU433CalcBackOff  regioneu433.o
    0x08008de4   0x00000038   Code   RO         6970    i.RegionEU433ChanMaskSet  regioneu433.o
    0x08008e1c   0x000000fc   Code   RO         6971    i.RegionEU433ChannelAdd  regioneu433.o
    0x08008f18   0x0000003c   Code   RO         6972    i.RegionEU433ChannelsRemove  regioneu433.o
    0x08008f54   0x00000078   Code   RO         6973    i.RegionEU433ComputeRxWindowParameters  regioneu433.o
    0x08008fcc   0x00000040   Code   RO         6974    i.RegionEU433DlChannelReq  regioneu433.o
    0x0800900c   0x0000012c   Code   RO         6975    i.RegionEU433GetPhyParam  regioneu433.o
    0x08009138   0x0000008c   Code   RO         6976    i.RegionEU433InitDefaults  regioneu433.o
    0x080091c4   0x00000184   Code   RO         6977    i.RegionEU433LinkAdrReq  regioneu433.o
    0x08009348   0x0000005e   Code   RO         6978    i.RegionEU433NewChannelReq  regioneu433.o
    0x080093a6   0x00000002   PAD
    0x080093a8   0x000000dc   Code   RO         6979    i.RegionEU433NextChannel  regioneu433.o
    0x08009484   0x0000011c   Code   RO         6980    i.RegionEU433RxConfig  regioneu433.o
    0x080095a0   0x00000040   Code   RO         6981    i.RegionEU433RxParamSetupReq  regioneu433.o
    0x080095e0   0x0000002c   Code   RO         6982    i.RegionEU433SetBandTxDone  regioneu433.o
    0x0800960c   0x0000006c   Code   RO         6983    i.RegionEU433SetContinuousWave  regioneu433.o
    0x08009678   0x000001a8   Code   RO         6984    i.RegionEU433TxConfig  regioneu433.o
    0x08009820   0x00000008   Code   RO         6985    i.RegionEU433TxParamSetupReq  regioneu433.o
    0x08009828   0x0000009c   Code   RO         6986    i.RegionEU433Verify  regioneu433.o
    0x080098c4   0x0000001c   Code   RO         5992    i.RegionGetPhyParam  region.o
    0x080098e0   0x00000018   Code   RO         5993    i.RegionInitDefaults  region.o
    0x080098f8   0x0000000e   Code   RO         5994    i.RegionIsActive    region.o
    0x08009906   0x0000002c   Code   RO         5995    i.RegionLinkAdrReq  region.o
    0x08009932   0x00000016   Code   RO         5996    i.RegionNewChannelReq  region.o
    0x08009948   0x00000028   Code   RO         5997    i.RegionNextChannel  region.o
    0x08009970   0x0000001a   Code   RO         5998    i.RegionRxConfig    region.o
    0x0800998a   0x00000016   Code   RO         5999    i.RegionRxParamSetupReq  region.o
    0x080099a0   0x0000001a   Code   RO         6000    i.RegionSetBandTxDone  region.o
    0x080099ba   0x00000018   Code   RO         6001    i.RegionSetContinuousWave  region.o
    0x080099d2   0x00000022   Code   RO         6002    i.RegionTxConfig    region.o
    0x080099f4   0x00000016   Code   RO         6003    i.RegionTxParamSetupReq  region.o
    0x08009a0a   0x0000001a   Code   RO         6004    i.RegionVerify      region.o
    0x08009a24   0x00000108   Code   RO         5720    i.ResetMacParameters  loramac.o
    0x08009b2c   0x0000003c   Code   RO          662    i.RtcCheckCalendarRollOver  rtc-board.o
    0x08009b68   0x00000024   Code   RO          663    i.RtcComputeElapsedTime  rtc-board.o
    0x08009b8c   0x0000025c   Code   RO          665    i.RtcComputeTimerTimeToAlarmTick  rtc-board.o
    0x08009de8   0x000000a4   Code   RO          666    i.RtcComputeWakeUpTime  rtc-board.o
    0x08009e8c   0x00000184   Code   RO          667    i.RtcConvertCalendarTickToTimerTime  rtc-board.o
    0x0800a010   0x00000044   Code   RO          669    i.RtcEnterLowPowerStopMode  rtc-board.o
    0x0800a054   0x0000004c   Code   RO          670    i.RtcGetAdjustedTimeoutValue  rtc-board.o
    0x0800a0a0   0x00000044   Code   RO          671    i.RtcGetCalendar    rtc-board.o
    0x0800a0e4   0x0000002c   Code   RO          672    i.RtcGetElapsedAlarmTime  rtc-board.o
    0x0800a110   0x0000000a   Code   RO          673    i.RtcGetTimerValue  rtc-board.o
    0x0800a11a   0x00000002   PAD
    0x0800a11c   0x000000b0   Code   RO          674    i.RtcInit           rtc-board.o
    0x0800a1cc   0x00000048   Code   RO          675    i.RtcRecoverMcuStatus  rtc-board.o
    0x0800a214   0x0000000c   Code   RO          676    i.RtcSetTimeout     rtc-board.o
    0x0800a220   0x00000098   Code   RO          677    i.RtcStartWakeUpAlarm  rtc-board.o
    0x0800a2b8   0x000000b8   Code   RO         8061    i.RxChainCalibration  sx1276.o
    0x0800a370   0x00000020   Code   RO         5721    i.RxWindowSetup     loramac.o
    0x0800a390   0x00000024   Code   RO          833    i.SX1276AntSwDeInit  sx1276-board.o
    0x0800a3b4   0x00000024   Code   RO          834    i.SX1276AntSwInit   sx1276-board.o
    0x0800a3d8   0x00000006   Code   RO          835    i.SX1276CheckRfFrequency  sx1276-board.o
    0x0800a3de   0x00000002   PAD
    0x0800a3e0   0x00000014   Code   RO          836    i.SX1276GetPaSelect  sx1276-board.o
    0x0800a3f4   0x0000000c   Code   RO         8062    i.SX1276GetStatus   sx1276.o
    0x0800a400   0x0000029c   Code   RO         8063    i.SX1276GetTimeOnAir  sx1276.o
    0x0800a69c   0x00000094   Code   RO         8064    i.SX1276Init        sx1276.o
    0x0800a730   0x00000094   Code   RO          837    i.SX1276IoDeInit    sx1276-board.o
    0x0800a7c4   0x000000a0   Code   RO          838    i.SX1276IoInit      sx1276-board.o
    0x0800a864   0x0000005c   Code   RO          839    i.SX1276IoIrqInit   sx1276-board.o
    0x0800a8c0   0x00000060   Code   RO         8065    i.SX1276IsChannelFree  sx1276.o
    0x0800a920   0x0000039c   Code   RO         8066    i.SX1276OnDio0Irq   sx1276.o
    0x0800acbc   0x000001a8   Code   RO         8067    i.SX1276OnDio1Irq   sx1276.o
    0x0800ae64   0x00000154   Code   RO         8068    i.SX1276OnDio2Irq   sx1276.o
    0x0800afb8   0x00000070   Code   RO         8069    i.SX1276OnDio3Irq   sx1276.o
    0x0800b028   0x0000002c   Code   RO         8070    i.SX1276OnDio4Irq   sx1276.o
    0x0800b054   0x0000010c   Code   RO         8072    i.SX1276OnTimeoutIrq  sx1276.o
    0x0800b160   0x00000040   Code   RO         8073    i.SX1276Random      sx1276.o
    0x0800b1a0   0x00000014   Code   RO         8074    i.SX1276Read        sx1276.o
    0x0800b1b4   0x00000048   Code   RO         8075    i.SX1276ReadBuffer  sx1276.o
    0x0800b1fc   0x00000012   Code   RO         8076    i.SX1276ReadFifo    sx1276.o
    0x0800b20e   0x00000002   PAD
    0x0800b210   0x00000054   Code   RO         8077    i.SX1276ReadRssi    sx1276.o
    0x0800b264   0x0000003c   Code   RO         8078    i.SX1276Reset       sx1276.o
    0x0800b2a0   0x00000134   Code   RO         8079    i.SX1276Send        sx1276.o
    0x0800b3d4   0x00000038   Code   RO          840    i.SX1276SetAntSw    sx1276-board.o
    0x0800b40c   0x00000024   Code   RO          841    i.SX1276SetAntSwLowPower  sx1276-board.o
    0x0800b430   0x0000004c   Code   RO         8080    i.SX1276SetChannel  sx1276.o
    0x0800b47c   0x00000038   Code   RO         8081    i.SX1276SetMaxPayloadLength  sx1276.o
    0x0800b4b4   0x000000a0   Code   RO         8082    i.SX1276SetModem    sx1276.o
    0x0800b554   0x00000032   Code   RO         8083    i.SX1276SetOpMode   sx1276.o
    0x0800b586   0x00000002   PAD
    0x0800b588   0x0000002c   Code   RO         8084    i.SX1276SetPublicNetwork  sx1276.o
    0x0800b5b4   0x000000c0   Code   RO          842    i.SX1276SetRfTxPower  sx1276-board.o
    0x0800b674   0x0000028c   Code   RO         8085    i.SX1276SetRx       sx1276.o
    0x0800b900   0x00000328   Code   RO         8086    i.SX1276SetRxConfig  sx1276.o
    0x0800bc28   0x0000002c   Code   RO         8087    i.SX1276SetSleep    sx1276.o
    0x0800bc54   0x0000002c   Code   RO         8088    i.SX1276SetStby     sx1276.o
    0x0800bc80   0x000000c0   Code   RO         8089    i.SX1276SetTx       sx1276.o
    0x0800bd40   0x0000026c   Code   RO         8090    i.SX1276SetTxConfig  sx1276.o
    0x0800bfac   0x0000008c   Code   RO         8091    i.SX1276SetTxContinuousWave  sx1276.o
    0x0800c038   0x00000048   Code   RO         8092    i.SX1276StartCad    sx1276.o
    0x0800c080   0x00000010   Code   RO         8093    i.SX1276Write       sx1276.o
    0x0800c090   0x00000044   Code   RO         8094    i.SX1276WriteBuffer  sx1276.o
    0x0800c0d4   0x00000012   Code   RO         8095    i.SX1276WriteFifo   sx1276.o
    0x0800c0e6   0x00000002   PAD
    0x0800c0e8   0x0000018c   Code   RO         5722    i.ScheduleTx        loramac.o
    0x0800c274   0x00000084   Code   RO         5723    i.Send              loramac.o
    0x0800c2f8   0x00000074   Code   RO            8    i.SendFrame         main.o
    0x0800c36c   0x000000d4   Code   RO         5724    i.SendFrameOnChannel  loramac.o
    0x0800c440   0x0000006c   Code   RO         5725    i.SetTxContinuousWave  loramac.o
    0x0800c4ac   0x00000040   Code   RO         5726    i.SetTxContinuousWave1  loramac.o
    0x0800c4ec   0x00000066   Code   RO          785    i.SpiDeInit         spi-board.o
    0x0800c552   0x00000034   Code   RO          786    i.SpiFormat         spi-board.o
    0x0800c586   0x00000002   PAD
    0x0800c588   0x00000050   Code   RO          787    i.SpiFrequency      spi-board.o
    0x0800c5d8   0x00000050   Code   RO          788    i.SpiInOut          spi-board.o
    0x0800c628   0x000001c4   Code   RO          789    i.SpiInit           spi-board.o
    0x0800c7ec   0x0000000c   Code   RO          332    i.SysTick_Handler   board.o
    0x0800c7f8   0x000000b8   Code   RO          333    i.SystemClockConfig  board.o
    0x0800c8b0   0x00000108   Code   RO          334    i.SystemClockReConfig  board.o
    0x0800c9b8   0x00000064   Code   RO         1107    i.SystemInit        system_stm32l1xx.o
    0x0800ca1c   0x00000020   Code   RO         8573    i.TimerExists       timer.o
    0x0800ca3c   0x00000008   Code   RO         8574    i.TimerGetCurrentTime  timer.o
    0x0800ca44   0x0000000c   Code   RO         8575    i.TimerGetElapsedTime  timer.o
    0x0800ca50   0x00000008   Code   RO         8577    i.TimerGetValue     timer.o
    0x0800ca58   0x0000000e   Code   RO         8578    i.TimerInit         timer.o
    0x0800ca66   0x00000002   PAD
    0x0800ca68   0x0000002c   Code   RO         8579    i.TimerInsertNewHeadTimer  timer.o
    0x0800ca94   0x0000006c   Code   RO         8580    i.TimerInsertTimer  timer.o
    0x0800cb00   0x0000008c   Code   RO         8581    i.TimerIrqHandler   timer.o
    0x0800cb8c   0x00000044   Code   RO         8582    i.TimerLowPowerHandler  timer.o
    0x0800cbd0   0x00000020   Code   RO         8584    i.TimerSetTimeout   timer.o
    0x0800cbf0   0x00000012   Code   RO         8585    i.TimerSetValue     timer.o
    0x0800cc02   0x00000002   PAD
    0x0800cc04   0x00000088   Code   RO         8586    i.TimerStart        timer.o
    0x0800cc8c   0x000000ec   Code   RO         8587    i.TimerStop         timer.o
    0x0800cd78   0x00000030   Code   RO         4548    i.UART_EndTransmit_IT  stm32l1xx_hal_uart.o
    0x0800cda8   0x000000bc   Code   RO         4549    i.UART_Receive_IT   stm32l1xx_hal_uart.o
    0x0800ce64   0x00000358   Code   RO         4550    i.UART_SetConfig    stm32l1xx_hal_uart.o
    0x0800d1bc   0x00000070   Code   RO         4551    i.UART_Transmit_IT  stm32l1xx_hal_uart.o
    0x0800d22c   0x00000010   Code   RO          929    i.USART1_IRQHandler  uart-board.o
    0x0800d23c   0x0000001a   Code   RO         5178    i.USBD_CDC_DataIn   usbd_cdc.o
    0x0800d256   0x00000034   Code   RO         5179    i.USBD_CDC_DataOut  usbd_cdc.o
    0x0800d28a   0x00000040   Code   RO         5180    i.USBD_CDC_DeInit   usbd_cdc.o
    0x0800d2ca   0x00000032   Code   RO         5181    i.USBD_CDC_EP0_RxReady  usbd_cdc.o
    0x0800d2fc   0x00000010   Code   RO         5182    i.USBD_CDC_GetDeviceQualifierDescriptor  usbd_cdc.o
    0x0800d30c   0x00000010   Code   RO         5183    i.USBD_CDC_GetFSCfgDesc  usbd_cdc.o
    0x0800d31c   0x00000010   Code   RO         5184    i.USBD_CDC_GetHSCfgDesc  usbd_cdc.o
    0x0800d32c   0x00000010   Code   RO         5185    i.USBD_CDC_GetOtherSpeedCfgDesc  usbd_cdc.o
    0x0800d33c   0x000000a6   Code   RO         5186    i.USBD_CDC_Init     usbd_cdc.o
    0x0800d3e2   0x0000003a   Code   RO         5187    i.USBD_CDC_ReceivePacket  usbd_cdc.o
    0x0800d41c   0x0000000e   Code   RO         5188    i.USBD_CDC_RegisterInterface  usbd_cdc.o
    0x0800d42a   0x0000000e   Code   RO         5189    i.USBD_CDC_SetRxBuffer  usbd_cdc.o
    0x0800d438   0x00000014   Code   RO         5190    i.USBD_CDC_SetTxBuffer  usbd_cdc.o
    0x0800d44c   0x00000090   Code   RO         5191    i.USBD_CDC_Setup    usbd_cdc.o
    0x0800d4dc   0x00000038   Code   RO         5192    i.USBD_CDC_TransmitPacket  usbd_cdc.o
    0x0800d514   0x00000016   Code   RO         5287    i.USBD_ClrClassConfig  usbd_core.o
    0x0800d52a   0x00000044   Code   RO         5425    i.USBD_ClrFeature   usbd_ctlreq.o
    0x0800d56e   0x00000018   Code   RO         5520    i.USBD_CtlContinueRx  usbd_ioreq.o
    0x0800d586   0x00000018   Code   RO         5521    i.USBD_CtlContinueSendData  usbd_ioreq.o
    0x0800d59e   0x00000018   Code   RO         5426    i.USBD_CtlError     usbd_ctlreq.o
    0x0800d5b6   0x00000028   Code   RO         5522    i.USBD_CtlPrepareRx  usbd_ioreq.o
    0x0800d5de   0x0000001a   Code   RO         5523    i.USBD_CtlReceiveStatus  usbd_ioreq.o
    0x0800d5f8   0x00000022   Code   RO         5524    i.USBD_CtlSendData  usbd_ioreq.o
    0x0800d61a   0x0000001a   Code   RO         5525    i.USBD_CtlSendStatus  usbd_ioreq.o
    0x0800d634   0x00000034   Code   RO         1486    i.USBD_FS_ConfigStrDescriptor  usbd_desc.o
    0x0800d668   0x00000010   Code   RO         1487    i.USBD_FS_DeviceDescriptor  usbd_desc.o
    0x0800d678   0x00000038   Code   RO         1488    i.USBD_FS_InterfaceStrDescriptor  usbd_desc.o
    0x0800d6b0   0x00000010   Code   RO         1489    i.USBD_FS_LangIDStrDescriptor  usbd_desc.o
    0x0800d6c0   0x0000002c   Code   RO         1490    i.USBD_FS_ManufacturerStrDescriptor  usbd_desc.o
    0x0800d6ec   0x00000040   Code   RO         1491    i.USBD_FS_ProductStrDescriptor  usbd_desc.o
    0x0800d72c   0x00000038   Code   RO         1492    i.USBD_FS_SerialStrDescriptor  usbd_desc.o
    0x0800d764   0x00000050   Code   RO         5427    i.USBD_GetConfig    usbd_ctlreq.o
    0x0800d7b4   0x00000148   Code   RO         5428    i.USBD_GetDescriptor  usbd_ctlreq.o
    0x0800d8fc   0x00000014   Code   RO         5429    i.USBD_GetLen       usbd_ctlreq.o
    0x0800d910   0x00000044   Code   RO         5430    i.USBD_GetStatus    usbd_ctlreq.o
    0x0800d954   0x00000052   Code   RO         5431    i.USBD_GetString    usbd_ctlreq.o
    0x0800d9a6   0x00000032   Code   RO         5289    i.USBD_Init         usbd_core.o
    0x0800d9d8   0x00000014   Code   RO         1280    i.USBD_LL_ClearStallEP  usbd_conf.o
    0x0800d9ec   0x00000014   Code   RO         1281    i.USBD_LL_CloseEP   usbd_conf.o
    0x0800da00   0x000000da   Code   RO         5290    i.USBD_LL_DataInStage  usbd_core.o
    0x0800dada   0x00000086   Code   RO         5291    i.USBD_LL_DataOutStage  usbd_core.o
    0x0800db60   0x00000012   Code   RO         1285    i.USBD_LL_GetRxDataSize  usbd_conf.o
    0x0800db72   0x00000002   PAD
    0x0800db74   0x00000084   Code   RO         1286    i.USBD_LL_Init      usbd_conf.o
    0x0800dbf8   0x00000038   Code   RO         1287    i.USBD_LL_IsStallEP  usbd_conf.o
    0x0800dc30   0x00000020   Code   RO         1288    i.USBD_LL_OpenEP    usbd_conf.o
    0x0800dc50   0x00000020   Code   RO         1289    i.USBD_LL_PrepareReceive  usbd_conf.o
    0x0800dc70   0x00000044   Code   RO         5296    i.USBD_LL_Reset     usbd_core.o
    0x0800dcb4   0x0000000e   Code   RO         5297    i.USBD_LL_Resume    usbd_core.o
    0x0800dcc2   0x00000022   Code   RO         5298    i.USBD_LL_SOF       usbd_core.o
    0x0800dce4   0x00000008   Code   RO         5299    i.USBD_LL_SetSpeed  usbd_core.o
    0x0800dcec   0x00000014   Code   RO         1290    i.USBD_LL_SetUSBAddress  usbd_conf.o
    0x0800dd00   0x0000006e   Code   RO         5300    i.USBD_LL_SetupStage  usbd_core.o
    0x0800dd6e   0x00000014   Code   RO         1291    i.USBD_LL_StallEP   usbd_conf.o
    0x0800dd82   0x00000010   Code   RO         1292    i.USBD_LL_Start     usbd_conf.o
    0x0800dd92   0x00000014   Code   RO         5301    i.USBD_LL_Suspend   usbd_core.o
    0x0800dda6   0x00000020   Code   RO         1294    i.USBD_LL_Transmit  usbd_conf.o
    0x0800ddc6   0x00000028   Code   RO         5432    i.USBD_ParseSetupRequest  usbd_ctlreq.o
    0x0800ddee   0x00000010   Code   RO         5302    i.USBD_RegisterClass  usbd_core.o
    0x0800ddfe   0x00000006   Code   RO         5303    i.USBD_RunTestMode  usbd_core.o
    0x0800de04   0x00000054   Code   RO         5433    i.USBD_SetAddress   usbd_ctlreq.o
    0x0800de58   0x00000022   Code   RO         5304    i.USBD_SetClassConfig  usbd_core.o
    0x0800de7a   0x00000002   PAD
    0x0800de7c   0x000000e0   Code   RO         5434    i.USBD_SetConfig    usbd_ctlreq.o
    0x0800df5c   0x00000024   Code   RO         5435    i.USBD_SetFeature   usbd_ctlreq.o
    0x0800df80   0x0000000e   Code   RO         5305    i.USBD_Start        usbd_core.o
    0x0800df8e   0x00000072   Code   RO         5436    i.USBD_StdDevReq    usbd_ctlreq.o
    0x0800e000   0x00000156   Code   RO         5437    i.USBD_StdEPReq     usbd_ctlreq.o
    0x0800e156   0x0000004a   Code   RO         5438    i.USBD_StdItfReq    usbd_ctlreq.o
    0x0800e1a0   0x00000002   Code   RO         1295    i.USBD_static_free  usbd_conf.o
    0x0800e1a2   0x00000002   PAD
    0x0800e1a4   0x0000000c   Code   RO         1296    i.USBD_static_malloc  usbd_conf.o
    0x0800e1b0   0x00000010   Code   RO         1002    i.USB_LP_IRQHandler  uart-usb-board.o
    0x0800e1c0   0x00000042   Code   RO         8680    i.UartConfig        uart.o
    0x0800e202   0x00000036   Code   RO         8684    i.UartInit          uart.o
    0x0800e238   0x00000118   Code   RO          930    i.UartMcuConfig     uart-board.o
    0x0800e350   0x00000078   Code   RO          933    i.UartMcuInit       uart-board.o
    0x0800e3c8   0x00000008   Code   RO         1003    i.UartUsbConfig     uart-usb-board.o
    0x0800e3d0   0x00000080   Code   RO         1006    i.UartUsbInit       uart-usb-board.o
    0x0800e450   0x00000012   Code   RO         1008    i.UartUsbPutBuffer  uart-usb-board.o
    0x0800e462   0x00000010   Code   RO         1009    i.UartUsbPutChar    uart-usb-board.o
    0x0800e472   0x00000004   Code   RO         5584    i.UsageFault_Handler  sysirqhandlers.o
    0x0800e476   0x00000002   PAD
    0x0800e478   0x00000064   Code   RO         5727    i.ValidatePayloadLength  loramac.o
    0x0800e4dc   0x00000034   Code   RO         6987    i.VerifyTxFreq      regioneu433.o
    0x0800e510   0x00000020   Code   RO         8980    i.__0printf$5       mc_w.l(printf5.o)
    0x0800e530   0x0000000e   Code   RO         9180    i.__scatterload_copy  mc_w.l(handlers.o)
    0x0800e53e   0x00000002   Code   RO         9181    i.__scatterload_null  mc_w.l(handlers.o)
    0x0800e540   0x0000000e   Code   RO         9182    i.__scatterload_zeroinit  mc_w.l(handlers.o)
    0x0800e54e   0x00000002   PAD
    0x0800e550   0x000002c0   Code   RO         8987    i._printf_core      mc_w.l(printf5.o)
    0x0800e810   0x00000010   Code   RO         8737    i.add_round_key     aes.o
    0x0800e820   0x0000005a   Code   RO         8739    i.aes_encrypt       aes.o
    0x0800e87a   0x00000002   PAD
    0x0800e87c   0x0000013c   Code   RO         8740    i.aes_set_key       aes.o
    0x0800e9b8   0x000000dc   Code   RO         8829    i.ceil              m_ws.l(ceil.o)
    0x0800ea94   0x00000084   Code   RO         8741    i.copy_and_key      aes.o
    0x0800eb18   0x00000042   Code   RO         8742    i.copy_block        aes.o
    0x0800eb5a   0x00000018   Code   RO         8743    i.copy_block_nn     aes.o
    0x0800eb72   0x00000002   PAD
    0x0800eb74   0x000000dc   Code   RO         8833    i.floor             m_ws.l(floor.o)
    0x0800ec50   0x0000001c   Code   RO         1010    i.fputc             uart-usb-board.o
    0x0800ec6c   0x00000170   Code   RO            9    i.main              main.o
    0x0800eddc   0x00000018   Code   RO         5629    i.memcpy1           utilities.o
    0x0800edf4   0x0000001c   Code   RO         5630    i.memcpyr           utilities.o
    0x0800ee10   0x00000014   Code   RO         5631    i.memset1           utilities.o
    0x0800ee24   0x00000284   Code   RO         8744    i.mix_sub_columns   aes.o
    0x0800f0a8   0x00000028   Code   RO         5632    i.rand1             utilities.o
    0x0800f0d0   0x0000001a   Code   RO         5633    i.randr             utilities.o
    0x0800f0ea   0x00000002   PAD
    0x0800f0ec   0x00000094   Code   RO         8836    i.round             m_ws.l(round.o)
    0x0800f180   0x00000070   Code   RO         8745    i.shift_sub_rows    aes.o
    0x0800f1f0   0x0000000c   Code   RO         5634    i.srand1            utilities.o
    0x0800f1fc   0x00000082   Code   RO         8746    i.xor_block         aes.o
    0x0800f27e   0x00000002   PAD
    0x0800f280   0x0000001c   Data   RO           11    .constdata          main.o
    0x0800f29c   0x00000018   Data   RO          679    .constdata          rtc-board.o
    0x0800f2b4   0x0000005c   Data   RO          844    .constdata          sx1276-board.o
    0x0800f310   0x00000021   Data   RO         1108    .constdata          system_stm32l1xx.o
    0x0800f331   0x00000010   Data   RO         5729    .constdata          loramac.o
    0x0800f341   0x00000003   PAD
    0x0800f344   0x0000006c   Data   RO         6989    .constdata          regioneu433.o
    0x0800f3b0   0x000000e0   Data   RO         8097    .constdata          sx1276.o
    0x0800f490   0x00000300   Data   RO         8747    .constdata          aes.o
    0x0800f790   0x00000020   Data   RO         9178    Region$$Table       anon$$obj.o


    Execution Region RW_IRAM1 (Base: 0x20000000, Size: 0x000021a8, Max: 0x00004000, ABSOLUTE, COMPRESSED[0x0000010c])

    Base Addr    Size         Type   Attr      Idx    E Section Name        Object

    0x20000000   0x00000024   Data   RW           12    .data               main.o
    0x20000024   0x00000006   Data   RW          336    .data               board.o
    0x2000002a   0x00000002   PAD
    0x2000002c   0x00000010   Data   RW          680    .data               rtc-board.o
    0x2000003c   0x00000001   Data   RW          845    .data               sx1276-board.o
    0x2000003d   0x00000002   Data   RW          936    .data               uart-board.o
    0x2000003f   0x00000001   PAD
    0x20000040   0x00000004   Data   RW         1109    .data               system_stm32l1xx.o
    0x20000044   0x00000020   Data   RW         1215    .data               usbd_cdc_if.o
    0x20000064   0x00000034   Data   RW         1494    .data               usbd_desc.o
    0x20000098   0x00000004   Data   RW         1572    .data               stm32l1xx_hal.o
    0x2000009c   0x00000110   Data   RW         5193    .data               usbd_cdc.o
    0x200001ac   0x00000001   Data   RW         5439    .data               usbd_ctlreq.o
    0x200001ad   0x00000003   PAD
    0x200001b0   0x00000004   Data   RW         5635    .data               utilities.o
    0x200001b4   0x00000074   Data   RW         5730    .data               loramac.o
    0x20000228   0x00000020   Data   RW         5938    .data               loramaccrypto.o
    0x20000248   0x00000014   Data   RW         6990    .data               regioneu433.o
    0x2000025c   0x0000001c   Data   RW         8098    .data               sx1276.o
    0x20000278   0x00000001   Data   RW         8303    .data               adc.o
    0x20000279   0x00000001   Data   RW         8518    .data               i2c.o
    0x2000027a   0x00000002   PAD
    0x2000027c   0x00000008   Data   RW         8588    .data               timer.o
    0x20000284   0x00000004   Data   RW         9156    .data               mc_w.l(stdout.o)
    0x20000288   0x00000108   Zero   RW           10    .bss                main.o
    0x20000390   0x00000054   Zero   RW          269    .bss                adc-board.o
    0x200003e4   0x0000022c   Zero   RW          335    .bss                board.o
    0x20000610   0x00000040   Zero   RW          504    .bss                gpio-board.o
    0x20000650   0x00000034   Zero   RW          678    .bss                rtc-board.o
    0x20000684   0x00000024   Zero   RW          843    .bss                sx1276-board.o
    0x200006a8   0x00000040   Zero   RW          935    .bss                uart-board.o
    0x200006e8   0x00000224   Zero   RW         1011    .bss                uart-usb-board.o
    0x2000090c   0x00000480   Zero   RW         1214    .bss                usbd_cdc_if.o
    0x20000d8c   0x00000440   Zero   RW         1297    .bss                usbd_conf.o
    0x200011cc   0x00000200   Zero   RW         1493    .bss                usbd_desc.o
    0x200013cc   0x00000470   Zero   RW         5728    .bss                loramac.o
    0x2000183c   0x0000022c   Zero   RW         5937    .bss                loramaccrypto.o
    0x20001a68   0x000000c0   Zero   RW         6988    .bss                regioneu433.o
    0x20001b28   0x0000027c   Zero   RW         8096    .bss                sx1276.o
    0x20001da4   0x00000004   PAD
    0x20001da8   0x00000400   Zero   RW         1096    STACK               startup_stm32l151xb.o


==============================================================================

Image component sizes


      Code (inc. data)   RO Data    RW Data    ZI Data      Debug   Object Name

       408         30          0          0         84       3796   adc-board.o
        80         12          0          1          0       2147   adc.o
      1530         22        768          0          0      14020   aes.o
      1138        112          0          6        556       8164   board.o
       726          0          0          0          0       3737   cmac.o
        12          0          0          0          0        490   delay.o
         0          0          0          0          0        580   eeprom-board.o
       130          0          0          0          0       3507   fifo.o
       968         52          0          0         64       8237   gpio-board.o
       140          0          0          0          0       2821   gpio.o
       228         14          0          0          0       2020   i2c-board.o
        60         10          0          1          0       1130   i2c.o
     10734       1386         16        116       1136      39533   loramac.o
       716         44          0         32        556       6699   loramaccrypto.o
       960        264         28         36        264     425352   main.o
       604          0          0          0          0      29100   region.o
         0          0          0          0          0       1080   regionas923.o
      1462         24          0          0          0      12668   regioncommon.o
      3712        424        108         20        192      21556   regioneu433.o
      1998        194         24         16         52      11869   rtc-board.o
       766         24          0          0          0       4024   spi-board.o
        36          8        244          0       1024        864   startup_stm32l151xb.o
       116         14          0          4          0       3867   stm32l1xx_hal.o
      1792         58          0          0          0       8351   stm32l1xx_hal_adc.o
       348         22          0          0          0      29845   stm32l1xx_hal_cortex.o
       520         38          0          0          0       3710   stm32l1xx_hal_gpio.o
       374         12          0          0          0       2669   stm32l1xx_hal_i2c.o
         2          0          0          0          0        530   stm32l1xx_hal_msp_template.o
      5466          0          0          0          0      14289   stm32l1xx_hal_pcd.o
        68          0          0          0          0       1262   stm32l1xx_hal_pcd_ex.o
        88         14          0          0          0       1177   stm32l1xx_hal_pwr.o
        64         14          0          0          0       1693   stm32l1xx_hal_pwr_ex.o
      3684        100          0          0          0       7228   stm32l1xx_hal_rcc.o
       468         14          0          0          0       1520   stm32l1xx_hal_rcc_ex.o
      1286         24          0          0          0       8551   stm32l1xx_hal_rtc.o
       954         10          0          0          0       5398   stm32l1xx_hal_rtc_ex.o
        52          0          0          0          0       2267   stm32l1xx_hal_spi.o
       124          0          0          0          0       1139   stm32l1xx_hal_spi_ex.o
      1778          6          0          0          0       7178   stm32l1xx_hal_uart.o
       782         42         92          1         36       9842   sx1276-board.o
      6962        364        224         28        636      24734   sx1276.o
        16          0          0          0          0       2353   sysirqhandlers.o
       100         18         33          4          0     135167   system_stm32l1xx.o
       856         44          0          8          0       8253   timer.o
       568         58          0          2         64       4686   uart-board.o
       214         30          0          0        548       6606   uart-usb-board.o
       120          0          0          0          0       1864   uart.o
       728         30          0        272          0      13134   usbd_cdc.o
       432         46          0         32       1152       4820   usbd_cdc_if.o
       704         36          0          0       1088      19389   usbd_conf.o
       748          0          0          0          0      10075   usbd_core.o
      1584         30          0          1          0      10732   usbd_ctlreq.o
       304        128          0         52        512       5863   usbd_desc.o
       174          0          0          0          0       4668   usbd_ioreq.o
       150         14          0          4          0       3967   utilities.o

    ----------------------------------------------------------------------
     58098       3786       1572        644       7968     970221   Object Totals
         0          0         32          0          0          0   (incl. Generated)
        64          0          3          8          4          0   (incl. Padding)

    ----------------------------------------------------------------------

      Code (inc. data)   RO Data    RW Data    ZI Data      Debug   Library Member Name

       220         16          0          0          0         84   ceil.o
       220         16          0          0          0         84   floor.o
       148         12          0          0          0         88   round.o
        86          0          0          0          0          0   __dczerorl2.o
         0          0          0          0          0          0   entry.o
         0          0          0          0          0          0   entry10a.o
         0          0          0          0          0          0   entry11a.o
         8          4          0          0          0          0   entry2.o
         4          0          0          0          0          0   entry5.o
         0          0          0          0          0          0   entry7b.o
         0          0          0          0          0          0   entry8b.o
         8          4          0          0          0          0   entry9a.o
        30          0          0          0          0          0   handlers.o
        36          8          0          0          0         68   init.o
         0          0          0          0          0          0   iusefp.o
        30          0          0          0          0         68   llshl.o
        36          0          0          0          0         68   llsshr.o
        32          0          0          0          0         68   llushr.o
        36          0          0          0          0         68   memcpya.o
        36          0          0          0          0        108   memseta.o
       736         56          0          0          0        184   printf5.o
         0          0          0          4          0          0   stdout.o
        98          0          0          0          0         92   uldiv.o
        48          0          0          0          0         68   cdcmple.o
        48          0          0          0          0         68   cdrcmple.o
       334          0          0          0          0        148   dadd.o
       222          0          0          0          0        100   ddiv.o
       186          0          0          0          0        176   depilogue.o
        62          0          0          0          0         80   dfixi.o
        50          0          0          0          0         76   dfixui.o
        34          0          0          0          0         76   dflti.o
        26          0          0          0          0         76   dfltui.o
       228          0          0          0          0         96   dmul.o
       136          4          0          0          0         92   drnd.o
        38          0          0          0          0         68   f2d.o
       176          0          0          0          0        140   fadd.o
       124          0          0          0          0         88   fdiv.o
       110          0          0          0          0        168   fepilogue.o
        40          0          0          0          0         68   ffixui.o
        10          0          0          0          0         68   ffltui.o
       100          0          0          0          0         76   fmul.o

    ----------------------------------------------------------------------
      3738        120          0          4          0       2712   Library Totals
         2          0          0          0          0          0   (incl. Padding)

    ----------------------------------------------------------------------

      Code (inc. data)   RO Data    RW Data    ZI Data      Debug   Library Name

       588         44          0          0          0        256   m_ws.l
      1176         72          0          4          0        724   mc_w.l
      1972          4          0          0          0       1732   mf_w.l

    ----------------------------------------------------------------------
      3738        120          0          4          0       2712   Library Totals

    ----------------------------------------------------------------------

==============================================================================


      Code (inc. data)   RO Data    RW Data    ZI Data      Debug   

     61836       3906       1572        648       7968     948933   Grand Totals
     61836       3906       1572        268       7968     948933   ELF Image Totals (compressed)
     61836       3906       1572        268          0          0   ROM Totals

==============================================================================

    Total RO  Size (Code + RO Data)                63408 (  61.92kB)
    Total RW  Size (RW Data + ZI Data)              8616 (   8.41kB)
    Total ROM Size (Code + RO Data + RW Data)      63676 (  62.18kB)

==============================================================================

